Script started on 2026-07-13 09:34:51+00:00 [TERM="screen.xterm-256color" TTY="/dev/pts/0" COLUMNS="109" LINES="41"]
root@eltex-practice2-v11:~# git -
usage: git [-v | --version] [-h | --help] [-C <path>] [-c <name>=<value>]
           [--exec-path[=<path>]] [--html-path] [--man-path] [--info-path]
           [-p | --paginate | -P | --no-pager] [--no-replace-objects] [--bare]
           [--git-dir=<path>] [--work-tree=<path>] [--namespace=<name>]
           [--config-env=<name>=<envvar>] <command> [<args>]

These are common Git commands used in various situations:

start a working area (see also: git help tutorial)
   clone     Clone a repository into a new directory
   init      Create an empty Git repository or reinitialize an existing one

work on the current change (see also: git help everyday)
   add       Add file contents to the index
   mv        Move or rename a file, a directory, or a symlink
   restore   Restore working tree files
   rm        Remove files from the working tree and from the index

examine the history and state (see also: git help revisions)
   bisect    Use binary search to find the commit that introduced a bug
   diff      Show changes between commits, commit and working tree, etc
   grep      Print lines matching a pattern
   log       Show commit logs
   show      Show various types of objects
   status    Show the working tree status

grow, mark and tweak your common history
   branch    List, create, or delete branches
   commit    Record changes to the repository
   merge     Join two or more development histories together
   rebase    Reapply commits on top of another base tip
   reset     Reset current HEAD to the specified state
   switch    Switch branches
   tag       Create, list, delete or verify a tag object signed with GPG

collaborate (see also: git help workflows)
   fetch     Download objects and refs from another repository
   pull      Fetch from and integrate with another repository or a local branch
   push      Update remote refs along with associated objects

'git help -a' and 'git help -g' list available subcommands and some
concept guides. See 'git help <command>' or 'git help <concept>'
to read about a specific subcommand or concept.
See 'git help git' for an overview of the system.
root@eltex-practice2-v11:~# gh
Command 'gh' not found, but can be installed with:
snap install gh  # version 2.86.0-112-gc30647b78, or
apt  install gh  # version 2.45.0-1ubuntu0.3
See 'snap info gh' for additional versions.
root@eltex-practice2-v11:~# apt apdate
E: Invalid operation apdate
root@eltex-practice2-v11:~# apt apdapdatupdat
0% [Working]            Hit:1 http://security.ubuntu.com/ubuntu noble-security InRelease
0% [Waiting for headers]0% [Waiting for headers]                        Hit:2 http://ru.archive.ubuntu.com/ubuntu noble InRelease
                        0% [Working]0% [Waiting for headers]                        Hit:3 http://ru.archive.ubuntu.com/ubuntu noble-updates InRelease
                        0% [Working]0% [Waiting for headers]                        Hit:4 http://ru.archive.ubuntu.com/ubuntu noble-backports InRelease
                        0% [Working]20% [Working]             Reading package lists... 0%Reading package lists... 0%Reading package lists... 0%Reading package lists... 3%Reading package lists... 3%Reading package lists... 5%Reading package lists... 5%Reading package lists... 5%Reading package lists... 5%Reading package lists... 6%Reading package lists... 6%Reading package lists... 45%Reading package lists... 45%Reading package lists... 63%Reading package lists... 63%Reading package lists... 63%Reading package lists... 63%Reading package lists... 64%Reading package lists... 64%Reading package lists... 67%Reading package lists... 67%Reading package lists... 69%Reading package lists... 69%Reading package lists... 73%Reading package lists... 73%Reading package lists... 75%Reading package lists... 75%Reading package lists... 81%Reading package lists... 81%Reading package lists... 83%Reading package lists... 83%Reading package lists... 83%Reading package lists... 83%Reading package lists... 83%Reading package lists... 83%Reading package lists... 83%Reading package lists... 83%Reading package lists... 83%Reading package lists... 83%Reading package lists... 83%Reading package lists... 83%Reading package lists... 83%Reading package lists... 83%Reading package lists... 83%Reading package lists... 83%Reading package lists... 83%Reading package lists... 83%Reading package lists... 86%Reading package lists... 86%Reading package lists... 87%Reading package lists... 87%Reading package lists... 91%Reading package lists... 91%Reading package lists... 94%Reading package lists... 94%Reading package lists... 98%Reading package lists... 98%Reading package lists... 99%Reading package lists... 99%Reading package lists... 99%Reading package lists... 99%Reading package lists... 99%Reading package lists... 99%Reading package lists... Done
Building dependency tree... 0%Building dependency tree... 0%Building dependency tree... 0%Building dependency tree... 50%Building dependency tree... 50%Building dependency tree... Done
Reading state information... 0% Reading state information... 0%Reading state information... Done
81 packages can be upgraded. Run 'apt list --upgradable' to see them.
root@eltex-practice2-v11:~# apt install git gh
Reading package lists... 0%Reading package lists... 100%Reading package lists... Done
Building dependency tree... 0%Building dependency tree... 0%Building dependency tree... 50%Building dependency tree... 50%Building dependency tree... Done
Reading state information... 0% Reading state information... 0%Reading state information... Done
git is already the newest version (1:2.43.0-1ubuntu7.3).
git set to manually installed.
The following NEW packages will be installed:
  gh
0 upgraded, 1 newly installed, 0 to remove and 81 not upgraded.
Need to get 8,836 kB of archives.
After this operation, 45.4 MB of additional disk space will be used.
Do you want to continue? [Y/n] y
0% [Working]            Get:1 http://ru.archive.ubuntu.com/ubuntu noble-updates/universe amd64 gh amd64 2.45.0-1ubuntu0.3 [8,836 kB]
0% [1 gh 11.8 kB/8,836 kB 0%]47% [1 gh 5,159 kB/8,836 kB 58%]                                100% [Working]              Fetched 8,836 kB in 1s (11.3 MB/s)

78Selecting previously unselected package gh.
(Reading database ... (Reading database ... 5%(Reading database ... 10%(Reading database ... 15%(Reading database ... 20%(Reading database ... 25%(Reading database ... 30%(Reading database ... 35%(Reading database ... 40%(Reading database ... 45%(Reading database ... 50%(Reading database ... 55%(Reading database ... 60%(Reading database ... 65%(Reading database ... 70%(Reading database ... 75%(Reading database ... 80%(Reading database ... 85%(Reading database ... 90%(Reading database ... 95%(Reading database ... 100%(Reading database ... 125686 files and directories currently installed.)
Preparing to unpack .../gh_2.45.0-1ubuntu0.3_amd64.deb ...
7Progress: [  0%] [.......................................................................................] 87Progress: [ 20%] [#################......................................................................] 8Unpacking gh (2.45.0-1ubuntu0.3) ...
7Progress: [ 40%] [##################################.....................................................] 8Setting up gh (2.45.0-1ubuntu0.3) ...
7Progress: [ 60%] [####################################################...................................] 87Progress: [ 80%] [#####################################################################..................] 8Processing triggers for man-db (2.12.0-4build2) ...

78Scanning processes... [                                                                                     ]Scanning processes... [                                                                                     ]Scanning processes... [=                                                                                    ]Scanning processes... [==                                                                                   ]Scanning processes... [==                                                                                   ]Scanning processes... [===                                                                                  ]Scanning processes... [====                                                                                 ]Scanning processes... [=====                                                                                ]Scanning processes... [=====                                                                                ]Scanning processes... [======                                                                               ]Scanning processes... [=======                                                                              ]Scanning processes... [========                                                                             ]Scanning processes... [========                                                                             ]Scanning processes... [=========                                                                            ]Scanning processes... [==========                                                                           ]Scanning processes... [===========                                                                          ]Scanning processes... [===========                                                                          ]Scanning processes... [============                                                                         ]Scanning processes... [=============                                                                        ]Scanning processes... [==============                                                                       ]Scanning processes... [==============                                                                       ]Scanning processes... [===============                                                                      ]Scanning processes... [================                                                                     ]Scanning processes... [=================                                                                    ]Scanning processes... [=================                                                                    ]Scanning processes... [==================                                                                   ]Scanning processes... [===================                                                                  ]Scanning processes... [===================                                                                  ]Scanning processes... [====================                                                                 ]Scanning processes... [=====================                                                                ]Scanning processes... [======================                                                               ]Scanning processes... [======================                                                               ]Scanning processes... [=======================                                                              ]Scanning processes... [========================                                                             ]Scanning processes... [=========================                                                            ]Scanning processes... [=========================                                                            ]Scanning processes... [==========================                                                           ]Scanning processes... [===========================                                                          ]Scanning processes... [============================                                                         ]Scanning processes... [============================                                                         ]Scanning processes... [=============================                                                        ]Scanning processes... [==============================                                                       ]Scanning processes... [===============================                                                      ]Scanning processes... [===============================                                                      ]Scanning processes... [================================                                                     ]Scanning processes... [=================================                                                    ]Scanning processes... [==================================                                                   ]Scanning processes... [==================================                                                   ]Scanning processes... [===================================                                                  ]Scanning processes... [====================================                                                 ]Scanning processes... [====================================                                                 ]Scanning processes... [=====================================                                                ]Scanning processes... [======================================                                               ]Scanning processes... [=======================================                                              ]Scanning processes... [=======================================                                              ]Scanning processes... [========================================                                             ]Scanning processes... [=========================================                                            ]Scanning processes... [==========================================                                           ]Scanning processes... [==========================================                                           ]Scanning processes... [===========================================                                          ]Scanning processes... [============================================                                         ]Scanning processes... [=============================================                                        ]Scanning processes... [=============================================                                        ]Scanning processes... [==============================================                                       ]Scanning processes... [===============================================                                      ]Scanning processes... [================================================                                     ]Scanning processes... [================================================                                     ]Scanning processes... [=================================================                                    ]Scanning processes... [==================================================                                   ]Scanning processes... [===================================================                                  ]Scanning processes... [===================================================                                  ]Scanning processes... [====================================================                                 ]Scanning processes... [=====================================================                                ]Scanning processes... [=====================================================                                ]Scanning processes... [======================================================                               ]Scanning processes... [=======================================================                              ]Scanning processes... [========================================================                             ]Scanning processes... [========================================================                             ]Scanning processes... [=========================================================                            ]Scanning processes... [==========================================================                           ]Scanning processes... [===========================================================                          ]Scanning processes... [===========================================================                          ]Scanning processes... [============================================================                         ]Scanning processes... [=============================================================                        ]Scanning processes... [==============================================================                       ]Scanning processes... [==============================================================                       ]Scanning processes... [===============================================================                      ]Scanning processes... [================================================================                     ]Scanning processes... [=================================================================                    ]Scanning processes... [=================================================================                    ]Scanning processes... [==================================================================                   ]Scanning processes... [===================================================================                  ]Scanning processes... [====================================================================                 ]Scanning processes... [====================================================================                 ]Scanning processes... [=====================================================================                ]Scanning processes... [======================================================================               ]Scanning processes... [======================================================================               ]Scanning processes... [=======================================================================              ]Scanning processes... [========================================================================             ]Scanning processes... [=========================================================================            ]Scanning processes... [=========================================================================            ]Scanning processes... [==========================================================================           ]Scanning processes... [===========================================================================          ]Scanning processes... [============================================================================         ]Scanning processes... [============================================================================         ]Scanning processes... [=============================================================================        ]Scanning processes... [==============================================================================       ]Scanning processes... [===============================================================================      ]Scanning processes... [===============================================================================      ]Scanning processes... [================================================================================     ]Scanning processes... [=================================================================================    ]Scanning processes... [==================================================================================   ]Scanning processes... [==================================================================================   ]Scanning processes... [===================================================================================  ]Scanning processes... [==================================================================================== ]Scanning processes... [=====================================================================================]Scanning processes...                                                                                        
Scanning linux images... [                                                                                  ]Scanning linux images... [====================                                                              ]Scanning linux images... [=========================================                                         ]Scanning linux images... [=============================================================                     ]Scanning linux images... [==================================================================================]Scanning linux images...                                                                                     

Running kernel seems to be up-to-date.

No services need to be restarted.

No containers need to be restarted.

No user sessions are running outdated binaries.

No VM guests are running outdated hypervisor (qemu) binaries on this host.
root@eltex-practice2-v11:~# clear
root@eltex-practice2-v11:~# gh --version
gh version 2.45.0 (2025-07-18 Ubuntu 2.45.0-1ubuntu0.3)
https://github.com/cli/cli/releases/tag/v2.45.0
root@eltex-practice2-v11:~# git --version
git version 2.43.0
root@eltex-practice2-v11:~# git --confconfig --global user.name ą"Sergius_GerasimSergius_Gerasim"
root@eltex-practice2-v11:~# git config --global user.email "se.gerasimov.m@gmail.cose.gerasimov.m@gmail.com"
root@eltex-practice2-v11:~# git config --global init.defaultBranch main
root@eltex-practice2-v11:~# git config --global --list
=user.name=Sergius_Gerasim
user.email=se.gerasimov.m@gmail.com
init.defaultbranch=main
>root@eltex-practice2-v11:~# ą┤čŗą┤čŗls -la ~/.shh
ls: cannot access '/root/.shh': No such file or directory
root@eltex-practice2-v11:~# mkdir -p ~/.shh
root@eltex-practice2-v11:~# chmod 700 ~/.schmod 700 ~/.ssh
root@eltex-practice2-v11:~# ssh-keygen -t ed25519 -C "se.gerasimof ~/.ssh/eltex-v11_chmod 700 ~/.sssh-keygen -t ed25519 -f ~/.ssh/eltex-v11_Sergius_GerasimSergius_Gerasim
Generating public/private ed25519 key pair.
Enter passphrase (empty for no passphrase): 
Enter same passphrase again: 
Your identification has been saved in /root/.ssh/eltex-v11_Sergius_Gerasim
Your public key has been saved in /root/.ssh/eltex-v11_Sergius_Gerasim.pub
The key fingerprint is:
SHA256:YmDNtkGPIscbB08q0kYuaKv+y6G+no8x4xZVC8AuAgg root@eltex-practice2-v11
The key's randomart image is:
+--[ED25519 256]--+
|E.o . o          |
|+= o X o         |
|*.* @ X .        |
|+=.* O o         |
|o.. . + S        |
|..   . .         |
|.+..             |
|o.O .            |
|+X+=.            |
+----[SHA256]-----+
root@eltex-practice2-v11:~# ~/.ssh/ivanov.pu~/.ssh/ivanov.pub
bash: /root/.ssh/ivanov.pub: No such file or directory
root@eltex-practice2-v11:~# cat ~/.ssh/ivanov.pub~/.ssh/ivanov.pu~/.ssh/ivanov.pe/lsls ~/.shh
root@eltex-practice2-v11:~# ls ~/.shh/
root@eltex-practice2-v11:~# ls ~/.shh-~/.shhl~/.shh ~/.shh
total 0
root@eltex-practice2-v11:~# ls -l ~/.shhls -la ~/.ssls -la ~/.ssh
total 20
drwx------  2 root root 4096 Jul 13 09:45 .
drwx------ 11 root root 4096 Jul 13 09:43 ..
-rw-------  1 root root  581 Jul 10 04:54 authorized_keys
-rw-------  1 root root  419 Jul 13 09:45 eltex-v11_Sergius_Gerasim
-rw-r--r--  1 root root  106 Jul 13 09:45 eltex-v11_Sergius_Gerasim.pub
root@eltex-practice2-v11:~# čüčäącat ~/.ssh/eltex-v11_Sergius_Gerasim.pub
ssh-ed25519 AAAAC3NzaC1lZDI1NTE5AAAAILZzTu4tdztmuJlWUsLpg3gXsNRLGzw8d21/p61p4O7t root@eltex-practice2-v11
root@eltex-practice2-v11:~# gh auth login
78? What account do you want to log into?  [Use arrows to move, type to filter]
> GitHub.com
  GitHub Enterprise Server
788? What account do you want to log into? GitHub.com
78? What is your preferred protocol for Git operations on this host?  [Use arrows to move, type to filter]
> HTTPS
  SSH
78? What is your preferred protocol for Git operations on this host?  [Use arrows to move, type to filter]
  HTTPS
> SSH
788? What is your preferred protocol for Git operations on this host? SSH
78? Upload your SSH public key to your GitHub account?  [Use arrows to move, type to filter]
> /root/.ssh/eltex-v11_Sergius_Gerasim.pub
  Skip
788? Upload your SSH public key to your GitHub account? /root/.ssh/eltex-v11_Sergius_Gerasim.pub
? Title for your SSH key: (GitHub CLI) 78eltex-practice2-pgX-vY? Title for your SSH key: eltex-practice2-pgX-vY
78? How would you like to authenticate GitHub CLI?  [Use arrows to move, type to filter]
> Login with a web browser
  Paste an authentication token
788? How would you like to authenticate GitHub CLI? Login with a web browser

! First copy your one-time code: 851E-6286
Press Enter to open github.com in your browser... ^[[B^[[B^[[B^[[A^[[A
! Failed opening a web browser at https://github.com/login/device
  exec: "xdg-open,x-www-browser,www-browser,wslview": executable file not found in $PATH
  Please try entering the URL in your browser manually
Ō£ō Authentication complete.
- gh config set -h github.com git_protocol ssh
Ō£ō Configured git protocol
! Authentication credentials saved in plain text
Ō£ō Uploaded the SSH key to your GitHub account: /root/.ssh/eltex-v11_Sergius_Gerasim.pub
Ō£ō Logged in as SergiusGerasim
root@eltex-practice2-v11:~# git status
fatal: not a git repository (or any of the parent directories): .git
root@eltex-practice2-v11:~# gh auth setup-git --hostname github.comgh auth setup-git --hostname github.com
root@eltex-practice2-v11:~# gh auth statgh auth status
github.com
  Ō£ō Logged in to github.com account SergiusGerasim (/root/.config/gh/hosts.yml)
  - Active account: true
  - Git operations protocol: ssh
  - Token: gho_************************************
  - Token scopes: 'admin:public_key', 'gist', 'read:org', 'repo'
root@eltex-practice2-v11:~# exit
exit

Script done on 2026-07-13 09:54:31+00:00 [COMMAND_EXIT_CODE="0"]
Script started on 2026-07-14 09:41:39+00:00 [TERM="screen.xterm-256color" TTY="/dev/pts/0" COLUMNS="258" LINES="76"]
root@eltex-practice2-v11:~# gh auth status
github.com
  Ō£ō Logged in to github.com account SergiusGerasim (/root/.config/gh/hosts.yml)
  - Active account: true
  - Git operations protocol: ssh
  - Token: gho_************************************
  - Token scopes: 'admin:public_key', 'gist', 'read:org', 'repo'
root@eltex-practice2-v11:~# gh repo create --public eltex_education_2026
Ō£ō Created repository SergiusGerasim/eltex_education_2026 on GitHub
  https://github.com/SergiusGerasim/eltex_education_2026
root@eltex-practice2-v11:~# mkdir ~/eltex_educcation_2026 && cd ~/eltex_education_2026
bash: cd: /root/eltex_education_2026: No such file or directory
root@eltex-practice2-v11:~# ls
eltex_educcation_2026  etc_backup       etc_backup_bzip2  etc_backup.tar     etc_backup.tar.bz2  practice2_eltex-v11_part1_clean.log  practice2_eltex-v11_part2_clean.log  practice2_eltex-v11_part3.log
etc_back_7zip          etc_backup_7zip  etc_backup_gzip   etc_backup.tar.7z  etc_backup.tar.gz   practice2_eltex-v11_part1.log        practice2_eltex-v11_part2.log
root@eltex-practice2-v11:~# mv eltex_educcation_2026 eltex_educcation_202ation_202
root@eltex-practice2-v11:~# ls
eltex_education_2026  etc_backup       etc_backup_bzip2  etc_backup.tar     etc_backup.tar.bz2  practice2_eltex-v11_part1_clean.log  practice2_eltex-v11_part2_clean.log  practice2_eltex-v11_part3.log
etc_back_7zip         etc_backup_7zip  etc_backup_gzip   etc_backup.tar.7z  etc_backup.tar.gz   practice2_eltex-v11_part1.log        practice2_eltex-v11_part2.log
root@eltex-practice2-v11:~# cd eltex_education_2026
root@eltex-practice2-v11:~/eltex_education_2026# echoecho "# ąĪąĖčüčéąĄą╝ąĮąŠąĄ ą┐čĆąŠą│čĆą░ą╝ą╝ąĖčĆąŠą▓ą░ąĮąĖąĄ ą▓ ą╗ąĖąĮčāą║čü.Elte Elte ededąŁčéąĄą║čü ąŠąŠą▒čćąĄąĮąĖąą▒čāčćąĄąĮąĖąąą╗ ą«ą«>> README.md
root@eltex-practice2-v11:~/eltex_education_2026# cat README.md 
# ąĪąĖčüčéąĄą╝ąĮąŠąĄ ą┐čĆąŠą│čĆą░ą╝ą╝ąĖčĆąŠą▓ą░ąĮąĖąĄ ą▓ ą╗ąĖąĮčāą║čü. ąŁą╗čéąĄą║čü ąŠą▒čāčćąĄąĮąĖąĄ
root@eltex-practice2-v11:~/eltex_education_2026# git init
Initialized empty Git repository in /root/eltex_education_2026/.git/
root@eltex-practice2-v11:~/eltex_education_2026# git add README.md 
root@eltex-practice2-v11:~/eltex_education_2026# git commit -m -m"firtsst commit"
[main (root-commit) 1f22bdb] first commit
 1 file changed, 1 insertion(+)
 create mode 100644 README.md
root@eltex-practice2-v11:~/eltex_education_2026# git branch -M main
root@eltex-practice2-v11:~/eltex_education_2026# git remote sdadd origin https;https://github.com/SergiusGerasim/eltex_education_2026.gihttps://github.com/SergiusGerasim/eltex_education_2026.git
root@eltex-practice2-v11:~/eltex_education_2026# git status
On branch main
nothing to commit, working tree clean
root@eltex-practice2-v11:~/eltex_education_2026# git push -u origin main
Enumerating objects: 3, done.
Counting objects:  33% (1/3)Counting objects:  66% (2/3)Counting objects: 100% (3/3)Counting objects: 100% (3/3), done.
Delta compression using up to 2 threads
Compressing objects:  50% (1/2)Compressing objects: 100% (2/2)Compressing objects: 100% (2/2), done.
Writing objects:  33% (1/3)Writing objects:  66% (2/3)Writing objects: 100% (3/3)Writing objects: 100% (3/3), 298 bytes | 298.00 KiB/s, done.
Total 3 (delta 0), reused 0 (delta 0), pack-reused 0
To https://github.com/SergiusGerasim/eltex_education_2026.git
 * [new branch]      main -> main
branch 'main' set up to track 'origin/main'.
root@eltex-practice2-v11:~/eltex_education_2026# mkdir -p module1/task1
root@eltex-practice2-v11:~/eltex_education_2026# mkdir module1/task2
root@eltex-practice2-v11:~/eltex_education_2026# mkdir module1/task3
root@eltex-practice2-v11:~/eltex_education_2026# 
root@eltex-practice2-v11:~/eltex_education_2026# scp eltex-v11@217.71.138.1@217.71.138.1:ą~/elreport_part1.txt module/task1/
kex_exchange_identification: read: Connection reset by peer
Connection reset by 217.71.138.1 port 22
scp: Connection closed
root@eltex-practice2-v11:~/eltex_education_2026# ls -l modelwule1/task1
total 0
root@eltex-practice2-v11:~/eltex_education_2026# čāčćčłexit
exit

Script done on 2026-07-14 10:03:24+00:00 [COMMAND_EXIT_CODE="0"]
Script started on 2026-07-14 10:07:51+00:00 [TERM="screen.xterm-256color" TTY="/dev/pts/0" COLUMNS="258" LINES="76"]
root@eltex-practice2-v11:~# cd 
.bash_history                        etc_back_7zip/                       etc_backup.tar                       .lesshst                             practice2_eltex-v11_part2.log        .viminfo
.bashrc                              etc_backup/                          etc_backup.tar.7z                    .local/                              practice2_eltex-v11_part3.log        
.cache/                              etc_backup_7zip/                     etc_backup.tar.bz2                   practice2_eltex-v11_part1_clean.log  .profile                             
.config/                             etc_backup_bzip2/                    etc_backup.tar.gz                    practice2_eltex-v11_part1.log        .shh/                                
eltex_education_2026/                etc_backup_gzip/                     .gitconfig                           practice2_eltex-v11_part2_clean.log  .ssh/                                
root@eltex-practice2-v11:~# cd eltex_education_2026/
root@eltex-practice2-v11:~/eltex_education_2026# cdls -l module1/
total 12
drwxr-xr-x 2 root root 4096 Jul 14 10:06 task1
drwxr-xr-x 2 root root 4096 Jul 14 10:06 task2
drwxr-xr-x 2 root root 4096 Jul 14 10:07 task3
root@eltex-practice2-v11:~/eltex_education_2026# ls -l module1r module1
total 12
drwxr-xr-x 2 root root 4096 Jul 14 10:07 task3
drwxr-xr-x 2 root root 4096 Jul 14 10:06 task2
drwxr-xr-x 2 root root 4096 Jul 14 10:06 task1
root@eltex-practice2-v11:~/eltex_education_2026# ls -lr module module module1ąÜ module module1R module1
module1/:
task1  task2  task3

module1/task1:
report_part1.txt

module1/task2:
eltex-v11_part.log

module1/task3:
eltex-v11_part3_gt20M.log  eltex-v11_part3.log
root@eltex-practice2-v11:~/eltex_education_2026# figit status
On branch main
Your branch is up to date with 'origin/main'.

Untracked files:
  (use "git add <file>..." to include in what will be committed)
	module1/

nothing added to commit but untracked files present (use "git add" to track)
root@eltex-practice2-v11:~/eltex_education_2026# git assdd .
root@eltex-practice2-v11:~/eltex_education_2026# git add status
On branch main
Your branch is up to date with 'origin/main'.

Changes to be committed:
  (use "git restore --staged <file>..." to unstage)
	new file:   module1/task1/report_part1.txt
	new file:   module1/task2/eltex-v11_part.log
	new file:   module1/task3/eltex-v11_part3.log
	new file:   module1/task3/eltex-v11_part3_gt20M.log

root@eltex-practice2-v11:~/eltex_education_2026# git commit -m "git restore --staged git restore --staged .
root@eltex-practice2-v11:~/eltex_education_2026# git restore --stagedstatus
On branch main
Your branch is up to date with 'origin/main'.

Untracked files:
  (use "git add <file>..." to include in what will be committed)
	module1/

nothing added to commit but untracked files present (use "git add" to track)
root@eltex-practice2-v11:~/eltex_education_2026# mv module1/task2/eltex-v11_part.log module1/task1/
root@eltex-practice2-v11:~/eltex_education_2026# mv module1/task2/eltex-v11_part.log module1/task1 module1/task module1/task module1/task module1/task module1/task module1/task module1/task module1/task module1/task module1/task module1/task module1/task module1/task module1/task module1/task module1/task module1/task module1/task module1/task module1/task13 module1/task1. module1/task1 module1/task1. module1/task module1/task1, module1/task module1/task1\ module1/task module1/task1? module1/task module1/task1/ module1/task1eltex-v11_part3 module1/task1. module1/task1log module1/task1
root@eltex-practice2-v11:~/eltex_education_2026# mv module1/task3/eltex-v11_part3.log module1/task module1/task module1/task module1/task module1/task1_ module1/task1gt20M.log module1/task1
root@eltex-practice2-v11:~/eltex_education_2026# mv module1/task3/eltex-v11_part3_gt20M.log module1/task12/eltex-v11_pagit statrestore --stagedstatadd statls -R module1/
module1/:
task1  task2  task3

module1/task1:
eltex-v11_part3_gt20M.log  eltex-v11_part3.log  eltex-v11_part.log  report_part1.txt

module1/task2:

module1/task3:
root@eltex-practice2-v11:~/eltex_education_2026# git add .
root@eltex-practice2-v11:~/eltex_education_2026# git status
On branch main
Your branch is up to date with 'origin/main'.

Changes to be committed:
  (use "git restore --staged <file>..." to unstage)
	new file:   module1/task1/eltex-v11_part.log
	new file:   module1/task1/eltex-v11_part3.log
	new file:   module1/task1/eltex-v11_part3_gt20M.log
	new file:   module1/task1/report_part1.txt

root@eltex-practice2-v11:~/eltex_education_2026# git commit -m "module1_task1
[main e1f6411] module1_task1
 4 files changed, 628 insertions(+)
 create mode 100644 module1/task1/eltex-v11_part.log
 create mode 100644 module1/task1/eltex-v11_part3.log
 create mode 100644 module1/task1/eltex-v11_part3_gt20M.log
 create mode 100644 module1/task1/report_part1.txt
root@eltex-practice2-v11:~/eltex_education_2026# git push
Enumerating objects: 9, done.
Counting objects:  11% (1/9)Counting objects:  22% (2/9)Counting objects:  33% (3/9)Counting objects:  44% (4/9)Counting objects:  55% (5/9)Counting objects:  66% (6/9)Counting objects:  77% (7/9)Counting objects:  88% (8/9)Counting objects: 100% (9/9)Counting objects: 100% (9/9), done.
Delta compression using up to 2 threads
Compressing objects:  14% (1/7)Compressing objects:  28% (2/7)Compressing objects:  42% (3/7)Compressing objects:  57% (4/7)Compressing objects:  71% (5/7)Compressing objects:  85% (6/7)Compressing objects: 100% (7/7)Compressing objects: 100% (7/7), done.
Writing objects:  12% (1/8)Writing objects:  25% (2/8)Writing objects:  37% (3/8)Writing objects:  50% (4/8)Writing objects:  62% (5/8)Writing objects:  75% (6/8)Writing objects:  87% (7/8)Writing objects: 100% (8/8)Writing objects: 100% (8/8), 11.79 KiB | 11.79 MiB/s, done.
Total 8 (delta 0), reused 0 (delta 0), pack-reused 0
To https://github.com/SergiusGerasim/eltex_education_2026.git
   1f22bdb..e1f6411  main -> main
root@eltex-practice2-v11:~/eltex_education_2026# čüą▓cd ~
root@eltex-practice2-v11:~# mkdir eltex_education_2026_clone && cd eltex_education_2026_clone
root@eltex-practice2-v11:~/eltex_education_2026_clone# git clone https://github.com/SergiusGerasim/eltex_education_2026.gihttps://github.com/SergiusGerasim/eltex_education_2026.git .
Cloning into '.'...
remote: Enumerating objects: 11, done.
remote: Counting objects:   9% (1/11)remote: Counting objects:  18% (2/11)remote: Counting objects:  27% (3/11)remote: Counting objects:  36% (4/11)remote: Counting objects:  45% (5/11)remote: Counting objects:  54% (6/11)remote: Counting objects:  63% (7/11)remote: Counting objects:  72% (8/11)remote: Counting objects:  81% (9/11)remote: Counting objects:  90% (10/11)remote: Counting objects: 100% (11/11)remote: Counting objects: 100% (11/11), done.
remote: Compressing objects:  11% (1/9)remote: Compressing objects:  22% (2/9)remote: Compressing objects:  33% (3/9)remote: Compressing objects:  44% (4/9)remote: Compressing objects:  55% (5/9)remote: Compressing objects:  66% (6/9)remote: Compressing objects:  77% (7/9)remote: Compressing objects:  88% (8/9)remote: Compressing objects: 100% (9/9)remote: Compressing objects: 100% (9/9), done.
remote: Total 11 (delta 0), reused 11 (delta 0), pack-reused 0 (from 0)
Receiving objects:   9% (1/11)Receiving objects:  18% (2/11)Receiving objects:  27% (3/11)Receiving objects:  36% (4/11)Receiving objects:  45% (5/11)Receiving objects:  54% (6/11)Receiving objects:  63% (7/11)Receiving objects:  72% (8/11)Receiving objects:  81% (9/11)Receiving objects:  90% (10/11)Receiving objects: 100% (11/11)Receiving objects: 100% (11/11), 12.05 KiB | 12.05 MiB/s, done.
root@eltex-practice2-v11:~/eltex_education_2026_clone# git status
On branch main
Your branch is up to date with 'origin/main'.

nothing to commit, working tree clean
root@eltex-practice2-v11:~/eltex_education_2026_clone# ls
module1  README.md
root@eltex-practice2-v11:~/eltex_education_2026_clone# git remote -v
origin	https://github.com/SergiusGerasim/eltex_education_2026.git (fetch)
origin	https://github.com/SergiusGerasim/eltex_education_2026.git (push)
root@eltex-practice2-v11:~/eltex_education_2026_clone# cd ~/eltex_education_202cd ~/eltex_education_2026
root@eltex-practice2-v11:~/eltex_education_2026# git statgit status
On branch main
Your branch is up to date with 'origin/main'.

nothing to commit, working tree clean
root@eltex-practice2-v11:~/eltex_education_2026# git statgit statcd ~/eltex_education_202git statls 
module1  README.md
root@eltex-practice2-v11:~/eltex_education_2026# ls -l miodule1/
total 12
drwxr-xr-x 2 root root 4096 Jul 14 10:12 task1
drwxr-xr-x 2 root root 4096 Jul 14 10:12 task2
drwxr-xr-x 2 root root 4096 Jul 14 10:12 task3
root@eltex-practice2-v11:~/eltex_education_2026# touch /module1/task3/faiaiile_for_part3.txt
root@eltex-practice2-v11:~/eltex_education_2026# git status
On branch main
Your branch is up to date with 'origin/main'.

Untracked files:
  (use "git add <file>..." to include in what will be committed)
	module1/task3/

nothing added to commit but untracked files present (use "git add" to track)
root@eltex-practice2-v11:~/eltex_education_2026# git add .
root@eltex-practice2-v11:~/eltex_education_2026# git add status
On branch main
Your branch is up to date with 'origin/main'.

Changes to be committed:
  (use "git restore --staged <file>..." to unstage)
	new file:   module1/task3/file_for_part3.txt

root@eltex-practice2-v11:~/eltex_education_2026# git commit -m "add file for tamodule1/part2/taskgit statgit statusgit restore --stagedgit restore --stagedgit restore --stagedgit restore --staged .
root@eltex-practice2-v11:~/eltex_education_2026# git restore --stagedstatus
On branch main
Your branch is up to date with 'origin/main'.

Untracked files:
  (use "git add <file>..." to include in what will be committed)
	module1/task3/

nothing added to commit but untracked files present (use "git add" to track)
root@eltex-practice2-v11:~/eltex_education_2026# mv modeule1/task3/file_for_part3.txt module1/task2/
root@eltex-practice2-v11:~/eltex_education_2026# mv module1/task3/file_for_part3.txt module1/taskgit status
On branch main
Your branch is up to date with 'origin/main'.

Untracked files:
  (use "git add <file>..." to include in what will be committed)
	module1/task2/

nothing added to commit but untracked files present (use "git add" to track)
root@eltex-practice2-v11:~/eltex_education_2026# git statmv module1/task3/file_for_part3.txt module1/taskgit statrestore --stagedstatadd .
root@eltex-practice2-v11:~/eltex_education_2026# git commit -m "add file for module1/task2/part3"
[main fe2cfd0] add file for module1/task2/part3
 1 file changed, 0 insertions(+), 0 deletions(-)
 create mode 100644 module1/task2/file_for_part3.txt
root@eltex-practice2-v11:~/eltex_education_2026# git push
Enumerating objects: 7, done.
Counting objects:  14% (1/7)Counting objects:  28% (2/7)Counting objects:  42% (3/7)Counting objects:  57% (4/7)Counting objects:  71% (5/7)Counting objects:  85% (6/7)Counting objects: 100% (7/7)Counting objects: 100% (7/7), done.
Delta compression using up to 2 threads
Compressing objects:  33% (1/3)Compressing objects:  66% (2/3)Compressing objects: 100% (3/3)Compressing objects: 100% (3/3), done.
Writing objects:  20% (1/5)Writing objects:  40% (2/5)Writing objects:  60% (3/5)Writing objects:  80% (4/5)Writing objects: 100% (5/5)Writing objects: 100% (5/5), 424 bytes | 424.00 KiB/s, done.
Total 5 (delta 0), reused 0 (delta 0), pack-reused 0
To https://github.com/SergiusGerasim/eltex_education_2026.git
   e1f6411..fe2cfd0  main -> main
root@eltex-practice2-v11:~/eltex_education_2026# cd ~/eltex_education_2026_clone/
root@eltex-practice2-v11:~/eltex_education_2026_clone# git fetch
remote: Enumerating objects: 7, done.
remote: Counting objects:  14% (1/7)remote: Counting objects:  28% (2/7)remote: Counting objects:  42% (3/7)remote: Counting objects:  57% (4/7)remote: Counting objects:  71% (5/7)remote: Counting objects:  85% (6/7)remote: Counting objects: 100% (7/7)remote: Counting objects: 100% (7/7), done.
remote: Compressing objects:  33% (1/3)remote: Compressing objects:  66% (2/3)remote: Compressing objects: 100% (3/3)remote: Compressing objects: 100% (3/3), done.
remote: Total 5 (delta 0), reused 5 (delta 0), pack-reused 0 (from 0)
Unpacking objects:  20% (1/5)Unpacking objects:  40% (2/5)Unpacking objects:  60% (3/5)Unpacking objects:  80% (4/5)Unpacking objects: 100% (5/5)Unpacking objects: 100% (5/5), 404 bytes | 404.00 KiB/s, done.
From https://github.com/SergiusGerasim/eltex_education_2026
   e1f6411..fe2cfd0  main       -> origin/main
root@eltex-practice2-v11:~/eltex_education_2026_clone# git log origin/maigit log origin/main
=commit fe2cfd0bedc83aea527a10c388b057b0e8c02189 (origin/main, origin/HEAD)
Author: Sergius_Gerasim <se.gerasimov.m@gmail.com>
Date:   Tue Jul 14 10:30:18 2026 +0000

    add file for module1/task2/part3

commit e1f6411fa7dca54a9ca623b9e31daacf4e0746ea (HEAD -> main)
Author: Sergius_Gerasim <se.gerasimov.m@gmail.com>
Date:   Tue Jul 14 10:14:13 2026 +0000

    module1_task1

commit 1f22bdb2d3eb89d6af7db8ca8e575d27289a183a
Author: Sergius_Gerasim <se.gerasimov.m@gmail.com>
Date:   Tue Jul 14 09:46:56 2026 +0000

    first commit
>root@eltex-practice2-v11:~/eltex_education_2026_clone# git diff ,ainmain origin/main
=diff --git a/module1/task2/file_for_part3.txt b/module1/task2/file_for_part3.txt
new file mode 100644
index 0000000..e69de29
>root@eltex-practice2-v11:~/eltex_education_2026_clone# git merge origin/maingit merge origin/main
Updating e1f6411..fe2cfd0
Fast-forward
 module1/task2/file_for_part3.txt | 0
 1 file changed, 0 insertions(+), 0 deletions(-)
 create mode 100644 module1/task2/file_for_part3.txt
root@eltex-practice2-v11:~/eltex_education_2026_clone# exit
exit

Script done on 2026-07-14 10:35:11+00:00 [COMMAND_EXIT_CODE="0"]
