Script started on 2026-07-12 17:41:35+00:00 [TERM="screen.xterm-256color" TTY="/dev/pts/0" COLUMNS="87" LINES="76"]
[?2004hroot@eltex-practice2-v11:~# do[K[Ksudo usaer[K[Ker[K[K[Kersdd[K[K[Kadd -m -s /bin [K/bash usaer1[1Per1[C[C[C
[?2004l[?2004hroot@eltex-practice2-v11:~# ыгв [K[K[K[Ksudo passwd ua[Ksr[Ker1
[?2004lNew password: 
Retype new password: 
No password has been supplied.
New password: 
Retype new password: 
passwd: password updated successfully
[?2004hroot@eltex-practice2-v11:~# id user1
[?2004luid=1001(user1) gid=1001(user1) groups=1001(user1)
[?2004hroot@eltex-practice2-v11:~# ls -ld /home/user1
[?2004ldrwxr-x--- 2 user1 user1 4096 Jul 12 17:43 [0m[01;34m/home/user1[0m
[?2004hroot@eltex-practice2-v11:~#   [K[Km[Kman ologin[K[K[K[K[K[K[K[K[K[Kadduser user2
[?2004linfo: Adding user `user2' ...
info: Selecting UID/GID from range 1000 to 59999 ...
info: Adding new group `user2' (1002) ...
info: Adding new user `user2' (1002) with group `user2 (1002)' ...
info: Creating home directory `/home/user2' ...
info: Copying files from `/etc/skel' ...
New password: 
Retype new password: 
No password has been supplied.
New password: 
Retype new password: 
passwd: password updated successfully
Changing the user information for user2
Enter the new value, or press ENTER for the default
	Full Name []: 
	Room Number []: 
	Work Phone []: 
	Home Phone []: 
	Other []: 
Is the information correct? [Y/n] y
info: Adding new user `user2' to supplemental / extra groups `users' ...
info: Adding user `user2' to group `users' ...
[?2004hroot@eltex-practice2-v11:~# adduser --gecos "" user3
[?2004linfo: Adding user `user3' ...
info: Selecting UID/GID from range 1000 to 59999 ...
info: Adding new group `user3' (1003) ...
info: Adding new user `user3' (1003) with group `user3 (1003)' ...
info: Creating home directory `/home/user3' ...
info: Copying files from `/etc/skel' ...
New password: 
Retype new password: 
passwd: password updated successfully
info: Adding new user `user3' to supplemental / extra groups `users' ...
info: Adding user `user3' to group `users' ...
[?2004hroot@eltex-practice2-v11:~# man userod[K[Kmod
[?2004l[?1049h[22;0;0t[?1h=[4mUSERMOD[24m(8)                   System Management Commands                   [4mUSERMOD[24m(8)[m
[m
[1mNAME[0m[m
       usermod - modify a user account[m
[m
[1mSYNOPSIS[0m[m
[m
       [1musermod [22m[[4moptions[24m] [4mLOGIN[0m[m
[m
[1mDESCRIPTION[0m[m
       The [1musermod [22mcommand modifies the system account files.[m
[m
[1mOPTIONS[0m[m
       The options which apply to the [1musermod [22mcommand are:[m
[m
       [1m-a[22m, [1m--append[0m[m
           Add the user to the supplementary group(s). Use only with the [1m-G [22moption.[m
[m
       [1m-b[22m, [1m--badname[0m[m
           Allow names that do not conform to standards.[m
[m
       [1m-c[22m, [1m--comment [4m[22mCOMMENT[0m[m
           update the comment field of the user in /etc/passwd, which is normally[m
           modified using the [1mchfn[22m(1) utility.[m
[m
       [1m-d[22m, [1m--home [4m[22mHOME_DIR[0m[m
           The user's new login directory.[m
[m
           If the [1m-m [22moption is given, the contents of the current home directory[m
           will be moved to the new home directory, which is created if it does not[m
           already exist. If the current home directory does not exist the new home[m
           directory will not be created.[m
[m
       [1m-e[22m, [1m--expiredate [4m[22mEXPIRE_DATE[0m[m
           The date on which the user account will be disabled. The date is[m
           specified in the format [4mYYYY-MM-DD[24m. Integers as input are interpreted as[m
           days after 1970-01-01.[m
[m
           An input of -1 or an empty string will blank the account expiration field[m
           in the shadow password file. The account will remain available with no[m
           date limit.[m
[m
           This option requires a /etc/shadow file. A /etc/shadow entry will be[m
           created if there were none.[m
[m
       [1m-f[22m, [1m--inactive [4m[22mINACTIVE[0m[m
           defines the number of days after the password exceeded its maximum age[m
           during which the user may still login by immediately replacing the[m
           password. This grace period before the account becomes inactive is stored[m
           in the shadow password file. An input of 0 will disable an expired[m
           password with no delay. An input of -1 will blank the respective field in[m
           the shadow password file. See [1mshadow[22m(5) for more information.[m
[m
           This option requires a /etc/shadow file. A /etc/shadow entry will be[m
           created if there were none.[m
[m
       [1m-g[22m, [1m--gid [4m[22mGROUP[0m[m
           The name or numerical ID of the user's new primary group. The group must[m
           exist.[m
[m
           Any file from the user's home directory owned by the previous primary[m
           group of the user will be owned by this new group.[m
[m
           The group ownership of files outside of the user's home directory must be[m
           fixed manually.[m
[m
           The change of the group ownership of files inside of the user's home[m
           directory is also not done if the home dir owner uid is different from[m
           the current or new user id. This is a safety measure for special home[m
           directories such as /.[m
[m
       [1m-G[22m, [1m--groups [4m[22mGROUP1[24m[[4m,GROUP2,...[24m[[4m,GROUPN[24m]]][m
           A list of supplementary groups which the user is also a member of. Each[m
           group is separated from the next by a comma, with no intervening[m
           whitespace. The groups must exist.[m
[7m Manual page usermod(8) line 1 (press h for help or q to quit)[27m[K[K/[K--[Kss[K[1;1H[4mUSERMOD[24m(8)                   System Management Commands                   [4mUSERMOD[24m(8)[m
[2;1H[m
[3;1H[1mNAME[0m[m
[4;1H       usermod - modify a user account[m
[5;1H[m
[6;1H[1mSYNOPSIS[0m[m
[7;1H[m
[8;1H       [1musermod [22m[[4moptions[24m] [4mLOGIN[0m[m
[9;1H[m
[10;1H[1mDESCRIPTION[0m[m
[11;1H       The [1musermod [22mcommand modifies the system account files.[m
[12;1H[m
[13;1H[1mOPTIONS[0m[m
[14;1H       The options which apply to the [1musermod [22mcommand are:[m
[15;1H[m
[16;1H       [1m-a[22m, [1m--append[0m[m
[17;1H           Add the user to the supplementary group(s). Use only with the [1m-G [22moption.[m
[18;1H[m
[19;1H       [1m-b[22m, [1m--badname[0m[m
[20;1H           Allow names that do not conform to standards.[m
[21;1H[m
[22;1H       [1m-c[22m, [1m--comment [4m[22mCOMMENT[0m[m
[23;1H           update the comment field of the user in /etc/passwd, which is normally[m
[24;1H           modified using the [1mchfn[22m(1) utility.[m
[25;1H[m
[26;1H       [1m-d[22m, [1m--home [4m[22mHOME_DIR[0m[m
[27;1H           The user's new login directory.[m
[28;1H[m
[29;1H           If the [1m-m [22moption is given, the contents of the current home directory[m
[30;1H           will be moved to the new home directory, which is created if it does not[m
[31;1H           already exist. If the current home directory does not exist the new home[m
[32;1H           directory will not be created.[m
[33;1H[m
[34;1H       [1m-e[22m, [1m--expiredate [4m[22mEXPIRE_DATE[0m[m
[35;1H           The date on which the user account will be disabled. The date is[m
[36;1H           specified in the format [4mYYYY-MM-DD[24m. Integers as input are interpreted as[m
[37;1H           days after 1970-01-01.[m
[38;1H[m
[39;1H           An input of -1 or an empty string will blank the account expiration field[m
[40;1H           in the shadow password file. The account will remain available with no[m
[41;1H           date limit.[m
[42;1H[m
[43;1H           This option requires a /etc/shadow file. A /etc/shadow entry will be[m
[44;1H           created if there were none.[m
[45;1H[m
[46;1H       [1m-f[22m, [1m--inactive [4m[22mINACTIVE[0m[m
[47;1H           defines the number of days after the password exceeded its maximum age[m
[48;1H           during which the user may still login by immediately replacing the[m
[49;1H           password. This grace period before the account becomes inactive is stored[m
[50;1H           in the shadow password file. An input of 0 will disable an expired[m
[51;1H           password with no delay. An input of -1 will blank the respective field in[m
[52;1H           the shadow password file. See [1mshadow[22m(5) for more information.[m
[53;1H[m
[54;1H           This option requires a /etc/shadow file. A /etc/shadow entry will be[m
[55;1H           created if there were none.[m
[56;1H[m
[57;1H       [1m-g[22m, [1m--gid [4m[22mGROUP[0m[m
[58;1H           The name or numerical ID of the user's new primary group. The group must[m
[59;1H           exist.[m
[60;1H[m
[61;1H           Any file from the user's home directory owned by the previous primary[m
[62;1H           group of the user will be owned by this new group.[m
[63;1H[m
[64;1H           The group ownership of files outside of the user's home directory must be[m
[65;1H           fixed manually.[m
[66;1H[m
[67;1H           The change of the group ownership of files inside of the user's home[m
[68;1H           directory is also not done if the home dir owner uid is different from[m
[69;1H           the current or new user id. This is a safety measure for special home[m
[70;1H           directories such as /.[m
[71;1H[m
[72;1H       [1m-G[22m, [1m--groups [4m[22mGROUP1[24m[[4m,GROUP2,...[24m[[4m,GROUPN[24m]]][m
[73;1H           A list of supplementary groups which the user is also a member of. Each[m
[74;1H           group is separated from the next by a comma, with no intervening[m
[75;1H           whitespace. The groups must exist.[m
[76;1H[1;1H[4mUSERMOD[24m(8)                   System Management Commands                   [4mUSERMOD[24m(8)[m
[2;1H[m
[3;1H[1mNAME[0m[m
[4;1H       usermod - modify a user account[m
[5;1H[m
[6;1H[1mSYNOPSIS[0m[m
[7;1H[m
[8;1H       [1musermod [22m[[4moptions[24m] [4mLOGIN[0m[m
[9;1H[m
[10;1H[1mDESCRIPTION[0m[m
[11;1H       The [1musermod [22mcommand modifies the system account files.[m
[12;1H[m
[13;1H[1mOPTIONS[0m[m
[14;1H       The options which apply to the [1musermod [22mcommand are:[m
[15;1H[m
[16;1H       [1m-a[22m, [1m--append[0m[m
[17;1H           Add the user to the supplementary group(s). Use only with the [1m-G [22moption.[m
[18;1H[m
[19;1H       [1m-b[22m, [1m--badname[0m[m
[20;1H           Allow names that do not conform to standards.[m
[21;1H[m
[22;1H       [1m-c[22m, [1m--comment [4m[22mCOMMENT[0m[m
[23;1H           update the comment field of the user in /etc/passwd, which is normally[m
[24;1H           modified using the [1mchfn[22m(1) utility.[m
[25;1H[m
[26;1H       [1m-d[22m, [1m--home [4m[22mHOME_DIR[0m[m
[27;1H           The user's new login directory.[m
[28;1H[m
[29;1H           If the [1m-m [22moption is given, the contents of the current home directory[m
[30;1H           will be moved to the new home directory, which is created if it does not[m
[31;1H           already exist. If the current home directory does not exist the new home[m
[32;1H           directory will not be created.[m
[33;1H[m
[34;1H       [1m-e[22m, [1m--expiredate [4m[22mEXPIRE_DATE[0m[m
[35;1H           The date on which the user account will be disabled. The date is[m
[36;1H           specified in the format [4mYYYY-MM-DD[24m. Integers as input are interpreted as[m
[37;1H           days after 1970-01-01.[m
[38;1H[m
[39;1H           An input of -1 or an empty string will blank the account expiration field[m
[40;1H           in the shadow password file. The account will remain available with no[m
[41;1H           date limit.[m
[42;1H[m
[43;1H           This option requires a /etc/shadow file. A /etc/shadow entry will be[m
[44;1H           created if there were none.[m
[45;1H[m
[46;1H       [1m-f[22m, [1m--inactive [4m[22mINACTIVE[0m[m
[47;1H           defines the number of days after the password exceeded its maximum age[m
[48;1H           during which the user may still login by immediately replacing the[m
[49;1H           password. This grace period before the account becomes inactive is stored[m
[50;1H           in the shadow password file. An input of 0 will disable an expired[m
[51;1H           password with no delay. An input of -1 will blank the respective field in[m
[52;1H           the shadow password file. See [1mshadow[22m(5) for more information.[m
[53;1H[m
[54;1H           This option requires a /etc/shadow file. A /etc/shadow entry will be[m
[55;1H           created if there were none.[m
[56;1H[m
[57;1H       [1m-g[22m, [1m--gid [4m[22mGROUP[0m[m
[58;1H           The name or numerical ID of the user's new primary group. The group must[m
[59;1H           exist.[m
[60;1H[m
[61;1H           Any file from the user's home directory owned by the previous primary[m
[62;1H           group of the user will be owned by this new group.[m
[63;1H[m
[64;1H           The group ownership of files outside of the user's home directory must be[m
[65;1H           fixed manually.[m
[66;1H[m
[67;1H           The change of the group ownership of files inside of the user's home[m
[68;1H           directory is also not done if the home dir owner uid is different from[m
[69;1H           the current or new user id. This is a safety measure for special home[m
[70;1H           directories such as /.[m
[71;1H[m
[72;1H       [1m-G[22m, [1m--groups [4m[22mGROUP1[24m[[4m,GROUP2,...[24m[[4m,GROUPN[24m]]][m
[73;1H           A list of supplementary groups which the user is also a member of. Each[m
[74;1H           group is separated from the next by a comma, with no intervening[m
[75;1H           whitespace. The groups must exist.[m
[76;1H...skipping...
       [1m[7m-s[27m[22m, [1m-[7m-s[27m[1mhell [4m[22mSHELL[0m[m
           changes the user's login shell. An empty string for SHELL blanks the[m
           field in /etc/passwd and logs the user into the system's default shell.[m
[m
       [1m-u[22m, [1m--uid [4m[22mUID[0m[m
           The new value of the user's ID.[m
[m
           This value must be unique, unless the [1m-o [22moption is used. The value must[m
           be non-negative.[m
[m
           The user's mailbox, and any files which the user owns and which are[m
           located in the user's home directory will have the file user ID changed[m
           automatically.[m
[m
           The ownership of files outside of the user's home directory must be fixed[m
           manually.[m
[m
           The change of the user ownership of files inside of the user's home[m
           directory is also not done if the home dir owner uid is different from[m
           the current or new user id. This is a safety measure for special home[m
           directories such as /.[m
[m
           No checks will be performed with regard to the [1mUID_MIN[22m, [1mUID_MAX[22m,[m
           [1mSYS_UID_MIN[22m, or [1mSYS_UID_MAX [22mfrom /etc/login.defs.[m
[m
       [1m-U[22m, [1m--unlock[0m[m
           Unlock a user's password. This removes the '!' in front of the encrypted[m
           password. You can't use this option with [1m-p [22mor [1m-L[22m.[m
[m
           Note: if you wish to unlock the account (not only access with a[m
           password), you should also set the [4mEXPIRE_DATE[24m (for example to [4m99999[24m, or[m
           to the [1mEXPIRE [22mvalue from /etc/default/useradd).[m
[m
       [1m-v[22m, [1m--add[7m-s[27m[1mubuids [4m[22mFIRST[24m-[4mLAST[0m[m
           Add a range of subordinate uids to the user's account.[m
[m
           This option may be specified multiple times to add multiple ranges to a[m
           user's account.[m
[m
           No checks will be performed with regard to [1mSUB_UID_MIN[22m, [1mSUB_UID_MAX[22m, or[m
           [1mSUB_UID_COUNT [22mfrom /etc/login.defs.[m
[m
       [1m-V[22m, [1m--del[7m-s[27m[1mubuids [4m[22mFIRST[24m-[4mLAST[0m[m
           Remove a range of subordinate uids from the user's account.[m
[m
           This option may be specified multiple times to remove multiple ranges to[m
           a user's account. When both [1m--del[7m-s[27m[1mubuids [22mand [1m--add[7m-s[27m[1mubuids [22mare[m
           specified, the removal of all subordinate uid ranges happens before any[m
           subordinate uid range is added.[m
[m
           No checks will be performed with regard to [1mSUB_UID_MIN[22m, [1mSUB_UID_MAX[22m, or[m
           [1mSUB_UID_COUNT [22mfrom /etc/login.defs.[m
[m
       [1m-w[22m, [1m--add[7m-s[27m[1mubgids [4m[22mFIRST[24m-[4mLAST[0m[m
           Add a range of subordinate gids to the user's account.[m
[m
           This option may be specified multiple times to add multiple ranges to a[m
           user's account.[m
[m
           No checks will be performed with regard to [1mSUB_GID_MIN[22m, [1mSUB_GID_MAX[22m, or[m
           [1mSUB_GID_COUNT [22mfrom /etc/login.defs.[m
[m
       [1m-W[22m, [1m--del[7m-s[27m[1mubgids [4m[22mFIRST[24m-[4mLAST[0m[m
           Remove a range of subordinate gids from the user's account.[m
[m
           This option may be specified multiple times to remove multiple ranges to[m
           a user's account. When both [1m--del[7m-s[27m[1mubgids [22mand [1m--add[7m-s[27m[1mubgids [22mare[m
           specified, the removal of all subordinate gid ranges happens before any[m
           subordinate gid range is added.[m
[m
           No checks will be performed with regard to [1mSUB_GID_MIN[22m, [1mSUB_GID_MAX[22m, or[m
           [1mSUB_GID_COUNT [22mfrom /etc/login.defs.[m
[m
       [1m-Z[22m, [1m-[7m-s[27m[1melinux-user [4m[22mSEUSER[0m[m
           defines the SELinux user to be mapped with [4mLOGIN[24m. An empty string ("")[m
[7m Manual page usermod(8) line 143 (press h for help or q to quit)[27m[K[K[?1l>[?1049l[23;0;0t[?2004hroot@eltex-practice2-v11:~# man nologin
[?2004l[?1049h[22;0;0t[?1h=[4mNOLOGIN[24m(8)                   System Management Commands                   [4mNOLOGIN[24m(8)[m
[m
[1mNAME[0m[m
       nologin - politely refuse a login[m
[m
[1mSYNOPSIS[0m[m
[m
       [1mnologin[0m[m
[m
[1mDESCRIPTION[0m[m
       The [1mnologin [22mcommand displays a message that an account is not available and[m
       exits non-zero. It is intended as a replacement shell field for accounts that[m
       have been disabled.[m
[m
       To disable all logins, investigate [1mnologin[22m(5).[m
[m
       If [1mSSH_ORIGINAL_COMMAND [22mis populated it will be logged.[m
[m
[1mSEE ALSO[0m[m
       [1mlogin[22m(1), [1mnologin[22m(5).[m
[m
[1mHISTORY[0m[m
       The [1mnologin [22mcommand appeared in BSD 4.4.[m
[m
shadow-utils 4.13                    05/30/2024                           [4mNOLOGIN[24m(8)[m
[7m Manual page nologin(8) line 1/25 (END) (press h for help or q to quit)[27m[K[K[?1l>[?1049l[23;0;0t[?2004hroot@eltex-practice2-v11:~# car[Kt /etc/shells
[?2004l# /etc/shells: valid login shells
/bin/sh
/usr/bin/sh
/bin/bash
/usr/bin/bash
/bin/rbash
/usr/bin/rbash
/usr/bin/dash
/usr/bin/screen
/usr/bin/tmux
[?2004hroot@eltex-practice2-v11:~# cat /etc/shells[K[K[K[K[K[K[K[K[K[K[K[K[K[K[Kwhich nologin
[?2004l/usr/sbin/nologin
[?2004hroot@eltex-practice2-v11:~# usermod -s us[K[K/usr/sbin/bash[K[K[K[Knologin user3
[?2004l[?2004hroot@eltex-practice2-v11:~# su - user3
[?2004lThis account is currently not available.
[?2004hroot@eltex-practice2-v11:~# su -s /bin/v[Kbah/[K[Kch[K[Ksh user3
[?2004l[?2004h[01;32muser3@eltex-practice2-v11[00m:[01;34m/root[00m$ exit
[?2004lexit
[?2004hroot@eltex-practice2-v11:~# groupadd prectice2[K[K[K[K[K[K[Kactice2_group
[?2004l[?2004hroot@eltex-practice2-v11:~# usermod -aG[K[K-help
[?2004lUsage: usermod [options] LOGIN

Options:
  -a, --append                  append the user to the supplemental GROUPS
                                mentioned by the -G option without removing
                                the user from other groups
  -b, --badname                 allow bad names
  -c, --comment COMMENT         new value of the GECOS field
  -d, --home HOME_DIR           new home directory for the user account
  -e, --expiredate EXPIRE_DATE  set account expiration date to EXPIRE_DATE
  -f, --inactive INACTIVE       set password inactive after expiration
                                to INACTIVE
  -g, --gid GROUP               force use GROUP as new primary group
  -G, --groups GROUPS           new list of supplementary GROUPS
  -h, --help                    display this help message and exit
  -l, --login NEW_LOGIN         new value of the login name
  -L, --lock                    lock the user account
  -m, --move-home               move contents of the home directory to the
                                new location (use only with -d)
  -o, --non-unique              allow using duplicate (non-unique) UID
  -p, --password PASSWORD       use encrypted password for the new password
  -P, --prefix PREFIX_DIR       prefix directory where are located the /etc/* files
  -r, --remove                  remove the user from only the supplemental GROUPS
                                mentioned by the -G option without removing
                                the user from other groups
  -R, --root CHROOT_DIR         directory to chroot into
  -s, --shell SHELL             new login shell for the user account
  -u, --uid UID                 new UID for the user account
  -U, --unlock                  unlock the user account
  -v, --add-subuids FIRST-LAST  add range of subordinate uids
  -V, --del-subuids FIRST-LAST  remove range of subordinate uids
  -w, --add-subgids FIRST-LAST  add range of subordinate gids
  -W, --del-subgids FIRST-LAST  remove range of subordinate gids
  -Z, --selinux-user SEUSER     new SELinux user mapping for the user account

[?2004hroot@eltex-practice2-v11:~# uas[K[Ksrrt[K[K[Kee[Kt[Kr [Kmod -aG practice2_eltex-v11_part1.log [K[K[K[K[K[K[K[K[K[K[K[K[K[K[K[K[K[K[K[K[K_grou[[Kp user1
[?2004l[?2004hroot@eltex-practice2-v11:~# usermod -aG practice2_group user1[K2
[?2004l[?2004hroot@eltex-practice2-v11:~# usermod -aG practice2_group user2[K3
[?2004l[?2004hroot@eltex-practice2-v11:~# gruu[K[Koups user1
[?2004luser1 : user1 practice2_group
[?2004hroot@eltex-practice2-v11:~# groups user1[K2
[?2004luser2 : user2 users practice2_group
[?2004hroot@eltex-practice2-v11:~# groups user2[K3
[?2004luser3 : user3 users practice2_group
[?2004hroot@eltex-practice2-v11:~# exit
[?2004lexit

Script done on 2026-07-12 18:27:34+00:00 [COMMAND_EXIT_CODE="0"]
Script started on 2026-07-12 18:36:23+00:00 [TERM="screen.xterm-256color" TTY="/dev/pts/0" COLUMNS="87" LINES="76"]
[?2004hroot@eltex-practice2-v11:~# exitgroups user3ьлвшк[K[K[K[K[K[K[K[K[K[K[K[K[K[K[K[K[Kmkdir[K[K[K[K[Kgroups user2[Kgroups user2[K3
[?2004luser3 : user3 users practice2_group
[?2004hroot@eltex-practice2-v11:~# mkdir --help
[?2004lUsage: mkdir [OPTION]... DIRECTORY...
Create the DIRECTORY(ies), if they do not already exist.

Mandatory arguments to long options are mandatory for short options too.
  -m, --mode=MODE   set file mode (as in chmod), not a=rwx - umask
  -p, --parents     no error if existing, make parent directories as needed,
                    with their file modes unaffected by any -m option.
  -v, --verbose     print a message for each created directory
  -Z                   set SELinux security context of each created directory
                         to the default type
      --context[=CTX]  like -Z, or if CTX is specified then set the SELinux
                         or SMACK security context to CTX
      --help        display this help and exit
      --version     output version information and exit

GNU coreutils online help: <https://www.gnu.org/software/coreutils/>
Full documentation <https://www.gnu.org/software/coreutils/mkdir>
or available locally via: info '(coreutils) mkdir invocation'
[?2004hroot@eltex-practice2-v11:~# mkdir -p /p[Kpo[K[Kopt/share
[?2004l[?2004hroot@eltex-practice2-v11:~# ls /opt
[?2004l[0m[01;34mshare[0m
[?2004hroot@eltex-practice2-v11:~# chown root:practice2_eltex-v11_part1.log [K[K[K[K[K[K[K[K[K[K[K[K[K[K[K[K[K[K[K[K[K_group /opt/share
[?2004l[?2004hroot@eltex-practice2-v11:~# sudo chmod g+rwx /opt/share
[?2004l[?2004hroot@eltex-practice2-v11:~# sudo chmod g+s /opt/share
[?2004l[?2004hroot@eltex-practice2-v11:~# ls -ls[Kd /opt/share
[?2004ldrwxrwsr-x 2 root practice2_group 4096 Jul 12 18:37 [0m[01;34m/opt/share[0m
[?2004hroot@eltex-practice2-v11:~# ыг [K[K[Kы г[K[K[Ksu - user1
[?2004l[?2004h[01;32muser1@eltex-practice2-v11[00m:[01;34m~[00m$ nan[K[K[Kvi ~/.bashrc
[?2004l[?1049h[22;0;0t[>4;2m[?1h=[?2004h[?1004h[1;76r[?12h[?12l[22;2t[22;1t[27m[29m[m[H[2J[?25l[76;1H"~/.bashrc" 117L, 3771B[2;1H▽[6n[2;1H  [3;1HPzz\[0%m[6n[3;1H           [1;1H[>c]10;?]11;?[1;1H[34m# ~/.bashrc: executed by bash(1) for non-login shells.
# see /usr/share/doc/bash/examples/startup-files (in the package bash-doc)[m[2;75H[K[3;1H[34m# for examples[m[3;15H[K[5;1H[34m# If not running interactively, don't do anything[m
[38;5;130mcase[m [35m$-[m [38;5;130min[m
    *i*[38;5;130m)[m [38;5;130m;;[m[8;7H*[38;5;130m)[m [38;5;130mreturn;;
esac[m

[34m# don't put duplicate lines or lines starting with space in the history.
# See bash(1) for more options[m
[36mHISTCONTROL[m=ignoreboth

[34m# append to the history file, don't overwrite it[m
shopt [35m-s[m histappend

[34m# for setting history length see HISTSIZE and HISTFILESIZE in bash(1)[m
[36mHISTSIZE[m=[31m1000[m
[36mHISTFILESIZE[m=[31m2000[m

[34m# check the window size after each command and, if necessary,
# update the values of LINES and COLUMNS.[m
shopt [35m-s[m checkwinsize

[34m# If set, the pattern "**" used in a pathname expansion context will
# match all files and zero or more directories and subdirectories.
#shopt -s globstar

# make less more friendly for non-text input files, see lesspipe(1)[m
[38;5;130m[[m [38;5;130m-x[m /usr/bin/lesspipe [38;5;130m][m && [38;5;130meval[m [38;5;130m"[m[35m$(SHELL[m[38;5;130m=[m[35m/bin/sh lesspipe[m[35m)[m[38;5;130m"[m

[34m# set variable identifying the chroot you work in (used in the prompt below)[m
[38;5;130mif [[m [38;5;130m-z[m [38;5;130m"[m[35m${debian_chroot[m[38;5;130m:-[m[35m}[m[38;5;130m"[m [38;5;130m][m [38;5;130m&&[m [38;5;130m[[m [38;5;130m-r[m /etc/debian_chroot [38;5;130m];[m [38;5;130mthen[m
    [36mdebian_chroot[m=[35m$([m[38;5;130mcat[m[35m /etc/debian_chroot[m[35m)[m
[38;5;130mfi[m

[34m# set a fancy prompt (non-color, unless we know we "want" color)[m
[38;5;130mcase[m [38;5;130m"[m[35m$TERM[m[38;5;130m"[m [38;5;130min[m
    xterm-color|*-256color[38;5;130m)[m [36mcolor_prompt[m=yes[38;5;130m;;
esac[m

[34m# uncomment for a colored prompt, if the terminal has the capability; turned
# off by default to not distract the user: the focus in a terminal window
# should be on the output of commands, not on the prompt
#force_color_prompt=yes[m

[38;5;130mif [[m [38;5;130m-n[m [38;5;130m"[m[35m$force_color_prompt[m[38;5;130m"[m [38;5;130m];[m [38;5;130mthen
[m    [38;5;130mif [[m [38;5;130m-x[m /usr/bin/tput [38;5;130m][m [38;5;130m&&[m [38;5;130mtput[m setaf [31m1[m [38;5;130m>&[m/dev/null[38;5;130m;[m [38;5;130mthen[m[50;9H[34m# We have color support; assume it's compliant with Ecma-48[51;9H# (ISO/IEC-6429). (Lack of such support is extremely rare, and such[52;9H# a case would tend to support setf rather than setaf.)[m[53;9H[36mcolor_prompt[m=yes
    [38;5;130melse[m[55;9H[36mcolor_prompt[m=
    [38;5;130mfi
fi

if [[m [38;5;130m"[m[35m$color_prompt[m[38;5;130m"[m [38;5;130m=[m [31myes[m [38;5;130m];[m [38;5;130mthen[m
    [35mPS1[m[38;5;130m='[m[31m${debian_chroot:+($debian_chroot)}\[\033[01;32m\]\u@\h\[\033[00m\]:\[\033[01;33[61;1H4m\]\w\[\033[00m\]\$ [m[38;5;130m'
else[m
    [35mPS1[m[38;5;130m='[m[31m${debian_chroot:+($debian_chroot)}\u@\h:\w\$ [m[38;5;130m'
fi
unset[m[36m color_prompt force_color_prompt[m

[34m# If this is an xterm set the title to user@host:dir[m
[38;5;130mcase[m [38;5;130m"[m[35m$TERM[m[38;5;130m"[m [38;5;130min[m
xterm*|rxvt*[38;5;130m)[m
    [35mPS1[m[38;5;130m="[m[35m\[\e[m[31m]0;[m[35m${debian_chroot[m[38;5;130m:+[m([35m$debian_chroot[m)[35m}[m[35m\u[m[31m@[m[35m\h[m[31m: [m[35m\w\a\][m[35m$PS1[m[38;5;130m"
[m    [38;5;130m;;[m
*[38;5;130m)
[m    [38;5;130m;;
esac[m[76;70H1,1[11CTop[1;1H[?25h[?4m[27m[29m[m[H[2J[?25l[1;1H[96m# ~/.bashrc: executed by bash(1) for non-login shells.
# see /usr/share/doc/bash/examples/startup-files (in the package bash-doc)
# for examples

# If not running interactively, don't do anything[m
[93mcase[m [38;5;81m$-[m [93min[m
    *i*[93m)[m [93m;;[m[8;7H*[93m)[m [93mreturn;;
esac[m

[96m# don't put duplicate lines or lines starting with space in the history.
# See bash(1) for more options[m
[1m[96mHISTCONTROL[m=ignoreboth

[96m# append to the history file, don't overwrite it[m
shopt [38;5;224m-s[m histappend

[96m# for setting history length see HISTSIZE and HISTFILESIZE in bash(1)[m
[1m[96mHISTSIZE[m=[95m1000[m
[1m[96mHISTFILESIZE[m=[95m2000[m

[96m# check the window size after each command and, if necessary,
# update the values of LINES and COLUMNS.[m
shopt [38;5;224m-s[m checkwinsize

[96m# If set, the pattern "**" used in a pathname expansion context will
# match all files and zero or more directories and subdirectories.
#shopt -s globstar

# make less more friendly for non-text input files, see lesspipe(1)[m
[93m[[m [93m-x[m /usr/bin/lesspipe [93m][m && [93meval[m [93m"[m[38;5;81m$(SHELL[m[93m=[m[38;5;224m/bin/sh lesspipe[m[38;5;81m)[m[93m"[m

[96m# set variable identifying the chroot you work in (used in the prompt below)[m
[93mif [[m [93m-z[m [93m"[m[38;5;81m${debian_chroot[m[93m:-[m[38;5;81m}[m[93m"[m [93m][m [93m&&[m [93m[[m [93m-r[m /etc/debian_chroot [93m];[m [93mthen[m
    [1m[96mdebian_chroot[m=[38;5;81m$([m[93mcat[m[38;5;224m /etc/debian_chroot[m[38;5;81m)[m
[93mfi[m

[96m# set a fancy prompt (non-color, unless we know we "want" color)[m
[93mcase[m [93m"[m[38;5;81m$TERM[m[93m"[m [93min[m
    xterm-color|*-256color[93m)[m [1m[96mcolor_prompt[m=yes[93m;;
esac[m

[96m# uncomment for a colored prompt, if the terminal has the capability; turned
# off by default to not distract the user: the focus in a terminal window
# should be on the output of commands, not on the prompt
#force_color_prompt=yes[m

[93mif [[m [93m-n[m [93m"[m[38;5;81m$force_color_prompt[m[93m"[m [93m];[m [93mthen
[m    [93mif [[m [93m-x[m /usr/bin/tput [93m][m [93m&&[m [93mtput[m setaf [95m1[m [93m>&[m/dev/null[93m;[m [93mthen[m[50;9H[96m# We have color support; assume it's compliant with Ecma-48[51;9H# (ISO/IEC-6429). (Lack of such support is extremely rare, and such[52;9H# a case would tend to support setf rather than setaf.)[m[53;9H[1m[96mcolor_prompt[m=yes
    [93melse[m[55;9H[1m[96mcolor_prompt[m=
    [93mfi
fi

if [[m [93m"[m[38;5;81m$color_prompt[m[93m"[m [93m=[m [95myes[m [93m];[m [93mthen[m
    [38;5;81mPS1[m[93m='[m[95m${debian_chroot:+($debian_chroot)}\[\033[01;32m\]\u@\h\[\033[00m\]:\[\033[01;33[61;1H4m\]\w\[\033[00m\]\$ [m[93m'
else[m
    [38;5;81mPS1[m[93m='[m[95m${debian_chroot:+($debian_chroot)}\u@\h:\w\$ [m[93m'
fi
unset[m[1m[96m color_prompt force_color_prompt[m

[96m# If this is an xterm set the title to user@host:dir[m
[93mcase[m [93m"[m[38;5;81m$TERM[m[93m"[m [93min[m
xterm*|rxvt*[93m)[m
    [38;5;81mPS1[m[93m="[m[38;5;224m\[\e[m[95m]0;[m[38;5;81m${debian_chroot[m[93m:+[m([38;5;81m$debian_chroot[m)[38;5;81m}[m[38;5;224m\u[m[95m@[m[38;5;224m\h[m[95m: [m[38;5;224m\w\a\][m[38;5;81m$PS1[m[93m"
[m    [93m;;[m
*[93m)
[m    [93m;;
esac[m[76;70H1,1[11CTop"~/.bashrc" 117L, 3771B[1;1H[?25h[?25l[76;60H~@k[1;1H[76;60H   [2;1H[76;70H2[2;1H[?25h[?25l[76;60H~@k[2;1H[76;60H   [3;1H[76;70H3[3;1H[?25h[?25l[76;60H~@k[3;1H[76;60H   [4;1H[76;70H4,0-1[4;1H[?25h[?25l[76;60H~@k[4;1H[76;60H   [5;1H[76;70H5,1  [5;1H[?25h[?25l[76;60H~@k[5;1H[76;60H   [6;1H[76;70H6[6;1H[?25h[?25l[76;60H~@k[6;1H[76;60H   [7;1H[76;70H7[7;1H[?25h[?25l[76;60H~@k[7;1H[76;60H   [8;1H[76;70H8[8;1H[?25h[?25l[76;60H~@k[8;1H[76;60H   [9;1H[76;70H9[9;1H[?25h[?25l[76;60H~@k[9;1H[76;60H   [10;1H[76;70H10,0-1[10;1H[?25h[?25l[76;60H~@k[10;1H[76;60H   [11;1H[76;71H1,1  [11;1H[?25h[?25l[76;60H~@k[11;1H[76;60H   [12;1H[76;71H2[12;1H[?25h[?25l[76;60H~@k[12;1H[76;60H   [13;1H[76;71H3[13;1H[?25h[?25l[76;60H~@k[13;1H[76;60H   [14;1H[76;71H4,0-1[14;1H[?25h[?25l[76;60H~@k[14;1H[76;60H   [15;1H[76;71H5,1  [15;1H[?25h[?25l[76;60H~@k[15;1H[76;60H   [16;1H[76;71H6[16;1H[?25h[?25l[76;60H~@k[16;1H[76;60H   [17;1H[76;71H7,0-1[17;1H[?25h[?25l[76;60H~@k[17;1H[76;60H   [18;1H[76;71H8,1  [18;1H[?25h[?25l[76;60H~@k[18;1H[76;60H   [19;1H[76;71H9[19;1H[?25h[?25l[76;60H~@k[19;1H[76;60H   [20;1H[76;70H20[20;1H[?25h[?25l[76;60H~@k[20;1H[76;60H   [21;1H[76;71H1,0-1[21;1H[?25h[?25l[76;60H~@k[21;1H[76;60H   [22;1H[76;71H2,1  [22;1H[?25h[?25l[76;60H~@k[22;1H[76;60H   [23;1H[76;71H3[23;1H[?25h[?25l[76;60H~@k[23;1H[76;60H   [24;1H[76;71H4[24;1H[?25h[?25l[76;60H~@k[24;1H[76;60H   [25;1H[76;71H5,0-1[25;1H[?25h[?25l[76;60H~@k[25;1H[76;60H   [26;1H[76;71H6,1  [26;1H[?25h[?25l[76;60H~@k[26;1H[76;60H   [27;1H[76;71H7[27;1H[?25h[?25l[76;60H~@k[27;1H[76;60H   [28;1H[76;71H8[28;1H[?25h[?25l[76;60H~@k[28;1H[76;60H   [29;1H[76;71H9,0-1[29;1H[?25h[?25l[76;60H~@k[29;1H[76;60H   [30;1H[76;70H30,1  [30;1H[?25h[?25l[76;60H~@k[30;1H[76;60H   [31;1H[93m[46m[[22C][m[76;71H1[31;1H[?25h[?25l[76;60H~@k[31;1H[76;60H   [32;1H[31;1H[93m[[22C][m[76;71H2,0-1[32;1H[?25h[?25l[76;60H~@k[32;1H[76;60H   [33;1H[76;71H3,1  [33;1H[?25h[?25l[76;60H~@k[33;1H[76;60H   [34;1H[76;71H4[34;1H[?25h[?25l[76;60H~@k[34;1H[76;60H   [35;1H[76;71H5[35;1H[?25h[?25l[76;60H~@k[35;1H[76;60H   [36;1H[76;71H6[36;1H[?25h[?25l[76;60H~@k[36;1H[76;60H   [37;1H[76;71H7,0-1[37;1H[?25h[?25l[76;60H~@k[37;1H[76;60H   [38;1H[76;71H8,1  [38;1H[?25h[?25l[76;60H~@k[38;1H[76;60H   [39;1H[76;71H9[39;1H[?25h[?25l[76;60H~@k[39;1H[76;60H   [40;1H[76;70H40[40;1H[?25h[?25l[76;60H~@k[40;1H[76;60H   [41;1H[76;71H1[41;1H[?25h[?25l[76;60H~@k[41;1H[76;60H   [42;1H[76;71H2,0-1[42;1H[?25h[?25l[76;60H~@k[42;1H[76;60H   [43;1H[76;71H3,1  [43;1H[?25h[?25l[76;60H~@k[43;1H[76;60H   [44;1H[76;71H4[44;1H[?25h[?25l[76;60H~@k[44;1H[76;60H   [45;1H[76;71H5[45;1H[?25h[?25l[76;60H~@k[45;1H[76;60H   [46;1H[76;71H6[46;1H[?25h[?25l[76;60H~@k[46;1H[76;60H   [47;1H[76;71H7,0-1[47;1H[?25h[?25l[76;60H~@k[47;1H[76;60H   [48;1H[76;71H8,1  [48;1H[?25h[?25l[76;60H~@k[48;1H[76;60H   [49;1H[76;71H9[49;1H[?25h[?25l[76;60H~@k[49;1H[76;60H   [50;8H[76;70H50,1-8[50;8H[?25h[?25l[76;71H1[51;8H[?25h[?25l[76;60H~@k[51;8H[76;60H   [52;8H[76;71H2[52;8H[?25h[?25l[76;60H~@k[52;8H[76;60H   [53;8H[76;71H3[53;8H[?25h[?25l[76;60H~@k[53;8H[76;60H   [54;1H[76;71H4,1  [54;1H[?25h[?25l[76;60H~@k[54;1H[76;60H   [55;8H[76;71H5,1-8[55;8H[?25h[?25l[76;60H~@k[55;8H[76;60H   [56;1H[76;71H6,1  [56;1H[?25h[?25l[76;60H~@k[56;1H[76;60H   [57;1H[76;71H7[57;1H[?25h[?25l[76;60H~@k[57;1H[76;60H   [58;1H[76;71H8,0-1[58;1H[?25h[?25l[76;60H~@k[58;1H[76;60H   [59;1H[76;71H9,1  [59;1H[?25h[?25l[76;60H~@k[59;1H[76;60H   [60;1H[76;70H60[60;1H[?25h[?25l[76;60H~@k[60;1H[76;60H   [62;1H[76;71H1[62;1H[?25h[?25l[76;60H~@k[62;1H[76;60H   [63;1H[76;71H2[63;1H[?25h[?25l[76;60H~@k[63;1H[76;60H   [64;1H[76;71H3[64;1H[?25h[?25l[76;60H~@k[64;1H[76;60H   [65;1H[76;71H4[65;1H[?25h[?25l[76;60H~@k[65;1H[76;60H   [66;1H[76;71H5,0-1[66;1H[?25h[?25l[76;60H~@k[66;1H[76;60H   [67;1H[76;71H6,1  [67;1H[?25h[?25l[76;60H~@k[67;1H[76;60H   [68;1H[76;71H7[68;1H[?25h[?25l[76;60H~@k[68;1H[76;60H   [69;1H[76;71H8[69;1H[?25h[?25l[76;60H~@k[69;1H[76;60H   [70;1H[76;71H9[70;1H[?25h[?25l[76;60H~@k[70;1H[76;60H   [70;1H[1;75r[75;1H
[1;76r[75;1H[96m# enable color support of ls and also add handy aliases[m[76;1H[K[76;70H70,1[11C2%[70;1H[?25h[?25l[1;75r[75;1H
[1;76r[75;1H[93mif [[m [93m-x[m /usr/bin/dircolors [93m];[m [93mthen[m[76;70H[K[76;70H71,1[11C4%[70;1H[?25h[?25l[76;60H~@k[70;1H[76;60H   [69;1H[1;75r[1;1H[2M[1;76r[74;5H[93mtest[m [93m-r[m ~/.dircolors [93m&&[m [93meval[m [93m"[m[38;5;81m$([m[38;5;224mdircolors -b ~/.dircolors[m[38;5;81m)[m[93m"[m [93m||[m [93meval[m [93m"[m[38;5;81m$([m[38;5;224mdircolors -bb[m[75;1H[38;5;81m)[m[93m"[m[76;70H[K[76;70H72,1[11C9%[69;1H[?25h[?25l[76;60H~@k[69;1H[76;60H   [70;1H[76;71H3[70;1H[?25h[?25l[76;60H~@k[70;1H[76;60H   [70;1H[1;75r[75;1H
[1;76r[75;5H[93malias [m[1m[96mls[m[93m='[m[95mls --color=auto[m[93m'[m[76;70H[K[76;70H74,0-1[8C11%[70;1H[?25h[?25l[76;60H~@k[70;1H[76;60H   [70;1H[1;75r[75;1H
[1;76r[75;5H[96m#alias dir='dir --color=auto'[m[76;70H[K[76;70H75,1[10C13%[70;1H[?25h[?25l[76;60H~@k[70;1H[76;60H   [70;1H[1;75r[75;1H
[1;76r[75;5H[96m#alias vdir='vdir --color=auto'[m[76;70H[K[76;70H76,1[10C15%[70;1H[?25h[?25l[76;60H~@k[70;1H[76;60H   [69;1H[1;75r[1;1H[2M[1;76r[75;5H[93malias [m[1m[96mgrep[m[93m='[m[95mgrep --color=auto[m[93m'[m[76;70H[K[76;70H77,1[10C20%[69;1H[?25h[?25l[76;60H~@k[69;1H[76;60H   [70;1H[1;75r[75;1H
[1;76r[75;5H[93malias [m[1m[96mfgrep[m[93m='[m[95mfgrep --color=auto[m[93m'[m[76;70H[K[76;70H78,1[10C22%[70;1H[?25h[?25l[76;60H~@k[70;1H[76;60H   [70;1H[1;75r[75;1H
[1;76r[75;5H[93malias [m[1m[96megrep[m[93m='[m[95megrep --color=auto[m[93m'[m[76;70H[K[76;70H79,1[10C25%[70;1H[?25h[?25l[76;60H~@k[70;1H[76;60H   [70;1H[1;75r[75;1H
[1;76r[75;1H[93mfi[m[76;70H[K[76;70H80,1[10C27%[70;1H[?25h[?25l[76;60H~@k[70;1H[76;60H   [70;1H[1;75r[75;1H
[1;76r[76;70H[K[76;70H81,0-1[8C29%[70;1H[?25h[?25l[76;60H~@k[70;1H[76;60H   [70;1H[1;75r[75;1H
[1;76r[75;1H[96m# colored GCC warnings and errors[m[76;70H[K[76;70H82,1[10C31%[70;1H[?25h[?25l[76;60H~@k[70;1H[76;60H   [70;1H[1;75r[75;1H
[1;76r[75;1H[96m#export GCC_COLORS='error=01;31:warning=01;35:note=01;36:caret=01;32:locus=01:quote=01'[m[76;70H[K[76;70H83,1[10C34%[70;1H[?25h[?25l[76;60H~@k[70;1H[76;60H   [70;1H[1;75r[75;1H
[1;76r[76;70H[K[76;70H84,1[10C36%[70;1H[?25h[?25l[76;60H~@k[70;1H[76;60H   [70;1H[1;75r[75;1H
[1;76r[75;1H[96m# some more ls aliases[m[76;70H[K[76;70H85,1[10C38%[70;1H[?25h[?25l[76;60H~@k[70;1H[76;60H   [70;1H[1;75r[75;1H
[1;76r[75;1H[93malias [m[1m[96mll[m[93m='[m[95mls -alF[m[93m'[m[76;70H[K[76;70H86,0-1[8C40%[70;1H[?25h[?25l[76;60H~@k[70;1H[76;60H   [70;1H[1;75r[75;1H
[1;76r[75;1H[93malias [m[1m[96mla[m[93m='[m[95mls -A[m[93m'[m[76;70H[K[76;70H87,1[10C43%[70;1H[?25h[?25l[76;60H~@k[70;1H[76;60H   [70;1H[1;75r[75;1H
[1;76r[75;1H[93malias [m[1m[96ml[m[93m='[m[95mls -CF[m[93m'[m[76;70H[K[76;70H88,1[10C45%[70;1H[?25h[?25l[76;60H~@k[70;1H[76;60H   [70;1H[1;75r[75;1H
[1;76r[76;70H[K[76;70H89,0-1[8C47%[70;1H[?25h[?25l[76;60H~@k[70;1H[76;60H   [70;1H[1;75r[75;1H
[1;76r[75;1H[96m# Add an "alert" alias for long running commands.  Use like so:[m[76;70H[K[76;70H90,1[10C50%[70;1H[?25h[?25l[76;60H~@k[70;1H[76;60H   [70;1H[1;75r[75;1H
[1;76r[75;1H[96m#   sleep 10; alert[m[76;70H[K[76;70H91,1[10C52%[70;1H[?25h[?25l[76;60H~@k[70;1H[76;60H   [69;1H[1;75r[1;1H[2M[1;76r[74;1H[93malias [m[1m[96malert[m[93m='[m[95mnotify-send --urgency=low -i "$([ $? = 0 ] && echo terminal || echo error))[75;1H" "$(history|tail -n1|sed -e [m[93m'[m[38;5;224m\'[m[93m'[m[95ms/^\s*[0-9]\+\s*//;s/[;&|]\s*alert$//[m[93m'[m[38;5;224m\'[m[93m'[m[95m)"[m[93m'[m[76;70H[K[76;70H92,1[10C55%[69;1H[?25h[?25l[76;60H~@k[69;1H[76;60H   [70;1H[76;71H3[70;1H[?25h[?25l[76;60H~@k[70;1H[76;60H   [70;1H[1;75r[75;1H
[1;76r[76;70H[K[76;70H94,0-1[8C57%[70;1H[?25h[?25l[76;60H~@k[70;1H[76;60H   [70;1H[1;75r[75;1H
[1;76r[75;1H[96m# Alias definitions.[m[76;70H[K[76;70H95,1[10C60%[70;1H[?25h[?25l[76;60H~@k[70;1H[76;60H   [70;1H[1;75r[75;1H
[1;76r[75;1H[96m# You may want to put all your additions into a separate file like[m[76;70H[K[76;70H96,1[10C62%[70;1H[?25h[?25l[76;60H~@k[70;1H[76;60H   [69;1H[1;75r[1;1H[2M[1;76r[74;1H[96m# ~/.bash_aliases, instead of adding them here directly.
# See /usr/share/doc/bash-doc/examples in the bash-doc package.[m[76;70H[K[76;70H97,1[10C66%[69;1H[?25h[?25l[76;60H~@k[69;1H[76;60H   [70;1H[1;75r[75;1H
[1;76r[76;70H[K[76;70H98,0-1[8C68%[70;1H[?25h[?25l[76;60H~@k[70;1H[76;60H   [70;1H[1;75r[75;1H
[1;76r[75;1H[93mif [[m [93m-f[m ~/.bash_aliases [93m];[m [93mthen[m[76;70H[K[76;70H99,1[10C71%[70;1H[?25h[?25l[76;60H~@k[70;1H[76;60H   [70;1H[1;75r[75;1H
[1;76r[75;4H[93m . [m~/.bash_aliases[76;70H[K[76;70H100,1[9C73%[70;1H[?25h[?25l[76;60H~@k[70;1H[76;60H   [70;1H[1;75r[75;1H
[1;76r[75;1H[93mfi[m[76;70H[K[76;70H101,1[9C75%[70;1H[?25h[?25l[76;60H~@k[70;1H[76;60H   [70;1H[1;75r[75;1H
[1;76r[76;70H[K[76;70H102,1[9C77%[70;1H[?25h[?25l[76;60H~@k[70;1H[76;60H   [70;1H[1;75r[75;1H
[1;76r[75;1H[96m# enable programmable completion features (you don't need to enable[m[76;70H[K[76;70H103,0-1[7C80%[70;1H[?25h[?25l[76;60H~@k[70;1H[76;60H   [70;1H[1;75r[75;1H
[1;76r[75;1H[96m# this, if it's already enabled in /etc/bash.bashrc and /etc/profile[m[76;70H[K[76;70H104,1[9C82%[70;1H[?25h[?25l[76;60H~@k[70;1H[76;60H   [70;1H[1;75r[75;1H
[1;76r[75;1H[96m# sources /etc/bash.bashrc).[m[76;70H[K[76;70H105,1[9C84%[70;1H[?25h[?25l[76;60H~@k[70;1H[76;60H   [70;1H[1;75r[75;1H
[1;76r[75;1H[93mif ![m shopt [38;5;224m-oq[m posix[93m;[m [93mthen[m[76;70H[K[76;70H106,1[9C86%[70;1H[?25h[?25l[76;60H~@k[70;1H[76;60H   [70;1H[1;75r[75;1H
[1;76r[75;3H[93mif [[m [93m-f[m /usr/share/bash-completion/bash_completion [93m];[m [93mthen[m[76;70H[K[76;70H107,0-1[7C88%[70;1H[?25h[?25l[76;60H~@k[70;1H[76;60H   [70;1H[1;75r[75;1H
[1;76r[75;4H[93m . [m/usr/share/bash-completion/bash_completion[76;70H[K[76;70H108,1[9C91%[70;1H[?25h[?25l[76;60H~@k[70;1H[76;60H   [70;1H[1;75r[75;1H
[1;76r[75;3H[93melif[m [93m[[m [93m-f[m /etc/bash_completion [93m];[m [93mthen[m[76;70H[K[76;70H109,1[9C93%[70;1H[?25h[?25l[76;60H~@k[70;1H[76;60H   [70;1H[1;75r[75;1H
[1;76r[75;4H[93m . [m/etc/bash_completion[76;70H[K[76;70H110,1[9C95%[70;1H[?25h[?25l[76;60H~@k[70;1H[76;60H   [70;1H[1;75r[75;1H
[1;76r[75;3H[93mfi[m[76;70H[K[76;70H111,1[9C97%[70;1H[?25h[?25l[76;60H~@k[70;1H[76;60H   [70;1H[1;75r[75;1H
[1;76r[75;1H[93mfi[m[76;70H[K[76;70H112,1[9CBot[70;1H[?25h[?25l[76;60H~@k[70;1H[76;60H   [71;1H[76;72H3[71;1H[?25h[?25l[76;60H~@k[71;1H[76;60H   [72;1H[76;72H4[72;1H[?25h[?25l[76;60H~@k[72;1H[76;60H   [73;1H[76;72H5[73;1H[?25h[?25l[76;60H~@k[73;1H[76;60H   [74;1H[76;72H6[74;1H[?25h[?25l[76;60H~@k[74;1H[76;60H   [75;1H[76;72H7[75;1H[?25h[?25l[76;60H~@k[75;1H[76;60H   [75;1H[?25h[?25l[76;60H~@k[75;1H[76;60H   [75;1H[?25h[?25l[76;60H~@k[75;1H[76;60H   [75;1H[?25h[?25l[76;60H~@k[75;1H[76;60H   [75;1H[?25h[?25l[76;60H~@k[75;1H[76;60H   [75;1H[?25h[?25l[76;60H~@k[75;1H[76;60H   [75;1H[?25h[?25l[76;60H~@k[75;1H[76;60H   [75;1H[?25h[?25l[76;60H~@k[75;1H[76;60H   [75;1H[?25h[?25l[76;60H~@k[75;1H[76;60H   [75;1H[?25h[?25l[76;60H~@k[75;1H[76;60H   [75;1H[?25h[?25l[76;60H~@k[75;1H[76;60H   [75;1H[?25h[?25l[76;60H~@k[75;1H[76;60H   [75;1H[?25h[?25l[76;60H~@k[75;1H[76;60H   [75;1H[?25h[?25l[76;60H~@k[75;1H[76;60H   [75;1H[?25h[?25l[76;60H~@k[75;1H[76;60H   [75;1H[?25h[?25l[76;60H~@k[75;1H[76;60H   [75;1H[?25h[?25l[76;60H~@k[75;1H[76;60H   [75;1H[?25h[?25l[76;60H~@k[75;1H[76;60H   [75;1H[?25h[?25l[76;60H~@k[75;1H[76;60H   [75;1H[?25h[?25l[76;60H~@k[75;1H[76;60H   [75;1H[?25h[?25l[76;60H~@k[75;1H[76;60H   [75;1H[?25h[?25l[76;60H~@k[75;1H[76;60H   [75;2H[76;74H2[75;2H[?25h[?25l[76;60H~@k[75;2H[76;60H   [75;2H[?25h[?25l[76;60H~@k[75;2H[76;60H   [75;2H[?25h[?25l[76;60H^M[75;2H[76;60H  [75;2H[?25h[?25l[76;60Ho[75;2H[76;60H [75;1H
[1m-- INSERT --[m[76;70H[K[76;70H118,1[9CBot[1;75r[75;1H
[1;76r[76;70H[K[76;70H118,1[9CBot[75;1H[?25h[?25lo[76;74H2[75;2H[?25h[?25l[75;1H[K[76;74H1[75;1H[?25h[?25li[76;74H2[75;2H[?25h[?25l[75;1H[K[76;74H1[75;1H[?25h[76;1H[K[75;1H[?25l[76;60H^[[75;1H[76;60H  [75;1H[76;70H118,0-1[7CBot[75;1H[?25h[?25l[76;60H~@k[75;1H[76;60H   [74;1H[76;72H7,1  [74;1H[?25h[?25l[76;60H~@k[74;1H[76;60H   [75;1H[76;72H8,0-1[75;1H[?25h[?25l[76;60Ho[75;1H[76;60H [75;1H
[1m-- INSERT --[m[76;70H[K[76;70H119,1[9CBot[1;75r[75;1H
[1;76r[76;70H[K[76;70H119,1[9CBot[75;1H[?25h[?25lu[76;74H2[75;2H[?25h[?25lm[76;74H3[75;3H[?25h[?25la[76;74H4[75;4H[?25h[?25ls[76;74H5[75;5H[?25h[?25l[93mumask[m[76;74H6[75;6H[?25h[?25l[76;74H7[75;7H[?25h[?25l[95m0[m[76;74H8[75;8H[?25h[?25l[95m0[m[76;74H9[75;9H[?25h[?25l[95m0[m[76;74H10[75;10H[?25h[?25l[95m4[m[76;75H1[75;11H[?25h[76;1H[K[75;10H[?25l[76;60H^[[75;10H[76;60H  [75;11H[76;70H119,10[8CBot[75;10H[?25h[?25l[76;60H:[75;10H[76;60H[K[76;1H:[?25hw[?25l".bashrc" 119L, 3783B written[75;10H[76;70H119,10[8CBot[76;70H[K[76;70H119,10[8CBot[75;10H[?25h[?25l[76;60H:[75;10H[76;1H[K[76;1H:[?25hq[?25l[?2004l[>4;m[23;2t[23;1t[76;1H[K[76;1H[?1004l[?2004l[?1l>[?1049l[23;0;0t[?25h[>4;m[?2004h[01;32muser1@eltex-practice2-v11[00m:[01;34m~[00m$ soure[Kce ~//bash[1Pbash.bash[C[C[C[Crc
[?2004l[?2004h[01;32muser1@eltex-practice2-v11[00m:[01;34m~[00m$ umask
[?2004l0004
[?2004h[01;32muser1@eltex-practice2-v11[00m:[01;34m~[00m$ touch testf.txt
[?2004l[?2004h[01;32muser1@eltex-practice2-v11[00m:[01;34m~[00m$ mkdir testd[KD
[?2004l[?2004h[01;32muser1@eltex-practice2-v11[00m:[01;34m~[00m$ ls -ls[K[Kd[Kd[Kld testf.txt testD
[?2004ldrwxrwx-wx 2 user1 user1 4096 Jul 12 18:58 [0m[34;42mtestD[0m
-rw-rw--w- 1 user1 user1    0 Jul 12 18:58 testf.txt
[?2004h[01;32muser1@eltex-practice2-v11[00m:[01;34m~[00m$ exit
[?2004llogout
[?2004hroot@eltex-practice2-v11:~# su - user1
[?2004l[?2004h[01;32muser1@eltex-practice2-v11[00m:[01;34m~[00m$ umask
[?2004l0004
[?2004h[01;32muser1@eltex-practice2-v11[00m:[01;34m~[00m$ exit
[?2004llogout
[?2004hroot@eltex-practice2-v11:~# su - user1
[?2004l[?2004h[01;32muser1@eltex-practice2-v11[00m:[01;34m~[00m$ touch /opt/share/user1_file
[?2004l[?2004h[01;32muser1@eltex-practice2-v11[00m:[01;34m~[00m$ exir[Kt
[?2004llogout
[?2004hroot@eltex-practice2-v11:~# su - user 2[K[K2
[?2004l[?2004h[01;32muser2@eltex-practice2-v11[00m:[01;34m~[00m$ toucj[Kh /opt/share/user2/[K_file
[?2004l[?2004h[01;32muser2@eltex-practice2-v11[00m:[01;34m~[00m$ exir[Kt
[?2004llogout
[?2004hroot@eltex-practice2-v11:~# su - user3
[?2004lThis account is currently not available.
[?2004hroot@eltex-practice2-v11:~# su - user3[C[C[C[C[C21ls -ld /opt/share[8@sudo chmod g+s[C[C[C[C[C[C[C[C[C[C[C[2@rwx[C[C[C[C[C[C[C[C[C[C[C[10@chown root:practice2_group[C[C[C[C[C[C[C[C[C[C[C[C[C[C[C[C[C[C[C[C[C[C[C[C[C[C[C[C[C[C[C[C[C[C[C[C[C[C[Cls /opt[Kchown root:practice2_group /opt/share[C[C[C[C[C[C[C[C[C[C[C[C[C[C[C[C[C[C[C[C[C[C[C[C[C[C[C[C[10Psudo chmod g+rwx[C[C[C[C[C[C[C[C[C[C[C[2Ps[C[C[C[C[C[C[C[C[C[C[C[8Pls -ld[C[C[C[C[C[C[C[C[C[C[C[7Psu - user123[Ksu - user3[Cs user3[C user3/ user3b user3i user3n user3/ user3b user3a user3h user3s user3[1P user3[1P user3h user3[1P user3s user3h user3[C[C[C[C[C[C
[?2004l[?2004h[01;32muser3@eltex-practice2-v11[00m:[01;34m/root[00m$ cd ..[K[K[K[K[Kls[K[Kc[Kcd ~
[?2004l[?2004h[01;32muser3@eltex-practice2-v11[00m:[01;34m~[00m$ touch /opt/share/user3_file
[?2004l[?2004h[01;32muser3@eltex-practice2-v11[00m:[01;34m~[00m$ exit
[?2004lexit
[?2004hroot@eltex-practice2-v11:~# ls lk[K[K-l /opt/share
[?2004ltotal 0
-rw-rw--w- 1 user1 practice2_group 0 Jul 12 19:02 user1_file
-rw-rw-r-- 1 user2 practice2_group 0 Jul 12 19:02 user2_file
-rw-rw-r-- 1 user3 practice2_group 0 Jul 12 19:04 user3_file
[?2004hroot@eltex-practice2-v11:~# ыг [K[K[KSu - user1[K[K[K[K[K[K[K[K[K[Ksu - user1
[?2004l[?2004h[01;32muser1@eltex-practice2-v11[00m:[01;34m~[00m$ rm /opt/share/user2_file 
[?2004l[?2004h[01;32muser1@eltex-practice2-v11[00m:[01;34m~[00m$ exit
[?2004llogout
[?2004hroot@eltex-practice2-v11:~# su - user2
[?2004l[?2004h[01;32muser2@eltex-practice2-v11[00m:[01;34m~[00m$ rm /opt/share/user3_file 
[?2004l[?2004h[01;32muser2@eltex-practice2-v11[00m:[01;34m~[00m$ exit
[?2004llogout
[?2004hroot@eltex-practice2-v11:~# su -s /bin.[K/bash user3
[?2004l[?2004h[01;32muser3@eltex-practice2-v11[00m:[01;34m/root[00m$ l[Kcd ![K~
[?2004l[?2004h[01;32muser3@eltex-practice2-v11[00m:[01;34m~[00m$ rm /opt/d[Kshare/user1_file 
[?2004l[?2004h[01;32muser3@eltex-practice2-v11[00m:[01;34m~[00m$ exit
[?2004lexit
[?2004hroot@eltex-practice2-v11:~# su -s /bin/bash user3[11P user21ls -l /opt/share
[?2004ltotal 0
[?2004hroot@eltex-practice2-v11:~# [Kroot@eltex-practice2-v11:~# ls -l /opt/sharesu -s /bin/bash user3[K[K[K[K[K[K[K[K[K[K[K[K[K[K[K[K[K[K[K[K[Kls -l /opt/share[Kзп[K[Kpggree[K[K[K[Krep -af "l[Kpractice2_eltex-v11_part1.log" 
[?2004l9816 script -a practice2_eltex-v11_part1.log
[?2004hroot@eltex-practice2-v11:~# [Kroot@eltex-practice2-v11:~# [Kroot@eltex-practice2-v11:~# [Kroot@eltex-practice2-v11:~# [Kroot@eltex-practice2-v11:~# [Kroot@eltex-practice2-v11:~# [Kroot@eltex-practice2-v11:~# [Kroot@eltex-practice2-v11:~# [Kroot@eltex-practice2-v11:~# [Kroot@eltex-practice2-v11:~# [Kroot@eltex-practice2-v11:~# [Kroot@eltex-practice2-v11:~# [Kroot@eltex-practice2-v11:~# [Kroot@eltex-practice2-v11:~# [Kroot@eltex-practice2-v11:~# [Kroot@eltex-practice2-v11:~# [Kroot@eltex-practice2-v11:~# [7mpgrep -af "practice2_eltex-v11_part1.log"[27m[C[C[C[C[C[C[C[C[C[C[C[C[C[C[C[C[C[C[C[C[C[C[C[C[C[C[C[Cpgrep -af "practice2_eltex-v11_part1.log"
[?2004l9816 script -a practice2_eltex-v11_part1.log
[?2004hroot@eltex-practice2-v11:~# clear
[?2004l[H[2J[?2004hroot@eltex-practice2-v11:~# ls -ld account.[K/
[?2004lls: cannot access 'account/': No such file or directory
[?2004hroot@eltex-practice2-v11:~# ls -ld account/[K[K[K[K[K[K[K[K[K[K[K[K
.bash_history                  .cache/                        practice2_eltex-v11_part1.log  .ssh/                          
.bashrc                        .lesshst                       .profile                       .viminfo                       
root@eltex-practice2-v11:~# ls ls -[K[K[K[K-ld practice2_eltex-v11_part1.log 
[?2004l-rw-r--r-- 1 root root 52811 Jul 12 19:08 practice2_eltex-v11_part1.log
[?2004hroot@eltex-practice2-v11:~# ыгвщ [K[K[K[K[Kыгвщ [K[K[K[K[Ksudo chmod +t /opt/share
[?2004l[?2004hroot@eltex-practice2-v11:~# ls -ls[Kd /opt [K/share
[?2004ldrwxrwsr-t 2 root practice2_group 4096 Jul 12 19:08 [0m[37;44m/opt/share[0m
[?2004hroot@eltex-practice2-v11:~# su - user1
[?2004l[?2004h[01;32muser1@eltex-practice2-v11[00m:[01;34m~[00m$ tu[Kouch file_user1
[?2004l[?2004h[01;32muser1@eltex-practice2-v11[00m:[01;34m~[00m$ ls
[?2004lfile_user1  [0m[34;42mtestD[0m  testf.txt
[?2004h[01;32muser1@eltex-practice2-v11[00m:[01;34m~[00m$ rm -r file_user1 
[?2004l[?2004h[01;32muser1@eltex-practice2-v11[00m:[01;34m~[00m$ ls
[?2004l[0m[34;42mtestD[0m  testf.txt
[?2004h[01;32muser1@eltex-practice2-v11[00m:[01;34m~[00m$ ls /op[K[K[K[K[K[Kcd ho[K[K..
[?2004l[?2004h[01;32muser1@eltex-practice2-v11[00m:[01;34m/home[00m$ ls
[?2004l[0m[01;34mtech[0m  [01;34muser1[0m  [01;34muser2[0m  [01;34muser3[0m
[?2004h[01;32muser1@eltex-practice2-v11[00m:[01;34m/home[00m$ cd user1
[?2004l[?2004h[01;32muser1@eltex-practice2-v11[00m:[01;34m~[00m$ ls
[?2004l[0m[34;42mtestD[0m  testf.txt
[?2004h[01;32muser1@eltex-practice2-v11[00m:[01;34m~[00m$ ls /opt
[?2004l[0m[37;44mshare[0m
[?2004h[01;32muser1@eltex-practice2-v11[00m:[01;34m~[00m$ touch /opt/share/ [Kfile_use1[Kr1
[?2004l[?2004h[01;32muser1@eltex-practice2-v11[00m:[01;34m~[00m$ exit
[?2004llogout
[?2004hroot@eltex-practice2-v11:~# su - user2
[?2004l[?2004h[01;32muser2@eltex-practice2-v11[00m:[01;34m~[00m$ touch /opt/share/[K/file_user2
[?2004l[?2004h[01;32muser2@eltex-practice2-v11[00m:[01;34m~[00m$ exit
[?2004llogout
[?2004hroot@eltex-practice2-v11:~# su -s /bin/bash user3
[?2004l[?2004h[01;32muser3@eltex-practice2-v11[00m:[01;34m/root[00m$ cd ..[K[K~
[?2004l[?2004h[01;32muser3@eltex-practice2-v11[00m:[01;34m~[00m$ touch /opt/share/u[Kfile_user3
[?2004l[?2004h[01;32muser3@eltex-practice2-v11[00m:[01;34m~[00m$ exit
[?2004lexit
[?2004hroot@eltex-practice2-v11:~# su - user1
[?2004l[?2004h[01;32muser1@eltex-practice2-v11[00m:[01;34m~[00m$ ls /opt/share
[?2004lfile_user1  file_user2  file_user3
[?2004h[01;32muser1@eltex-practice2-v11[00m:[01;34m~[00m$ ls -ls[Kd /opt/share
[?2004ldrwxrwsr-t 2 root practice2_group 4096 Jul 13 05:00 [0m[37;44m/opt/share[0m
[?2004h[01;32muser1@eltex-practice2-v11[00m:[01;34m~[00m$ ls -ld /opt/share[1P[C
[?2004l[0m[37;44m/opt/share[0m
[?2004h[01;32muser1@eltex-practice2-v11[00m:[01;34m~[00m$ ls -d /opt/share[1P /opt/sharel /opt/share
[?2004ltotal 0
-rw-rw--w- 1 user1 practice2_group 0 Jul 13 04:59 file_user1
-rw-rw-r-- 1 user2 practice2_group 0 Jul 13 05:00 file_user2
-rw-rw-r-- 1 user3 practice2_group 0 Jul 13 05:00 file_user3
[?2004h[01;32muser1@eltex-practice2-v11[00m:[01;34m~[00m$ кь -к [K[K[K[K[K[Krm 0[K-r practice[K[K[K[K[K[K[K[Kfil[K[K[K/op[Kpt/share/file_user1[K[K2[Ke[Kr2
[?2004lrm: cannot remove '/opt/share/file_user2': Operation not permitted
[?2004h[01;32muser1@eltex-practice2-v11[00m:[01;34m~[00m$ rm -r /opt/share/file_user2[K4[K3
[?2004lrm: cannot remove '/opt/share/file_user3': Operation not permitted
[?2004h[01;32muser1@eltex-practice2-v11[00m:[01;34m~[00m$ exit
[?2004llogout
[?2004hroot@eltex-practice2-v11:~# su - user2
[?2004l[?2004h[01;32muser2@eltex-practice2-v11[00m:[01;34m~[00m$ r m[K[Km -r /opt/share/file_user3[K3
[?2004lrm: cannot remove '/opt/share/file_user3': Operation not permitted
[?2004h[01;32muser2@eltex-practice2-v11[00m:[01;34m~[00m$ rm -r /opt/share/file_user3[K1
[?2004lrm: cannot remove '/opt/share/file_user1': Operation not permitted
[?2004h[01;32muser2@eltex-practice2-v11[00m:[01;34m~[00m$ exit
[?2004llogout
[?2004hroot@eltex-practice2-v11:~# сщь[K[K[Kcommand -v dmesg
[?2004l/usr/bin/dmesg
[?2004hroot@eltex-practice2-v11:~# sudo visudo -f /etc/sudoers.d/user1-dmesg[K[K[K[K[K[K[K[K[K[K[K[K[K[K[K[K[K[K[K[K[K[K[K[K[K[K[K[K[K[K[K[K[K[K[K[K[K[K[K[K[K[7msudo dmesg | less[27msudo dmesg | less
[?2004l[?1049h[22;0;0t[?1h=[    0.000000] Linux version 6.8.0-134-generic (buildd@lcy02-amd64-007) (x86_64-linux-gnu-gcc-13 (Ubuntu 13.3.0-6ubuntu2~24.04.1) 13.3.0, GNU ld (GNU Binutils for  Ubuntu) 2.42) #134-Ubuntu SMP PREEMPT_DYNAMIC Fri Jun 26 18:43:11 UTC 2026 (Ubuntu 6.8.0-134.134-generic 6.8.12)
[    0.000000] Command line: BOOT_IMAGE=/vmlinuz-6.8.0-134-generic root=/dev/mapper/ubuntu--vg-ubuntu--lv ro
[    0.000000] KERNEL supported cpus:
[    0.000000]   Intel GenuineIntel
[    0.000000]   AMD AuthenticAMD
[    0.000000]   Hygon HygonGenuine
[    0.000000]   Centaur CentaurHauls
[    0.000000]   zhaoxin   Shanghai  
[    0.000000] BIOS-provided physical RAM map:
[    0.000000] BIOS-e820: [mem 0x0000000000000000-0x000000000009fbff] usable
[    0.000000] BIOS-e820: [mem 0x000000000009fc00-0x000000000009ffff] reserved
[    0.000000] BIOS-e820: [mem 0x00000000000f0000-0x00000000000fffff] reserved
[    0.000000] BIOS-e820: [mem 0x0000000000100000-0x00000000bffd9fff] usable
[    0.000000] BIOS-e820: [mem 0x00000000bffda000-0x00000000bfffffff] reserved
[    0.000000] BIOS-e820: [mem 0x00000000feffc000-0x00000000feffffff] reserved
[    0.000000] BIOS-e820: [mem 0x00000000fffc0000-0x00000000ffffffff] reserved
[    0.000000] BIOS-e820: [mem 0x0000000100000000-0x000000013fffffff] usable
[    0.000000] BIOS-e820: [mem 0x000000fd00000000-0x000000ffffffffff] reserved
[    0.000000] NX (Execute Disable) protection: active
[    0.000000] APIC: Static calls initialized
[    0.000000] SMBIOS 2.8 present.
[    0.000000] DMI: QEMU Standard PC (i440FX + PIIX, 1996), BIOS rel-1.17.0-0-gb52ca86e094d-prebuilt.qemu.org 04/01/2014
[    0.000000] Hypervisor detected: KVM
[    0.000000] kvm-clock: Using msrs 4b564d01 and 4b564d00
[    0.000000] kvm-clock: using sched offset of 467820544001 cycles
[    0.000002] clocksource: kvm-clock: mask: 0xffffffffffffffff max_cycles: 0x1cd42e4dffb, max_idle_ns: 881590591483 ns
[    0.000005] tsc: Detected 3399.996 MHz processor
[    0.000905] e820: update [mem 0x00000000-0x00000fff] usable ==> reserved
[    0.000908] e820: remove [mem 0x000a0000-0x000fffff] usable
[    0.116083] AGP: No AGP bridge found
[    0.116837] last_pfn = 0x140000 max_arch_pfn = 0x400000000
[    0.116874] MTRR map: 4 entries (3 fixed + 1 variable; max 19), built from 8 variable MTRRs
[    0.116878] x86/PAT: Configuration [0-7]: WB  WC  UC- UC  WB  WP  UC- WT  
[    0.116924] last_pfn = 0xbffda max_arch_pfn = 0x400000000
[    0.118488] found SMP MP-table at [mem 0x000f5490-0x000f549f]
[    0.118762] RAMDISK: [mem 0x2edf1000-0x336effff]
[    0.119122] ACPI: Early table checksum verification disabled
[    0.119126] ACPI: RSDP 0x00000000000F5290 000014 (v00 BOCHS )
[    0.119131] ACPI: RSDT 0x00000000BFFE3B52 000034 (v01 BOCHS  BXPC     00000001 BXPC 00000001)
:[K[K[?1l>[?1049l[23;0;0t[?2004hroot@eltex-practice2-v11:~# sudo dmesg | less[1Pcommand -v dmesgsudo dmesg | less[Kman visudo
[?2004l[?1049h[22;0;0t[?1h=[4mVISUDO[24m(8)                                                           System Manager's Manual                                                         [4mVISUDO[24m(8)[m
[m
[1mNAME[0m[m
       visudo — edit the sudoers file[m
[m
[1mSYNOPSIS[0m[m
       [1mvisudo [22m[[1m-chIOPqsV[22m] [[[1m-f[22m] [4msudoers[24m][m
[m
[1mDESCRIPTION[0m[m
       [1mvisudo  [22medits  the  [4msudoers[24m file in a safe fashion, analogous to [4mvipw[24m(8).  [1mvisudo [22mlocks the [4msudoers[24m file against multiple simultaneous edits, performs[m
       basic validity checks, and checks for syntax errors before installing the edited file.  If the [4msudoers[24m file is currently being edited you will receive[m
       a message to try again later.[m
[m
       If the [4msudoers[24m file does not exist, it will be created unless the editor exits without writing to the file.[m
[m
       [1mvisudo [22mparses the [4msudoers[24m file after editing and will not save the changes if there is a syntax error.  Upon finding an error,  [1mvisudo  [22mwill  print  a[m
       message stating the line number(s) where the error occurred and the user will receive the “What now?” prompt.  At this point the user may enter ‘e’ to[m
       re-edit the [4msudoers[24m file, ‘x’ to exit without saving the changes, or ‘Q’ to quit and save changes.  The ‘Q’ option should be used with extreme caution[m
       because if [1mvisudo [22mbelieves there to be a syntax error, so will [1msudo[22m.  If ‘e’ is typed to edit the [4msudoers[24m file after a syntax error has been detected,[m
       the cursor will be placed on the line where the error occurred (if the editor supports this feature).[m
[m
       There are two [4msudoers[24m settings that determine which editor [1mvisudo [22mwill run.[m
[m
       editor      A  colon  (‘:’)  separated  list  of  editors  allowed  to  be  used  with  [1mvisudo[22m.  [1mvisudo [22mwill choose the editor that matches the user's[m
                   SUDO_EDITOR, VISUAL, or EDITOR environment variable if possible, or the first editor in the list that exists and is executable.  [1msudo [22mdoes[m
                   not preserve the SUDO_EDITOR, VISUAL, or EDITOR environment variables unless they are present in the [4menv_keep[24m list or the [4menv_reset[24m option[m
                   is disabled in the [4msudoers[24m file.  The default editor path is [4m/usr/bin/editor[24m which can be set at compile time via the  [1m--with-editor  [22mcon‐[m
                   figure option.[m
[m
       env_editor  If  set,  [1mvisudo  [22mwill use the value of the SUDO_EDITOR, VISUAL, or EDITOR environment variables before falling back on the default editor[m
                   list.  [1mvisudo [22mis typically run as root so this option may allow a user with [1mvisudo [22mprivileges to run arbitrary commands  as  root  without[m
                   logging.   An  alternative  is  to  place  a  colon-separated  list  of  “safe” editors in the [4meditor[24m variable.  [1mvisudo [22mwill then only use[m
                   SUDO_EDITOR, VISUAL, or EDITOR if they match a value specified in [4meditor[24m.  If the [4menv_reset[24m flag  is  enabled,  the  SUDO_EDITOR,  VISUAL,[m
                   and/or  EDITOR  environment  variables must be present in the [4menv_keep[24m list for the [4menv_editor[24m flag to function when [1mvisudo [22mis invoked via[m
                   [1msudo[22m.  The default value is [4mon[24m, which can be set at compile time via the [1m--with-env-editor [22mconfigure option.[m
[m
       The options are as follows:[m
[m
       [1m-c[22m, [1m--check[0m[m
               Enable [4mcheck-only[24m mode.  The existing [4msudoers[24m file (and any other files it includes) will be checked for syntax errors.  If the  path  to  the[m
[7m Manual page visudo(8) line 1 (press h for help or q to quit)[27m[K[K [KESCESC[KOO[KBB[K               [4msudoers[24m  file  was  not  specified,  [1mvisudo [22mwill also check the file ownership and permissions (see the [1m-O [22mand [1m-P [22moptions).  A message will be[m
[7m Manual page visudo(8) line 2 (press h for help or q to quit)[27m[K[K [KESCESC[KOO[KBB[K               printed to the standard output describing the status of [4msudoers[24m unless the [1m-q [22moption was specified.   If  the  check  completes  successfully,[m
[7m Manual page visudo(8) line 3 (press h for help or q to quit)[27m[K[K [KESCESC[KOO[KBB[K               [1mvisudo [22mwill exit with a value of 0.  If an error is encountered, [1mvisudo [22mwill exit with a value of 1.[m
[7m Manual page visudo(8) line 4 (press h for help or q to quit)[27m[K[K [KESCESC[KOO[KBB[K[m
[7m Manual page visudo(8) line 5 (press h for help or q to quit)[27m[K[K [KESCESC[KOO[KBB[K       [1m-f [4m[22msudoers[24m, [1m--file[22m=[4msudoers[0m[m
[7m Manual page visudo(8) line 6 (press h for help or q to quit)[27m[K[K [KESCESC[KOO[KBB[K               Specify an alternate [4msudoers[24m file location, see below.  As of version 1.8.27, the [4msudoers[24m path can be specified without using the [1m-f [22moption.[m
[7m Manual page visudo(8) line 7 (press h for help or q to quit)[27m[K[K [KESCESC[KOO[KBB[K[m
[7m Manual page visudo(8) line 8 (press h for help or q to quit)[27m[K[K [KESCESC[KOO[KBB[K       [1m-h[22m, [1m--help[0m[m
[7m Manual page visudo(8) line 9 (press h for help or q to quit)[27m[K[K [KESCESC[KOO[KBB[K               Display a short help message to the standard output and exit.[m
[7m Manual page visudo(8) line 10 (press h for help or q to quit)[27m[K[K [KESCESC[KOO[KBB[K[m
[7m Manual page visudo(8) line 11 (press h for help or q to quit)[27m[K[K[?1l>[?1049l[23;0;0t[?2004hroot@eltex-practice2-v11:~# [7msudo visudo -f /etc/sudoers.d/user1-dmesg[27m[C[C[C[C[C[C[C[C[C[C[C[C[C[C[C[C[C[C[C[C[C[C[C[C[C[C[C[Csudo visudo -f /etc/sudoers.d/user1-dmesg
[?2004l[?2004h[?1049h[22;0;0t[1;41r(B[m[4l[?7h[39;49m[?1h=[?1h=[?25l[39;49m(B[m[H[2J[39;75H(B[0;7m[ Reading... ](B[m[39;74H(B[0;7m[ Read 0 lines ](B[m[H(B[0;7m  GNU nano 7.2                                                      /etc/sudoers.d/user1-dmesg.tmp                                                                [1;161H(B[m[40d(B[0;7m^G(B[m Help[40;17H(B[0;7m^O(B[m Write Out    (B[0;7m^W(B[m Where Is     (B[0;7m^K(B[m Cut[40;65H(B[0;7m^T(B[m Execute[81G(B[0;7m^C(B[m Location     (B[0;7mM-U(B[m Undo[40;113H(B[0;7mM-A(B[m Set Mark    (B[0;7mM-](B[m To Bracket  (B[0;7mM-Q(B[m Previous[41d(B[0;7m^X(B[m Exit[41;17H(B[0;7m^R(B[m Read File    (B[0;7m^\(B[m Replace[49G(B[0;7m^U(B[m Paste[41;65H(B[0;7m^J(B[m Justify[81G(B[0;7m^/(B[m Go To Line   (B[0;7mM-E(B[m Redo[41;113H(B[0;7mM-6(B[m Copy[41;129H(B[0;7m^Q(B[m Where Was    (B[0;7mM-W(B[m Next[2d[?12l[?25h[?25l[1;100H(B[0;7m*[161G(B[m[?12l[?25h[2du[?25l[?12l[?25hs[?25l[?12l[?25he[?25l[?12l[?25hr[?25l[?12l[?25h1[?25l[?12l[?25h [?25l[?12l[?25hA[?25l[?12l[?25hLL[?25l[?12l[?25h=[?25l[?12l[?25h([?25l[?12l[?25hr[?25l[?12l[?25ho[?25l[?12l[?25ho[?25l[?12l[?25ht[?25l[?12l[?25h)[?25l[?12l[?25h [?25l[?12l[?25h/[?25l[?12l[?25hu[?25l[39d[K[?12l[?25h[2;20Hs[?25l[?12l[?25hr[?25l[?12l[?25h/[?25l[?12l[?25hb[?25l[?12l[?25hi[?25l[?12l[?25hn[?25l[?12l[?25h/[?25l[?12l[?25hd[?25l[?12l[?25hm[?25l[?12l[?25he[?25l[?12l[?25hs[?25l[?12l[?25hg[?25l[39d(B[0;7mSave modified buffer?                                                                                                                                             [40;1H Y(B[m Yes[K[41d(B[0;7m N(B[m No  [41;18H(B[0;7mC(B[m Cancel[K[39;23H[?12l[?25h[?25l[40d(B[0;7m^G(B[m Help[40;41H(B[0;7mM-D(B[m DOS Format[40;81H(B[0;7mM-A(B[m Append[40;121H(B[0;7mM-B(B[m Backup File[41d(B[0;7m^C(B[m Cancel[17G         [41;41H(B[0;7mM-M(B[m Mac Format[41;81H(B[0;7mM-P(B[m Prepend[41;121H(B[0;7m^T(B[m Browse[39d(B[0;7mFile Name to Write: /etc/sudoers.d/user1-dmesg.tmp(B[m[?12l[?25h[?25l[39;74H[1K (B[0;7m[ Writing... ](B[m[K[1;100H(B[0;7m [161G(B[m[39;74H(B[0;7m[ Wrote 1 line ](B[m[J[41d[?12l[?25h[41;1H[?1049l[23;0;0t[?1l>[?2004l[?2004hroot@eltex-practice2-v11:~# ды [K[K[Ksudo visudo -f /etc/sudoers.d/user1-dmesg[1P /etc/sudoers.d/user1-dmesg[1P /etc/sudoers.d/user1-dmesg[1P/etc/sudoers.d/user1-dmesg[1P /etc/sudoers.d/user1-dmesg[1P /etc/sudoers.d/user1-dmesg[1P /etc/sudoers.d/user1-dmesg[1P /etc/sudoers.d/user1-dmesg[1P /etc/sudoers.d/user1-dmesg[1P /etc/sudoers.d/user1-dmesg[1P/etc/sudoers.d/user1-dmesg[1P /etc/sudoers.d/user1-dmesg[1P /etc/sudoers.d/user1-dmesg[1P /etc/sudoers.d/user1-dmesg[1P /etc/sudoers.d/user1-dmesgls /etc/sudoers.d/user1-dmesg[C[C[C[C[C[C[C[C[C[C[C[C[C[C[C[C[C[C[C[C[C[C[C[C[C[C[C[K[K[K[K[K[K[K[K[K[K[K[K
[?2004lREADME  user1-dmesg
[?2004hroot@eltex-practice2-v11:~# [7msudo visudo -c[27msudo visudo -c
[?2004l/etc/sudoers: parsed OK
/etc/sudoers.d/README: parsed OK
/etc/sudoers.d/user1-dmesg: bad permissions, should be mode 0440
[?2004hroot@eltex-practice2-v11:~# срщцт[K[K[K[K[Kсрщцт [K[K[K[K[K[Kchown root:root / [Ketc.[K/sudoers.d/user1-dmesg
[?2004l[?2004hroot@eltex-practice2-v11:~# chmod 0440 /etc/sudoers.d/user1-dmesg
[?2004l[?2004hroot@eltex-practice2-v11:~# [7mvisudo -c[27mvisudo -c
[?2004l/etc/sudoers: parsed OK
/etc/sudoers.d/README: parsed OK
/etc/sudoers.d/user1-dmesg: parsed OK
[?2004hroot@eltex-practice2-v11:~# [7mls -l /etc/sudoers.d/user1-dmesg[27m[C[C[C[C[C[C[C[C[C[C[C[C[C[C[C[C[C[C[C[C[C[C[C[C[C[C[C[Cls -l /etc/sudoers.d/user1-dmesg
[?2004l-r--r----- 1 root root 32 Jul 13 05:19 /etc/sudoers.d/user1-dmesg
[?2004hroot@eltex-practice2-v11:~# [7mstat -c '%a %U:%G' /etc/sudoers.d/user1-dmesg[27m[C[C[C[C[C[C[C[C[C[C[C[C[C[C[C[C[C[C[C[C[C[C[C[C[C[C[C[Cstat -c '%a %U:%G' /etc/sudoers.d/user1-dmesg
[?2004l440 root:root
[?2004hroot@eltex-practice2-v11:~# ыг [K[K[Kыг [K[K[KSu [K[K[Ksu - user1
[?2004l[?2004h[01;32muser1@eltex-practice2-v11[00m:[01;34m~[00m$ sudo /usr/bin/dmesg
[?2004l[sudo] password for user1: 
[32m[    0.000000] [0mLinux version 6.8.0-134-generic (buildd@lcy02-amd64-007) (x86_64-linux-gnu-gcc-13 (Ubuntu 13.3.0-6ubuntu2~24.04.1) 13.3.0, GNU ld (GNU Binutils for Ubuntu) 2.42) #134-Ubuntu SMP PREEMPT_DYNAMIC Fri Jun 26 18:43:11 UTC 2026 (Ubuntu 6.8.0-134.134-generic 6.8.12)
[32m[    0.000000] [0m[33mCommand line: [0mBOOT_IMAGE=/vmlinuz-6.8.0-134-generic root=/dev/mapper/ubuntu--vg-ubuntu--lv ro
[32m[    0.000000] [0mKERNEL supported cpus:
[32m[    0.000000] [0m  Intel GenuineIntel
[32m[    0.000000] [0m  AMD AuthenticAMD
[32m[    0.000000] [0m  Hygon HygonGenuine
[32m[    0.000000] [0m  Centaur CentaurHauls
[32m[    0.000000] [0m  zhaoxin   Shanghai  
[32m[    0.000000] [0mBIOS-provided physical RAM map:
[32m[    0.000000] [0m[33mBIOS-e820: [0m[mem 0x0000000000000000-0x000000000009fbff] usable
[32m[    0.000000] [0m[33mBIOS-e820: [0m[mem 0x000000000009fc00-0x000000000009ffff] reserved
[32m[    0.000000] [0m[33mBIOS-e820: [0m[mem 0x00000000000f0000-0x00000000000fffff] reserved
[32m[    0.000000] [0m[33mBIOS-e820: [0m[mem 0x0000000000100000-0x00000000bffd9fff] usable
[32m[    0.000000] [0m[33mBIOS-e820: [0m[mem 0x00000000bffda000-0x00000000bfffffff] reserved
[32m[    0.000000] [0m[33mBIOS-e820: [0m[mem 0x00000000feffc000-0x00000000feffffff] reserved
[32m[    0.000000] [0m[33mBIOS-e820: [0m[mem 0x00000000fffc0000-0x00000000ffffffff] reserved
[32m[    0.000000] [0m[33mBIOS-e820: [0m[mem 0x0000000100000000-0x000000013fffffff] usable
[32m[    0.000000] [0m[33mBIOS-e820: [0m[mem 0x000000fd00000000-0x000000ffffffffff] reserved
[32m[    0.000000] [0m[33mNX (Execute Disable) protection: [0mactive
[32m[    0.000000] [0m[33mAPIC: [0mStatic calls initialized
[32m[    0.000000] [0mSMBIOS 2.8 present.
[32m[    0.000000] [0m[33mDMI: [0mQEMU Standard PC (i440FX + PIIX, 1996), BIOS rel-1.17.0-0-gb52ca86e094d-prebuilt.qemu.org 04/01/2014
[32m[    0.000000] [0m[33mHypervisor detected: [0mKVM
[32m[    0.000000] [0m[33mkvm-clock: [0mUsing msrs 4b564d01 and 4b564d00
[32m[    0.000000] [0m[33mkvm-clock: [0musing sched offset of 467820544001 cycles
[32m[    0.000002] [0m[33mclocksource: [0mkvm-clock: mask: 0xffffffffffffffff max_cycles: 0x1cd42e4dffb, max_idle_ns: 881590591483 ns
[32m[    0.000005] [0m[33mtsc: [0mDetected 3399.996 MHz processor
[32m[    0.000905] [0m[33me820: [0mupdate [mem 0x00000000-0x00000fff] usable ==> reserved
[32m[    0.000908] [0m[33me820: [0mremove [mem 0x000a0000-0x000fffff] usable
[32m[    0.116083] [0m[33mAGP: [0mNo AGP bridge found
[32m[    0.116837] [0mlast_pfn = 0x140000 max_arch_pfn = 0x400000000
[32m[    0.116874] [0m[33mMTRR map: [0m4 entries (3 fixed + 1 variable; max 19), built from 8 variable MTRRs
[32m[    0.116878] [0m[33mx86/PAT: [0mConfiguration [0-7]: WB  WC  UC- UC  WB  WP  UC- WT  
[32m[    0.116924] [0mlast_pfn = 0xbffda max_arch_pfn = 0x400000000
[32m[    0.118488] [0mfound SMP MP-table at [mem 0x000f5490-0x000f549f]
[32m[    0.118762] [0m[33mRAMDISK: [0m[mem 0x2edf1000-0x336effff]
[32m[    0.119122] [0m[33mACPI: [0mEarly table checksum verification disabled
[32m[    0.119126] [0m[33mACPI: [0mRSDP 0x00000000000F5290 000014 (v00 BOCHS )
[32m[    0.119131] [0m[33mACPI: [0mRSDT 0x00000000BFFE3B52 000034 (v01 BOCHS  BXPC     00000001 BXPC 00000001)
[32m[    0.119137] [0m[33mACPI: [0mFACP 0x00000000BFFE396C 000074 (v01 BOCHS  BXPC     00000001 BXPC 00000001)
[32m[    0.119141] [0m[33mACPI: [0mDSDT 0x00000000BFFDF040 00492C (v01 BOCHS  BXPC     00000001 BXPC 00000001)
[32m[    0.119143] [0m[33mACPI: [0mFACS 0x00000000BFFDF000 000040
[32m[    0.119145] [0m[33mACPI: [0mAPIC 0x00000000BFFE39E0 000080 (v03 BOCHS  BXPC     00000001 BXPC 00000001)
[32m[    0.119146] [0m[33mACPI: [0mSSDT 0x00000000BFFE3A60 0000CA (v01 BOCHS  VMGENID  00000001 BXPC 00000001)
[32m[    0.119149] [0m[33mACPI: [0mWAET 0x00000000BFFE3B2A 000028 (v01 BOCHS  BXPC     00000001 BXPC 00000001)
[32m[    0.119150] [0m[33mACPI: [0mReserving FACP table memory at [mem 0xbffe396c-0xbffe39df]
[32m[    0.119151] [0m[33mACPI: [0mReserving DSDT table memory at [mem 0xbffdf040-0xbffe396b]
[32m[    0.119152] [0m[33mACPI: [0mReserving FACS table memory at [mem 0xbffdf000-0xbffdf03f]
[32m[    0.119152] [0m[33mACPI: [0mReserving APIC table memory at [mem 0xbffe39e0-0xbffe3a5f]
[32m[    0.119153] [0m[33mACPI: [0mReserving SSDT table memory at [mem 0xbffe3a60-0xbffe3b29]
[32m[    0.119154] [0m[33mACPI: [0mReserving WAET table memory at [mem 0xbffe3b2a-0xbffe3b51]
[32m[    0.119616] [0mNo NUMA configuration found
[32m[    0.119618] [0mFaking a node at [mem 0x0000000000000000-0x000000013fffffff]
[32m[    0.119625] [0mNODE_DATA(0) allocated [mem 0x13ffd2000-0x13fffcfff]
[32m[    0.119756] [0mZone ranges:
[32m[    0.119756] [0m  DMA      [mem 0x0000000000001000-0x0000000000ffffff]
[32m[    0.119758] [0m  DMA32    [mem 0x0000000001000000-0x00000000ffffffff]
[32m[    0.119759] [0m  Normal   [mem 0x0000000100000000-0x000000013fffffff]
[32m[    0.119760] [0m  Device   empty
[32m[    0.119760] [0mMovable zone start for each node
[32m[    0.119762] [0mEarly memory node ranges
[32m[    0.119762] [0m[33m  node   0: [0m[mem 0x0000000000001000-0x000000000009efff]
[32m[    0.119763] [0m[33m  node   0: [0m[mem 0x0000000000100000-0x00000000bffd9fff]
[32m[    0.119764] [0m[33m  node   0: [0m[mem 0x0000000100000000-0x000000013fffffff]
[32m[    0.119765] [0mInitmem setup node 0 [mem 0x0000000000001000-0x000000013fffffff]
[32m[    0.119875] [0m[33mOn node 0, zone DMA: [0m1 pages in unavailable ranges
[32m[    0.119886] [0m[33mOn node 0, zone DMA: [0m97 pages in unavailable ranges
[32m[    0.125799] [0m[33mOn node 0, zone Normal: [0m38 pages in unavailable ranges
[32m[    0.127535] [0m[33mACPI: [0mPM-Timer IO Port: 0x608
[32m[    0.127546] [0m[33mACPI: [0mLAPIC_NMI (acpi_id[0xff] dfl dfl lint[0x1])
[32m[    0.127573] [0m[33mIOAPIC[0]: [0mapic_id 0, version 17, address 0xfec00000, GSI 0-23
[32m[    0.127575] [0m[33mACPI: [0mINT_SRC_OVR (bus 0 bus_irq 0 global_irq 2 dfl dfl)
[32m[    0.127576] [0m[33mACPI: [0mINT_SRC_OVR (bus 0 bus_irq 5 global_irq 5 high level)
[32m[    0.127577] [0m[33mACPI: [0mINT_SRC_OVR (bus 0 bus_irq 9 global_irq 9 high level)
[32m[    0.127578] [0m[33mACPI: [0mINT_SRC_OVR (bus 0 bus_irq 10 global_irq 10 high level)
[32m[    0.127579] [0m[33mACPI: [0mINT_SRC_OVR (bus 0 bus_irq 11 global_irq 11 high level)
[32m[    0.127582] [0m[33mACPI: [0mUsing ACPI (MADT) for SMP configuration information
[32m[    0.127583] [0m[33msmpboot: [0mAllowing 2 CPUs, 0 hotplug CPUs
[32m[    0.127600] [0m[33mkvm-guest: [0mAPIC: eoi() replaced with kvm_guest_apic_eoi_write()
[32m[    0.127612] [0m[33mPM: [0mhibernation: Registered nosave memory: [mem 0x00000000-0x00000fff]
[32m[    0.127614] [0m[33mPM: [0mhibernation: Registered nosave memory: [mem 0x0009f000-0x000fffff]
[32m[    0.127615] [0m[33mPM: [0mhibernation: Registered nosave memory: [mem 0xbffda000-0xffffffff]
[32m[    0.127616] [0m[mem 0xc0000000-0xfeffbfff] available for PCI devices
[32m[    0.127617] [0mBooting paravirtualized kernel on KVM
[32m[    0.127619] [0m[33mclocksource: [0mrefined-jiffies: mask: 0xffffffff max_cycles: 0xffffffff, max_idle_ns: 1910969940391419 ns
[32m[    0.127624] [0m[33msetup_percpu: [0mNR_CPUS:8192 nr_cpumask_bits:2 nr_cpu_ids:2 nr_node_ids:1
[32m[    0.127808] [0m[33mpercpu: [0mEmbedded 86 pages/cpu s229376 r8192 d114688 u1048576
[32m[    0.127812] [0m[33mpcpu-alloc: [0ms229376 r8192 d114688 u1048576 alloc=1*2097152
[32m[    0.127814] [0m[33mpcpu-alloc: [0m[0] 0 1 
[32m[    0.127834] [0m[33mkvm-guest: [0mPV spinlocks enabled
[32m[    0.127836] [0m[33mPV qspinlock hash table entries: [0m256 (order: 0, 4096 bytes, linear)
[32m[    0.127838] [0m[33mKernel command line: [0mBOOT_IMAGE=/vmlinuz-6.8.0-134-generic root=/dev/mapper/ubuntu--vg-ubuntu--lv ro
[32m[    0.128175] [0m[33mDentry cache hash table entries: [0m524288 (order: 10, 4194304 bytes, linear)
[32m[    0.128327] [0m[33mInode-cache hash table entries: [0m262144 (order: 9, 2097152 bytes, linear)
[32m[    0.128348] [0m[33mFallback order for Node 0: [0m0 
[32m[    0.128350] [0m[33mBuilt 1 zonelists, mobility grouping on.  Total pages: [0m1031898
[32m[    0.128351] [0m[33mPolicy zone: [0mNormal
[32m[    0.128354] [0m[33mmem auto-init: [0mstack:all(zero), heap alloc:on, heap free:off
[32m[    0.128356] [0m[33mAGP: [0mChecking aperture...
[32m[    0.215314] [0m[33mAGP: [0mNo AGP bridge found
[32m[    0.216120] [0m[33msoftware IO TLB: [0marea num 2.
[32m[    0.230447] [0m[33mMemory: [0m3925880K/4193760K available (22528K kernel code, 4439K rwdata, 14420K rodata, 4924K init, 4788K bss, 267620K reserved, 0K cma-reserved)
[32m[    0.249242] [0m[33mSLUB: [0mHWalign=64, Order=0-3, MinObjects=0, CPUs=2, Nodes=1
[32m[    0.249331] [0m[33mftrace: [0mallocating 58301 entries in 228 pages
[32m[    0.259055] [0m[33mftrace: [0mallocated 228 pages with 4 groups
[32m[    0.259754] [0m[33mDynamic Preempt: [0mvoluntary
[32m[    0.259961] [0m[33mrcu: [0mPreemptible hierarchical RCU implementation.
[32m[    0.259962] [0m[33mrcu: [0m	RCU restricting CPUs from NR_CPUS=8192 to nr_cpu_ids=2.
[32m[    0.259963] [0m	Trampoline variant of Tasks RCU enabled.
[32m[    0.259964] [0m	Rude variant of Tasks RCU enabled.
[32m[    0.259964] [0m	Tracing variant of Tasks RCU enabled.
[32m[    0.259965] [0m[33mrcu: [0mRCU calculated value of scheduler-enlistment delay is 100 jiffies.
[32m[    0.259965] [0m[33mrcu: [0mAdjusting geometry for rcu_fanout_leaf=16, nr_cpu_ids=2
[32m[    0.259974] [0m[33mRCU Tasks: [0mSetting shift to 1 and lim to 1 rcu_task_cb_adjust=1 rcu_task_cpu_ids=2.
[32m[    0.259975] [0m[33mRCU Tasks Rude: [0mSetting shift to 1 and lim to 1 rcu_task_cb_adjust=1 rcu_task_cpu_ids=2.
[32m[    0.259976] [0m[33mRCU Tasks Trace: [0mSetting shift to 1 and lim to 1 rcu_task_cb_adjust=1 rcu_task_cpu_ids=2.
[32m[    0.262642] [0m[33mNR_IRQS: [0m524544, nr_irqs: 440, preallocated irqs: 16
[32m[    0.262834] [0m[33mrcu: [0msrcu_init: Setting srcu_struct sizes based on contention.
[32m[    0.262886] [0m[33mConsole: [0mcolour dummy device 80x25
[32m[    0.262888] [0m[33mprintk: [0mlegacy console [tty0] enabled
[32m[    0.263122] [0m[33mACPI: [0mCore revision 20230628
[32m[    0.263271] [0m[33mAPIC: [0mSwitch to symmetric I/O mode setup
[32m[    0.263455] [0mx2apic enabled
[32m[    0.263698] [0m[33mAPIC: [0mSwitched APIC routing to: physical x2apic
[32m[    0.264682] [0m[33m..TIMER: [0mvector=0x30 apic1=0 pin1=2 apic2=-1 pin2=-1
[32m[    0.264705] [0m[33mtsc: [0mMarking TSC unstable due to TSCs unsynchronized
[32m[    0.264711] [0mCalibrating delay loop (skipped) preset value.. 6799.99 BogoMIPS (lpj=3399996)
[32m[    0.264856] [0m[33mprocess: [0musing AMD E400 aware idle routine
[32m[    0.264862] [0m[33mLast level iTLB entries: [0m4KB 512, 2MB 255, 4MB 127
[32m[    0.264864] [0m[33mLast level dTLB entries: [0m4KB 512, 2MB 255, 4MB 127, 1GB 0
[32m[    0.264868] [0m[33mSpectre V1 : [0mMitigation: usercopy/swapgs barriers and __user pointer sanitization
[32m[    0.264871] [0m[33mSpectre V2 : [0mMitigation: Retpolines
[32m[    0.264873] [0m[33mSpectre V2 : [0mSpectre v2 / SpectreRSB: Filling RSB on context switch and VMEXIT
[32m[    0.264878] [0m[33mx86/fpu: [0mx87 FPU will use FXSAVE
[32m[    0.285122] [0m[33mFreeing SMP alternatives memory: [0m48K
[32m[    0.285127] [0m[33mpid_max: [0mdefault: 32768 minimum: 301
[32m[    0.285495] [0m[33mLSM: [0minitializing lsm=lockdown,capability,landlock,yama,apparmor,integrity
[32m[    0.285612] [0m[33mlandlock: [0mUp and running.
[32m[    0.285614] [0m[33mYama: [0mbecoming mindful.
[32m[    0.285659] [0m[33mAppArmor: [0mAppArmor initialized
[32m[    0.285797] [0m[33mMount-cache hash table entries: [0m8192 (order: 4, 65536 bytes, linear)
[32m[    0.285803] [0m[33mMountpoint-cache hash table entries: [0m8192 (order: 4, 65536 bytes, linear)
[32m[    0.388301] [0m[33msmpboot: [0mCPU0: AMD QEMU Virtual CPU version 2.5+ (family: 0xf, model: 0x6b, stepping: 0x1)
[32m[    0.388610] [0m[33mPerformance Events: [0mPMU not available due to virtualization, using software events only.
[32m[    0.388635] [0m[33msignal: [0mmax sigframe size: 1440
[32m[    0.388676] [0m[33mrcu: [0mHierarchical SRCU implementation.
[32m[    0.388679] [0m[33mrcu: [0m	Max phase no-delay instances is 400.
[32m[    0.388708] [0m[33mNMI watchdog: [0mPerf NMI watchdog permanently disabled
[32m[    0.388708] [0m[33msmp: [0mBringing up secondary CPUs ...
[32m[    0.388708] [0m[33msmpboot: [0mx86: Booting SMP configuration:
[32m[    0.388708] [0m[33m.... node  #0, CPUs: [0m     #1
[32m[    0.388745] [0m[33msmp: [0mBrought up 1 node, 2 CPUs
[32m[    0.388745] [0m[33msmpboot: [0mMax logical packages: 1
[32m[    0.388747] [0m[33msmpboot: [0mTotal of 2 processors activated (13599.98 BogoMIPS)
[32m[    0.389075] [0m[33mdevtmpfs: [0minitialized
[32m[    0.389075] [0m[33mx86/mm: [0mMemory block size: 128MB
[32m[    0.389874] [0m[33mclocksource: [0mjiffies: mask: 0xffffffff max_cycles: 0xffffffff, max_idle_ns: 1911260446275000 ns
[32m[    0.389874] [0m[33mfutex hash table entries: [0m512 (order: 3, 32768 bytes, linear)
[32m[    0.390036] [0m[33mpinctrl core: [0minitialized pinctrl subsystem
[32m[    0.390193] [0m[33mPM: [0mRTC time: 15:07:51, date: 2026-07-09
[32m[    0.390885] [0m[33mNET: [0mRegistered PF_NETLINK/PF_ROUTE protocol family
[32m[    0.391072] [0m[33mDMA: [0mpreallocated 512 KiB GFP_KERNEL pool for atomic allocations
[32m[    0.391103] [0m[33mDMA: [0mpreallocated 512 KiB GFP_KERNEL|GFP_DMA pool for atomic allocations
[32m[    0.391139] [0m[33mDMA: [0mpreallocated 512 KiB GFP_KERNEL|GFP_DMA32 pool for atomic allocations
[32m[    0.391147] [0m[33maudit: [0minitializing netlink subsys (disabled)
[32m[    0.391171] [0m[33maudit: [0mtype=2000 audit(1783609672.659:1): state=initialized audit_enabled=0 res=1
[32m[    0.391171] [0m[33mthermal_sys: [0mRegistered thermal governor 'fair_share'
[32m[    0.391171] [0m[33mthermal_sys: [0mRegistered thermal governor 'bang_bang'
[32m[    0.391171] [0m[33mthermal_sys: [0mRegistered thermal governor 'step_wise'
[32m[    0.391171] [0m[33mthermal_sys: [0mRegistered thermal governor 'user_space'
[32m[    0.391171] [0m[33mthermal_sys: [0mRegistered thermal governor 'power_allocator'
[32m[    0.391171] [0m[33mcpuidle: [0musing governor ladder
[32m[    0.391171] [0m[33mcpuidle: [0musing governor menu
[32m[    0.391171] [0m[33macpiphp: [0mACPI Hot Plug PCI Controller Driver version: 0.5
[32m[    0.391171] [0m[33mPCI: [0mUsing configuration type 1 for base access
[32m[    0.391764] [0m[33mkprobes: [0mkprobe jump-optimization is enabled. All kprobes are optimized if possible.
[32m[    0.404754] [0m[33mHugeTLB: [0mregistered 2.00 MiB page size, pre-allocated 0 pages
[32m[    0.404759] [0m[33mHugeTLB: [0m28 KiB vmemmap can be freed for a 2.00 MiB page
[32m[    0.412848] [0m[33mfbcon: [0mTaking over console
[32m[    0.412877] [0m[33mACPI: [0mAdded _OSI(Module Device)
[32m[    0.412882] [0m[33mACPI: [0mAdded _OSI(Processor Device)
[32m[    0.412886] [0m[33mACPI: [0mAdded _OSI(Processor Aggregator Device)
[32m[    0.416357] [0m[33mACPI: [0m2 ACPI AML tables successfully acquired and loaded
[32m[    0.416953] [0m[33mACPI: [0m_OSC evaluation for CPUs failed, trying _PDC
[32m[    0.417101] [0m[33mACPI: [0mInterpreter enabled
[32m[    0.417118] [0m[33mACPI: [0mPM: (supports S0 S5)
[32m[    0.417122] [0m[33mACPI: [0mUsing IOAPIC for interrupt routing
[32m[    0.417831] [0m[33mPCI: [0mUsing host bridge windows from ACPI; if necessary, use "pci=nocrs" and report a bug
[32m[    0.417837] [0m[33mPCI: [0mUsing E820 reservations for host bridge windows
[32m[    0.418063] [0m[33mACPI: [0mEnabled 3 GPEs in block 00 to 0F
[32m[    0.426156] [0m[33mACPI: [0mPCI Root Bridge [PCI0] (domain 0000 [bus 00-ff])
[32m[    0.426166] [0m[33macpi PNP0A03:00: [0m_OSC: OS supports [ASPM ClockPM Segments MSI EDR HPX-Type3]
[32m[    0.426173] [0m[33macpi PNP0A03:00: [0m_OSC: not requesting OS control; OS requires [ExtendedConfig ASPM ClockPM MSI]
[32m[    0.426189] [0m[33macpi PNP0A03:00: [0m[1mfail to add MMCONFIG information, can't access extended configuration space under this bridge[0m
[32m[    0.426845] [0m[33macpiphp: [0mSlot [3] registered
[32m[    0.426892] [0m[33macpiphp: [0mSlot [8] registered
[32m[    0.426922] [0m[33macpiphp: [0mSlot [18] registered
[32m[    0.426993] [0m[33macpiphp: [0mSlot [4] registered
[32m[    0.427026] [0m[33macpiphp: [0mSlot [6] registered
[32m[    0.427055] [0m[33macpiphp: [0mSlot [7] registered
[32m[    0.427082] [0m[33macpiphp: [0mSlot [9] registered
[32m[    0.427110] [0m[33macpiphp: [0mSlot [10] registered
[32m[    0.427136] [0m[33macpiphp: [0mSlot [11] registered
[32m[    0.427164] [0m[33macpiphp: [0mSlot [12] registered
[32m[    0.427192] [0m[33macpiphp: [0mSlot [13] registered
[32m[    0.427222] [0m[33macpiphp: [0mSlot [14] registered
[32m[    0.427249] [0m[33macpiphp: [0mSlot [15] registered
[32m[    0.427275] [0m[33macpiphp: [0mSlot [16] registered
[32m[    0.427303] [0m[33macpiphp: [0mSlot [17] registered
[32m[    0.427331] [0m[33macpiphp: [0mSlot [19] registered
[32m[    0.427359] [0m[33macpiphp: [0mSlot [20] registered
[32m[    0.427385] [0m[33macpiphp: [0mSlot [21] registered
[32m[    0.427415] [0m[33macpiphp: [0mSlot [22] registered
[32m[    0.427442] [0m[33macpiphp: [0mSlot [23] registered
[32m[    0.427470] [0m[33macpiphp: [0mSlot [24] registered
[32m[    0.427497] [0m[33macpiphp: [0mSlot [25] registered
[32m[    0.427524] [0m[33macpiphp: [0mSlot [26] registered
[32m[    0.427552] [0m[33macpiphp: [0mSlot [27] registered
[32m[    0.427579] [0m[33macpiphp: [0mSlot [28] registered
[32m[    0.427609] [0m[33macpiphp: [0mSlot [29] registered
[32m[    0.427629] [0mPCI host bridge to bus 0000:00
[32m[    0.427634] [0m[33mpci_bus 0000:00: [0mroot bus resource [io  0x0000-0x0cf7 window]
[32m[    0.427640] [0m[33mpci_bus 0000:00: [0mroot bus resource [io  0x0d00-0xffff window]
[32m[    0.427645] [0m[33mpci_bus 0000:00: [0mroot bus resource [mem 0x000a0000-0x000bffff window]
[32m[    0.427649] [0m[33mpci_bus 0000:00: [0mroot bus resource [mem 0xc0000000-0xfebfffff window]
[32m[    0.427654] [0m[33mpci_bus 0000:00: [0mroot bus resource [mem 0xc000000000-0xc0a000bfff window]
[32m[    0.427660] [0m[33mpci_bus 0000:00: [0mroot bus resource [bus 00-ff]
[32m[    0.427729] [0m[33mpci 0000:00:00.0: [0m[8086:1237] type 00 class 0x060000 conventional PCI endpoint
[32m[    0.428530] [0m[33mpci 0000:00:01.0: [0m[8086:7000] type 00 class 0x060100 conventional PCI endpoint
[32m[    0.429357] [0m[33mpci 0000:00:01.1: [0m[8086:7010] type 00 class 0x010180 conventional PCI endpoint
[32m[    0.431773] [0m[33mpci 0000:00:01.1: [0mBAR 4 [io  0xf0e0-0xf0ef]
[32m[    0.431840] [0m[33mpci 0000:00:01.1: [0mBAR 0 [io  0x01f0-0x01f7]: legacy IDE quirk
[32m[    0.431846] [0m[33mpci 0000:00:01.1: [0mBAR 1 [io  0x03f6]: legacy IDE quirk
[32m[    0.431850] [0m[33mpci 0000:00:01.1: [0mBAR 2 [io  0x0170-0x0177]: legacy IDE quirk
[32m[    0.431854] [0m[33mpci 0000:00:01.1: [0mBAR 3 [io  0x0376]: legacy IDE quirk
[32m[    0.431854] [0m[33mpci 0000:00:01.2: [0m[8086:7020] type 00 class 0x0c0300 conventional PCI endpoint
[32m[    0.433771] [0m[33mpci 0000:00:01.2: [0mBAR 4 [io  0xf0c0-0xf0df]
[32m[    0.435084] [0m[33mpci 0000:00:01.3: [0m[8086:7113] type 00 class 0x068000 conventional PCI endpoint
[32m[    0.435693] [0m[33mpci 0000:00:01.3: [0mquirk: [io  0x0600-0x063f] claimed by PIIX4 ACPI
[32m[    0.435710] [0m[33mpci 0000:00:01.3: [0mquirk: [io  0x0700-0x070f] claimed by PIIX4 SMB
[32m[    0.436058] [0m[33mpci 0000:00:02.0: [0m[1234:1111] type 00 class 0x030000 conventional PCI endpoint
[32m[    0.439771] [0m[33mpci 0000:00:02.0: [0mBAR 0 [mem 0xfd000000-0xfdffffff pref]
[32m[    0.440841] [0m[33mpci 0000:00:02.0: [0mBAR 2 [mem 0xfea50000-0xfea50fff]
[32m[    0.440908] [0m[33mpci 0000:00:02.0: [0mROM [mem 0xfea40000-0xfea4ffff pref]
[32m[    0.440991] [0m[33mpci 0000:00:02.0: [0mVideo device with shadowed ROM at [mem 0x000c0000-0x000dffff]
[32m[    0.441477] [0m[33mpci 0000:00:03.0: [0m[1af4:1002] type 00 class 0x00ff00 conventional PCI endpoint
[32m[    0.445724] [0m[33mpci 0000:00:03.0: [0mBAR 0 [io  0xf000-0xf03f]
[32m[    0.445743] [0m[33mpci 0000:00:03.0: [0mBAR 1 [mem 0xfea51000-0xfea51fff]
[32m[    0.445799] [0m[33mpci 0000:00:03.0: [0mBAR 4 [mem 0xc0a0000000-0xc0a0003fff 64bit pref]
[32m[    0.447866] [0m[33mpci 0000:00:05.0: [0m[1b36:0001] type 01 class 0x060400 conventional PCI bridge
[32m[    0.452724] [0m[33mpci 0000:00:05.0: [0mBAR 0 [mem 0xc000000000-0xc0000000ff 64bit]
[32m[    0.452755] [0m[33mpci 0000:00:05.0: [0mPCI bridge to [bus 01]
[32m[    0.452798] [0m[33mpci 0000:00:05.0: [0m  bridge window [io  0xe000-0xefff]
[32m[    0.452830] [0m[33mpci 0000:00:05.0: [0m  bridge window [mem 0xfe800000-0xfe9fffff]
[32m[    0.454065] [0m[33mpci 0000:00:05.0: [0m  bridge window [mem 0xc080000000-0xc09fffffff 64bit pref]
[32m[    0.456230] [0m[33mpci 0000:00:08.0: [0m[1af4:1003] type 00 class 0x078000 conventional PCI endpoint
[32m[    0.458724] [0m[33mpci 0000:00:08.0: [0mBAR 0 [io  0xf040-0xf07f]
[32m[    0.458750] [0m[33mpci 0000:00:08.0: [0mBAR 1 [mem 0xfea52000-0xfea52fff]
[32m[    0.458806] [0m[33mpci 0000:00:08.0: [0mBAR 4 [mem 0xc0a0004000-0xc0a0007fff 64bit pref]
[32m[    0.464344] [0m[33mpci 0000:00:12.0: [0m[1af4:1000] type 00 class 0x020000 conventional PCI endpoint
[32m[    0.466793] [0m[33mpci 0000:00:12.0: [0mBAR 0 [io  0xf080-0xf0bf]
[32m[    0.466812] [0m[33mpci 0000:00:12.0: [0mBAR 1 [mem 0xfea53000-0xfea53fff]
[32m[    0.466866] [0m[33mpci 0000:00:12.0: [0mBAR 4 [mem 0xc0a0008000-0xc0a000bfff 64bit pref]
[32m[    0.466884] [0m[33mpci 0000:00:12.0: [0mROM [mem 0xfea00000-0xfea3ffff pref]
[32m[    0.472930] [0m[33mpci 0000:00:1e.0: [0m[1b36:0001] type 01 class 0x060400 conventional PCI bridge
[32m[    0.474737] [0m[33mpci 0000:00:1e.0: [0mBAR 0 [mem 0xc000001000-0xc0000010ff 64bit]
[32m[    0.474771] [0m[33mpci 0000:00:1e.0: [0mPCI bridge to [bus 02]
[32m[    0.474814] [0m[33mpci 0000:00:1e.0: [0m  bridge window [io  0xd000-0xdfff]
[32m[    0.474845] [0m[33mpci 0000:00:1e.0: [0m  bridge window [mem 0xfe600000-0xfe7fffff]
[32m[    0.476076] [0m[33mpci 0000:00:1e.0: [0m  bridge window [mem 0xc060000000-0xc07fffffff 64bit pref]
[32m[    0.477115] [0m[33mpci 0000:00:1f.0: [0m[1b36:0001] type 01 class 0x060400 conventional PCI bridge
[32m[    0.478736] [0m[33mpci 0000:00:1f.0: [0mBAR 0 [mem 0xc000002000-0xc0000020ff 64bit]
[32m[    0.478768] [0m[33mpci 0000:00:1f.0: [0mPCI bridge to [bus 03]
[32m[    0.478812] [0m[33mpci 0000:00:1f.0: [0m  bridge window [io  0xc000-0xcfff]
[32m[    0.478849] [0m[33mpci 0000:00:1f.0: [0m  bridge window [mem 0xfe400000-0xfe5fffff]
[32m[    0.479723] [0m[33mpci 0000:00:1f.0: [0m  bridge window [mem 0xc040000000-0xc05fffffff 64bit pref]
[32m[    0.480968] [0m[33mpci_bus 0000:01: [0mextended config space not accessible
[32m[    0.481312] [0m[33macpiphp: [0mSlot [1-2] registered
[32m[    0.481342] [0m[33macpiphp: [0mSlot [0] registered
[32m[    0.481374] [0m[33macpiphp: [0mSlot [2] registered
[32m[    0.481407] [0m[33macpiphp: [0mSlot [3-2] registered
[32m[    0.481438] [0m[33macpiphp: [0mSlot [4-2] registered
[32m[    0.481465] [0m[33macpiphp: [0mSlot [5] registered
[32m[    0.481498] [0m[33macpiphp: [0mSlot [6-2] registered
[32m[    0.481534] [0m[33macpiphp: [0mSlot [7-2] registered
[32m[    0.481565] [0m[33macpiphp: [0mSlot [8-2] registered
[32m[    0.481598] [0m[33macpiphp: [0mSlot [9-2] registered
[32m[    0.481716] [0m[33macpiphp: [0mSlot [10-2] registered
[32m[    0.481747] [0m[33macpiphp: [0mSlot [11-2] registered
[32m[    0.481778] [0m[33macpiphp: [0mSlot [12-2] registered
[32m[    0.481809] [0m[33macpiphp: [0mSlot [13-2] registered
[32m[    0.481839] [0m[33macpiphp: [0mSlot [14-2] registered
[32m[    0.481871] [0m[33macpiphp: [0mSlot [15-2] registered
[32m[    0.481904] [0m[33macpiphp: [0mSlot [16-2] registered
[32m[    0.481936] [0m[33macpiphp: [0mSlot [17-2] registered
[32m[    0.481966] [0m[33macpiphp: [0mSlot [18-2] registered
[32m[    0.482004] [0m[33macpiphp: [0mSlot [19-2] registered
[32m[    0.482037] [0m[33macpiphp: [0mSlot [20-2] registered
[32m[    0.482069] [0m[33macpiphp: [0mSlot [21-2] registered
[32m[    0.482101] [0m[33macpiphp: [0mSlot [22-2] registered
[32m[    0.482137] [0m[33macpiphp: [0mSlot [23-2] registered
[32m[    0.482168] [0m[33macpiphp: [0mSlot [24-2] registered
[32m[    0.482199] [0m[33macpiphp: [0mSlot [25-2] registered
[32m[    0.482230] [0m[33macpiphp: [0mSlot [26-2] registered
[32m[    0.482261] [0m[33macpiphp: [0mSlot [27-2] registered
[32m[    0.482292] [0m[33macpiphp: [0mSlot [28-2] registered
[32m[    0.482326] [0m[33macpiphp: [0mSlot [29-2] registered
[32m[    0.482357] [0m[33macpiphp: [0mSlot [30] registered
[32m[    0.482385] [0m[33macpiphp: [0mSlot [31] registered
[32m[    0.482904] [0m[33mpci 0000:01:01.0: [0m[1af4:1004] type 00 class 0x010000 conventional PCI endpoint
[32m[    0.487710] [0m[33mpci 0000:01:01.0: [0mBAR 0 [io  0xe000-0xe03f]
