Script started on 2026-07-13 06:54:00+00:00 [TERM="screen.xterm-256color" TTY="/dev/pts/0" COLUMNS="162" LINES="41"]
root@eltex-practice2-v11:~# ls
etc_back_7zip  etc_backup_7zip   etc_backup_gzip  etc_backup.tar.7z   etc_backup.tar.gz                    practice2_eltex-v11_part1.log
etc_backup     etc_backup_bzip2  etc_backup.tar   etc_backup.tar.bz2  practice2_eltex-v11_part1_clean.log  practice2_eltex-v11_part2.log
root@eltex-practice2-v11:~# clear
root@eltex-practice2-v11:~# journalctl 
.bash_history                        etc_backup_7zip/                     etc_backup.tar.bz2                   practice2_eltex-v11_part1.log
.bashrc                              etc_backup_bzip2/                    etc_backup.tar.gz                    practice2_eltex-v11_part2.log
.cache/                              etc_backup_gzip/                     .lesshst                             .profile
etc_back_7zip/                       etc_backup.tar                       .local/                              .ssh/
etc_backup/                          etc_backup.tar.7z                    practice2_eltex-v11_part1_clean.log  .viminfo
root@eltex-practice2-v11:~# journalctl --help
=journalctl [OPTIONS...] [MATCHES...]

Query the journal.

Source Options:
     --system                Show the system journal
     --user                  Show the user journal for the current user
  -M --machine=CONTAINER     Operate on local container
  -m --merge                 Show entries from all available journals
  -D --directory=PATH        Show journal files from directory
     --file=PATH             Show journal file
     --root=PATH             Operate on an alternate filesystem root
     --image=PATH            Operate on disk image as filesystem root
     --image-policy=POLICY   Specify disk image dissection policy
     --namespace=NAMESPACE   Show journal data from specified journal namespace

Filtering Options:
  -S --since=DATE            Show entries not older than the specified date
  -U --until=DATE            Show entries not newer than the specified date
  -c --cursor=CURSOR         Show entries starting at the specified cursor
     --after-cursor=CURSOR   Show entries after the specified cursor
     --cursor-file=FILE      Show entries after cursor in FILE and update FILE
  -b --boot[=ID]             Show current boot or the specified boot
  -u --unit=UNIT             Show logs from the specified unit
     --user-unit=UNIT        Show logs from the specified user unit
  -t --identifier=STRING     Show entries with the specified syslog identifier
  -p --priority=RANGE        Show entries with the specified priority
     --facility=FACILITY...  Show entries with the specified facilities
  -g --grep=PATTERN          Show entries with MESSAGE matching PATTERN
     --case-sensitive[=BOOL] Force case sensitive or insensitive matching
  -k --dmesg                 Show kernel message log from the current boot

Output Control Options:
  -o --output=STRING         Change journal output mode (short, short-precise,
                               short-iso, short-iso-precise, short-full,
                               short-monotonic, short-unix, verbose, export,
                               json, json-pretty, json-sse, json-seq, cat,
                               with-unit)
     --output-fields=LIST    Select fields to print in verbose/export/json modes
  -n --lines[=[+]INTEGER]    Number of journal entries to show
lines 1-40 ESESCOB  -r --reverse               Show the newest entries first
lines 2-41 ESESCOB     --show-cursor           Print the cursor after all the entries
lines 3-42 ESESCąą╣lines 3-42lines 3-42lines 3-42     --utc                   Express time in Coordinated Universal Time (UTC)
  -x --catalog               Add message explanations where available
     --no-hostname           Suppress output of hostname field
     --no-full               Ellipsize fields
  -a --all                   Show all fields, including long and unprintable
  -f --follow                Follow the journal
     --no-tail               Show all lines, even in follow mode
     --truncate-newline      Truncate entries by first newline character
  -q --quiet                 Do not show info messages and privilege warning

Pager Control Options:
     --no-pager              Do not pipe output into a pager
  -e --pager-end             Immediately jump to the end in the pager

Forward Secure Sealing (FSS) Options:
     --interval=TIME         Time interval for changing the FSS sealing key
     --verify-key=KEY        Specify FSS verification key
     --force                 Override of the FSS key pair with --setup-keys

Commands:
  -h --help                  Show this help text
lines 24-63     --version               Show package version
  -N --fields                List all field names currently used
  -F --field=FIELD           List all values that a specified field takes
     --list-boots            Show terse information about recorded boots
     --disk-usage            Show total disk usage of all journal files
     --vacuum-size=BYTES     Reduce disk usage below specified size
     --vacuum-files=INT      Leave only the specified number of journal files
     --vacuum-time=TIME      Remove journal files older than specified time
     --verify                Verify journal file consistency
     --sync                  Synchronize unwritten journal messages to disk
     --relinquish-var        Stop logging to disk, log to temporary file system
     --smart-relinquish-var  Similar, but NOP if log directory is on root mount
     --flush                 Flush all journal data from /run into /var
     --rotate                Request immediate rotation of the journal files
     --header                Show journal header information
     --list-catalog          Show all message IDs in the catalog
     --dump-catalog          Show entries in the message catalog
     --update-catalog        Update the message catalog database
     --setup-keys            Generate a new FSS key pair

See the ]8;;man:journalctl(1)journalctl(1) man page]8;; for details.
lines 45-84lines 45-84/84 (END)lines 45-84/84 (END)lines 45-84/84 (END)lines 45-84/84 (END)lines 45-84/84 (END)lines 45-84/84 (END)lines 45-84/84 (END)lines 45-84/84 (END) :q>root@eltex-practice2-v11:~# 
root@eltex-practice2-v11:~# systemd-analyzsystemd-analyze
Startup finished in 38.280s (kernel) + 2min 1.678s (userspace) = 2min 39.959s 
graphical.target reached after 2min 1.670s in userspace.
root@eltex-practice2-v11:~# who who -b
         system boot  2026-07-09 15:08
root@eltex-practice2-v11:~# uptime -suptime -
 07:02:48 up 3 days, 15:54,  1 user,  load average: 0.00, 0.00, 0.00
root@eltex-practice2-v11:~# uptime -čŗ
uptime: invalid option -- 'č'

Usage:
 uptime [options]

Options:
 -p, --pretty   show uptime in pretty format
 -h, --help     display this help and exit
 -s, --since    system up since
 -V, --version  output version information and exit

For more details see uptime(1).
root@eltex-practice2-v11:~# uptime -čs
2026-07-09 15:07:52
root@eltex-practice2-v11:~# boot=$(awk '$1 == "btime {printcat /proc/stat
cpu  9177 1193 11357 63097557 181799 0 137 4057 0 0
cpu0 4541 581 5500 31549205 91278 0 82 3450 0 0
cpu1 4636 612 5857 31548352 90520 0 55 606 0 0
intr 11294947 125 9 0 0 0 0 3 0 0 0 0 35 15 0 0 309390 0 0 0 0 0 0 0 0 12 160611 0 174 0 0 0 42319 41867 0 52892 16721 0 0 0 0 0 0 0 0 0 0 0 0 0 0 0 0 0 0 0 0 0 0 0 0 0 0 0 0 0 0 0 0 0 0 0 0 0 0 0 0 0 0 0 0 0 0 0 0 0 0 0 0 0 0 0 0 0 0 0 0 0 0 0 0 0 0 0 0 0 0 0 0 0 0 0 0 0 0 0 0 0 0 0 0 0 0 0 0 0 0 0 0 0 0 0 0 0 0 0 0 0 0 0 0 0 0 0 0 0 0 0 0 0 0 0 0 0 0 0 0 0 0 0 0 0 0 0 0 0 0 0 0 0 0 0 0 0 0 0 0 0 0 0 0 0 0 0 0 0 0 0 0 0 0 0 0 0 0 0 0 0 0 0 0 0 0 0 0 0 0 0 0 0 0 0 0 0 0 0 0 0 0 0 0 0 0 0 0 0 0 0 0 0 0 0 0 0 0 0 0 0 0 0 0 0 0 0 0 0 0 0 0 0 0 0 0 0 0 0 0 0 0 0 0 0 0 0 0 0 0 0 0 0 0 0 0 0 0 0 0 0 0 0 0 0 0 0 0 0 0 0 0 0 0 0 0 0 0 0 0 0 0 0 0 0 0 0 0 0 0 0 0 0 0 0 0 0 0 0 0 0 0 0 0 0 0 0 0 0 0 0 0 0 0 0 0 0 0 0 0 0 0 0 0 0 0 0 0 0 0 0 0 0 0 0 0 0 0 0 0 0 0 0 0 0 0 0 0 0 0 0 0 0 0 0 0 0 0 0 0 0 0 0 0 0 0 0 0 0 0 0 0 0 0 0 0 0 0 0 0 0 0 0 0 0 0 0 0 0 0 0 0 0 0 0 0 0 0 0 0 0 0 0 0 0 0 0 0 0 0 0 0 0 0 0 0 0 0 0 0 0 0 0 0
ctxt 19550369
btime 1783609672
processes 11685
procs_running 1
procs_blocked 0
softirq 9228211 2 4019366 3 69081 154674 0 307 4381737 375 602666
root@eltex-practice2-v11:~# boot=$(awk '$1 == "btime" {print $2}' /proc/stat)boot=$(awk '$1 == "btime" {print $2}' /proc/stat)
root@eltex-practice2-v11:~# boot
Command 'boot' not found, did you mean:
  command 'toot' from snap toot (0.52.1)
  command 'root' from snap root-framework (v6-36-04)
  command 'mboot' from deb python3-mboot (0.3.0-2)
  command 'bolt' from deb bolt-lmm (2.4.1+dfsg-1build1)
  command 'hboot' from deb lam-runtime (7.1.4-7)
  command 'boom' from deb doomsday (2.3.1+ds1-1build1)
  command 'boom' from deb dsda-doom (0.27.5+dfsg-1)
  command 'boom' from deb woof-doom (12.0.2+dfsg-1)
  command 'booth' from deb booth (1.0-237-gdd88847-4ubuntu3)
  command 'brot' from deb fortunes-de (0.35-1)
  command 'toot' from deb toot (0.39.0-1)
  command 'foot' from deb foot (1.16.2-2ubuntu0.1)
See 'snap info <snapname>' for additional versions.
root@eltex-practice2-v11:~# echo boot
boot
root@eltex-practice2-v11:~# echo bo$bo{bo}
1783609672
root@eltex-practice2-v11:~# journalctl -b --since="@$boot" --until="@$((boot +20))"
=-- No entries --
>root@eltex-practice2-v11:~# journalctl -b -o short-monotonic | head -20journalctl -b -o short-monotonic | head -20
[    0.000000] localhost kernel: Linux version 6.8.0-134-generic (buildd@lcy02-amd64-007) (x86_64-linux-gnu-gcc-13 (Ubuntu 13.3.0-6ubuntu2~24.04.1) 13.3.0, GNU ld (GNU Binutils for Ubuntu) 2.42) #134-Ubuntu SMP PREEMPT_DYNAMIC Fri Jun 26 18:43:11 UTC 2026 (Ubuntu 6.8.0-134.134-generic 6.8.12)
[    0.000000] localhost kernel: Command line: BOOT_IMAGE=/vmlinuz-6.8.0-134-generic root=/dev/mapper/ubuntu--vg-ubuntu--lv ro
[    0.000000] localhost kernel: KERNEL supported cpus:
[    0.000000] localhost kernel:   Intel GenuineIntel
[    0.000000] localhost kernel:   AMD AuthenticAMD
[    0.000000] localhost kernel:   Hygon HygonGenuine
[    0.000000] localhost kernel:   Centaur CentaurHauls
[    0.000000] localhost kernel:   zhaoxin   Shanghai  
[    0.000000] localhost kernel: BIOS-provided physical RAM map:
[    0.000000] localhost kernel: BIOS-e820: [mem 0x0000000000000000-0x000000000009fbff] usable
[    0.000000] localhost kernel: BIOS-e820: [mem 0x000000000009fc00-0x000000000009ffff] reserved
[    0.000000] localhost kernel: BIOS-e820: [mem 0x00000000000f0000-0x00000000000fffff] reserved
[    0.000000] localhost kernel: BIOS-e820: [mem 0x0000000000100000-0x00000000bffd9fff] usable
[    0.000000] localhost kernel: BIOS-e820: [mem 0x00000000bffda000-0x00000000bfffffff] reserved
[    0.000000] localhost kernel: BIOS-e820: [mem 0x00000000feffc000-0x00000000feffffff] reserved
[    0.000000] localhost kernel: BIOS-e820: [mem 0x00000000fffc0000-0x00000000ffffffff] reserved
[    0.000000] localhost kernel: BIOS-e820: [mem 0x0000000100000000-0x000000013fffffff] usable
[    0.000000] localhost kernel: BIOS-e820: [mem 0x000000fd00000000-0x000000ffffffffff] reserved
[    0.000000] localhost kernel: NX (Execute Disable) protection: active
[    0.000000] localhost kernel: APIC: Static calls initialized
root@eltex-practice2-v11:~# journalctl -b -o short-monotonic | head --since="@$boot" --until="@$((boot +20)) 20))
=-- No entries --
>root@eltex-practice2-v11:~# ąŠčēą│journalctl -b -o short-monotonic --no-pager | awk '$1 == "[" && ($2 = + 0) < 20'
[    0.000000] localhost kernel: Linux version 6.8.0-134-generic (buildd@lcy02-amd64-007) (x86_64-linux-gnu-gcc-13 (Ubuntu 13.3.0-6ubuntu2~24.04.1) 13.3.0, GNU ld (GNU Binutils for Ubuntu) 2.42) #134-Ubuntu SMP PREEMPT_DYNAMIC Fri Jun 26 18:43:11 UTC 2026 (Ubuntu 6.8.0-134.134-generic 6.8.12)
[    0.000000] localhost kernel: Command line: BOOT_IMAGE=/vmlinuz-6.8.0-134-generic root=/dev/mapper/ubuntu--vg-ubuntu--lv ro
[    0.000000] localhost kernel: KERNEL supported cpus:
[    0.000000] localhost kernel:   Intel GenuineIntel
[    0.000000] localhost kernel:   AMD AuthenticAMD
[    0.000000] localhost kernel:   Hygon HygonGenuine
[    0.000000] localhost kernel:   Centaur CentaurHauls
[    0.000000] localhost kernel:   zhaoxin   Shanghai  
[    0.000000] localhost kernel: BIOS-provided physical RAM map:
[    0.000000] localhost kernel: BIOS-e820: [mem 0x0000000000000000-0x000000000009fbff] usable
[    0.000000] localhost kernel: BIOS-e820: [mem 0x000000000009fc00-0x000000000009ffff] reserved
[    0.000000] localhost kernel: BIOS-e820: [mem 0x00000000000f0000-0x00000000000fffff] reserved
[    0.000000] localhost kernel: BIOS-e820: [mem 0x0000000000100000-0x00000000bffd9fff] usable
[    0.000000] localhost kernel: BIOS-e820: [mem 0x00000000bffda000-0x00000000bfffffff] reserved
[    0.000000] localhost kernel: BIOS-e820: [mem 0x00000000feffc000-0x00000000feffffff] reserved
[    0.000000] localhost kernel: BIOS-e820: [mem 0x00000000fffc0000-0x00000000ffffffff] reserved
[    0.000000] localhost kernel: BIOS-e820: [mem 0x0000000100000000-0x000000013fffffff] usable
[    0.000000] localhost kernel: BIOS-e820: [mem 0x000000fd00000000-0x000000ffffffffff] reserved
[    0.000000] localhost kernel: NX (Execute Disable) protection: active
[    0.000000] localhost kernel: APIC: Static calls initialized
[    0.000000] localhost kernel: SMBIOS 2.8 present.
[    0.000000] localhost kernel: DMI: QEMU Standard PC (i440FX + PIIX, 1996), BIOS rel-1.17.0-0-gb52ca86e094d-prebuilt.qemu.org 04/01/2014
[    0.000000] localhost kernel: Hypervisor detected: KVM
[    0.000000] localhost kernel: kvm-clock: Using msrs 4b564d01 and 4b564d00
[    0.000000] localhost kernel: kvm-clock: using sched offset of 467820544001 cycles
[    0.000002] localhost kernel: clocksource: kvm-clock: mask: 0xffffffffffffffff max_cycles: 0x1cd42e4dffb, max_idle_ns: 881590591483 ns
[    0.000005] localhost kernel: tsc: Detected 3399.996 MHz processor
[    0.000905] localhost kernel: e820: update [mem 0x00000000-0x00000fff] usable ==> reserved
[    0.000908] localhost kernel: e820: remove [mem 0x000a0000-0x000fffff] usable
[    0.116083] localhost kernel: AGP: No AGP bridge found
[    0.116837] localhost kernel: last_pfn = 0x140000 max_arch_pfn = 0x400000000
[    0.116874] localhost kernel: MTRR map: 4 entries (3 fixed + 1 variable; max 19), built from 8 variable MTRRs
[    0.116878] localhost kernel: x86/PAT: Configuration [0-7]: WB  WC  UC- UC  WB  WP  UC- WT  
[    0.116924] localhost kernel: last_pfn = 0xbffda max_arch_pfn = 0x400000000
[    0.118488] localhost kernel: found SMP MP-table at [mem 0x000f5490-0x000f549f]
[    0.118762] localhost kernel: RAMDISK: [mem 0x2edf1000-0x336effff]
[    0.119122] localhost kernel: ACPI: Early table checksum verification disabled
[    0.119126] localhost kernel: ACPI: RSDP 0x00000000000F5290 000014 (v00 BOCHS )
[    0.119131] localhost kernel: ACPI: RSDT 0x00000000BFFE3B52 000034 (v01 BOCHS  BXPC     00000001 BXPC 00000001)
[    0.119137] localhost kernel: ACPI: FACP 0x00000000BFFE396C 000074 (v01 BOCHS  BXPC     00000001 BXPC 00000001)
[    0.119141] localhost kernel: ACPI: DSDT 0x00000000BFFDF040 00492C (v01 BOCHS  BXPC     00000001 BXPC 00000001)
[    0.119143] localhost kernel: ACPI: FACS 0x00000000BFFDF000 000040
[    0.119145] localhost kernel: ACPI: APIC 0x00000000BFFE39E0 000080 (v03 BOCHS  BXPC     00000001 BXPC 00000001)
[    0.119146] localhost kernel: ACPI: SSDT 0x00000000BFFE3A60 0000CA (v01 BOCHS  VMGENID  00000001 BXPC 00000001)
[    0.119149] localhost kernel: ACPI: WAET 0x00000000BFFE3B2A 000028 (v01 BOCHS  BXPC     00000001 BXPC 00000001)
[    0.119150] localhost kernel: ACPI: Reserving FACP table memory at [mem 0xbffe396c-0xbffe39df]
[    0.119151] localhost kernel: ACPI: Reserving DSDT table memory at [mem 0xbffdf040-0xbffe396b]
[    0.119152] localhost kernel: ACPI: Reserving FACS table memory at [mem 0xbffdf000-0xbffdf03f]
[    0.119152] localhost kernel: ACPI: Reserving APIC table memory at [mem 0xbffe39e0-0xbffe3a5f]
[    0.119153] localhost kernel: ACPI: Reserving SSDT table memory at [mem 0xbffe3a60-0xbffe3b29]
[    0.119154] localhost kernel: ACPI: Reserving WAET table memory at [mem 0xbffe3b2a-0xbffe3b51]
[    0.119616] localhost kernel: No NUMA configuration found
[    0.119618] localhost kernel: Faking a node at [mem 0x0000000000000000-0x000000013fffffff]
[    0.119625] localhost kernel: NODE_DATA(0) allocated [mem 0x13ffd2000-0x13fffcfff]
[    0.119756] localhost kernel: Zone ranges:
[    0.119756] localhost kernel:   DMA      [mem 0x0000000000001000-0x0000000000ffffff]
[    0.119758] localhost kernel:   DMA32    [mem 0x0000000001000000-0x00000000ffffffff]
[    0.119759] localhost kernel:   Normal   [mem 0x0000000100000000-0x000000013fffffff]
[    0.119760] localhost kernel:   Device   empty
[    0.119760] localhost kernel: Movable zone start for each node
[    0.119762] localhost kernel: Early memory node ranges
[    0.119762] localhost kernel:   node   0: [mem 0x0000000000001000-0x000000000009efff]
[    0.119763] localhost kernel:   node   0: [mem 0x0000000000100000-0x00000000bffd9fff]
[    0.119764] localhost kernel:   node   0: [mem 0x0000000100000000-0x000000013fffffff]
[    0.119765] localhost kernel: Initmem setup node 0 [mem 0x0000000000001000-0x000000013fffffff]
[    0.119875] localhost kernel: On node 0, zone DMA: 1 pages in unavailable ranges
[    0.119886] localhost kernel: On node 0, zone DMA: 97 pages in unavailable ranges
[    0.125799] localhost kernel: On node 0, zone Normal: 38 pages in unavailable ranges
[    0.127535] localhost kernel: ACPI: PM-Timer IO Port: 0x608
[    0.127546] localhost kernel: ACPI: LAPIC_NMI (acpi_id[0xff] dfl dfl lint[0x1])
[    0.127573] localhost kernel: IOAPIC[0]: apic_id 0, version 17, address 0xfec00000, GSI 0-23
[    0.127575] localhost kernel: ACPI: INT_SRC_OVR (bus 0 bus_irq 0 global_irq 2 dfl dfl)
[    0.127576] localhost kernel: ACPI: INT_SRC_OVR (bus 0 bus_irq 5 global_irq 5 high level)
[    0.127577] localhost kernel: ACPI: INT_SRC_OVR (bus 0 bus_irq 9 global_irq 9 high level)
[    0.127578] localhost kernel: ACPI: INT_SRC_OVR (bus 0 bus_irq 10 global_irq 10 high level)
[    0.127579] localhost kernel: ACPI: INT_SRC_OVR (bus 0 bus_irq 11 global_irq 11 high level)
[    0.127582] localhost kernel: ACPI: Using ACPI (MADT) for SMP configuration information
[    0.127583] localhost kernel: smpboot: Allowing 2 CPUs, 0 hotplug CPUs
[    0.127600] localhost kernel: kvm-guest: APIC: eoi() replaced with kvm_guest_apic_eoi_write()
[    0.127612] localhost kernel: PM: hibernation: Registered nosave memory: [mem 0x00000000-0x00000fff]
[    0.127614] localhost kernel: PM: hibernation: Registered nosave memory: [mem 0x0009f000-0x000fffff]
[    0.127615] localhost kernel: PM: hibernation: Registered nosave memory: [mem 0xbffda000-0xffffffff]
[    0.127616] localhost kernel: [mem 0xc0000000-0xfeffbfff] available for PCI devices
[    0.127617] localhost kernel: Booting paravirtualized kernel on KVM
[    0.127619] localhost kernel: clocksource: refined-jiffies: mask: 0xffffffff max_cycles: 0xffffffff, max_idle_ns: 1910969940391419 ns
[    0.127624] localhost kernel: setup_percpu: NR_CPUS:8192 nr_cpumask_bits:2 nr_cpu_ids:2 nr_node_ids:1
[    0.127808] localhost kernel: percpu: Embedded 86 pages/cpu s229376 r8192 d114688 u1048576
[    0.127812] localhost kernel: pcpu-alloc: s229376 r8192 d114688 u1048576 alloc=1*2097152
[    0.127814] localhost kernel: pcpu-alloc: [0] 0 1 
[    0.127834] localhost kernel: kvm-guest: PV spinlocks enabled
[    0.127836] localhost kernel: PV qspinlock hash table entries: 256 (order: 0, 4096 bytes, linear)
[    0.127838] localhost kernel: Kernel command line: BOOT_IMAGE=/vmlinuz-6.8.0-134-generic root=/dev/mapper/ubuntu--vg-ubuntu--lv ro
[    0.128175] localhost kernel: Dentry cache hash table entries: 524288 (order: 10, 4194304 bytes, linear)
[    0.128327] localhost kernel: Inode-cache hash table entries: 262144 (order: 9, 2097152 bytes, linear)
[    0.128348] localhost kernel: Fallback order for Node 0: 0 
[    0.128350] localhost kernel: Built 1 zonelists, mobility grouping on.  Total pages: 1031898
[    0.128351] localhost kernel: Policy zone: Normal
[    0.128354] localhost kernel: mem auto-init: stack:all(zero), heap alloc:on, heap free:off
[    0.128356] localhost kernel: AGP: Checking aperture...
[    0.215314] localhost kernel: AGP: No AGP bridge found
[    0.216120] localhost kernel: software IO TLB: area num 2.
[    0.230447] localhost kernel: Memory: 3925880K/4193760K available (22528K kernel code, 4439K rwdata, 14420K rodata, 4924K init, 4788K bss, 267620K reserved, 0K cma-reserved)
[    0.249242] localhost kernel: SLUB: HWalign=64, Order=0-3, MinObjects=0, CPUs=2, Nodes=1
[    0.249331] localhost kernel: ftrace: allocating 58301 entries in 228 pages
[    0.259055] localhost kernel: ftrace: allocated 228 pages with 4 groups
[    0.259754] localhost kernel: Dynamic Preempt: voluntary
[    0.259961] localhost kernel: rcu: Preemptible hierarchical RCU implementation.
[    0.259962] localhost kernel: rcu:         RCU restricting CPUs from NR_CPUS=8192 to nr_cpu_ids=2.
[    0.259963] localhost kernel:         Trampoline variant of Tasks RCU enabled.
[    0.259964] localhost kernel:         Rude variant of Tasks RCU enabled.
[    0.259964] localhost kernel:         Tracing variant of Tasks RCU enabled.
[    0.259965] localhost kernel: rcu: RCU calculated value of scheduler-enlistment delay is 100 jiffies.
[    0.259965] localhost kernel: rcu: Adjusting geometry for rcu_fanout_leaf=16, nr_cpu_ids=2
[    0.259974] localhost kernel: RCU Tasks: Setting shift to 1 and lim to 1 rcu_task_cb_adjust=1 rcu_task_cpu_ids=2.
[    0.259975] localhost kernel: RCU Tasks Rude: Setting shift to 1 and lim to 1 rcu_task_cb_adjust=1 rcu_task_cpu_ids=2.
[    0.259976] localhost kernel: RCU Tasks Trace: Setting shift to 1 and lim to 1 rcu_task_cb_adjust=1 rcu_task_cpu_ids=2.
[    0.262642] localhost kernel: NR_IRQS: 524544, nr_irqs: 440, preallocated irqs: 16
[    0.262834] localhost kernel: rcu: srcu_init: Setting srcu_struct sizes based on contention.
[    0.262886] localhost kernel: Console: colour dummy device 80x25
[    0.262888] localhost kernel: printk: legacy console [tty0] enabled
[    0.263122] localhost kernel: ACPI: Core revision 20230628
[    0.263271] localhost kernel: APIC: Switch to symmetric I/O mode setup
[    0.263455] localhost kernel: x2apic enabled
[    0.263698] localhost kernel: APIC: Switched APIC routing to: physical x2apic
[    0.264682] localhost kernel: ..TIMER: vector=0x30 apic1=0 pin1=2 apic2=-1 pin2=-1
[    0.264705] localhost kernel: tsc: Marking TSC unstable due to TSCs unsynchronized
[    0.264711] localhost kernel: Calibrating delay loop (skipped) preset value.. 6799.99 BogoMIPS (lpj=3399996)
[    0.264856] localhost kernel: process: using AMD E400 aware idle routine
[    0.264862] localhost kernel: Last level iTLB entries: 4KB 512, 2MB 255, 4MB 127
[    0.264864] localhost kernel: Last level dTLB entries: 4KB 512, 2MB 255, 4MB 127, 1GB 0
[    0.264868] localhost kernel: Spectre V1 : Mitigation: usercopy/swapgs barriers and __user pointer sanitization
[    0.264871] localhost kernel: Spectre V2 : Mitigation: Retpolines
[    0.264873] localhost kernel: Spectre V2 : Spectre v2 / SpectreRSB: Filling RSB on context switch and VMEXIT
[    0.264878] localhost kernel: x86/fpu: x87 FPU will use FXSAVE
[    0.285122] localhost kernel: Freeing SMP alternatives memory: 48K
[    0.285127] localhost kernel: pid_max: default: 32768 minimum: 301
[    0.285495] localhost kernel: LSM: initializing lsm=lockdown,capability,landlock,yama,apparmor,integrity
[    0.285612] localhost kernel: landlock: Up and running.
[    0.285614] localhost kernel: Yama: becoming mindful.
[    0.285659] localhost kernel: AppArmor: AppArmor initialized
[    0.285797] localhost kernel: Mount-cache hash table entries: 8192 (order: 4, 65536 bytes, linear)
[    0.285803] localhost kernel: Mountpoint-cache hash table entries: 8192 (order: 4, 65536 bytes, linear)
[    0.388301] localhost kernel: smpboot: CPU0: AMD QEMU Virtual CPU version 2.5+ (family: 0xf, model: 0x6b, stepping: 0x1)
[    0.388610] localhost kernel: Performance Events: PMU not available due to virtualization, using software events only.
[    0.388635] localhost kernel: signal: max sigframe size: 1440
[    0.388676] localhost kernel: rcu: Hierarchical SRCU implementation.
[    0.388679] localhost kernel: rcu:         Max phase no-delay instances is 400.
[    0.388708] localhost kernel: NMI watchdog: Perf NMI watchdog permanently disabled
[    0.388708] localhost kernel: smp: Bringing up secondary CPUs ...
[    0.388708] localhost kernel: smpboot: x86: Booting SMP configuration:
[    0.388708] localhost kernel: .... node  #0, CPUs:      #1
[    0.388745] localhost kernel: smp: Brought up 1 node, 2 CPUs
[    0.388745] localhost kernel: smpboot: Max logical packages: 1
[    0.388747] localhost kernel: smpboot: Total of 2 processors activated (13599.98 BogoMIPS)
[    0.389075] localhost kernel: devtmpfs: initialized
[    0.389075] localhost kernel: x86/mm: Memory block size: 128MB
[    0.389874] localhost kernel: clocksource: jiffies: mask: 0xffffffff max_cycles: 0xffffffff, max_idle_ns: 1911260446275000 ns
[    0.389874] localhost kernel: futex hash table entries: 512 (order: 3, 32768 bytes, linear)
[    0.390036] localhost kernel: pinctrl core: initialized pinctrl subsystem
[    0.390193] localhost kernel: PM: RTC time: 15:07:51, date: 2026-07-09
[    0.390885] localhost kernel: NET: Registered PF_NETLINK/PF_ROUTE protocol family
[    0.391072] localhost kernel: DMA: preallocated 512 KiB GFP_KERNEL pool for atomic allocations
[    0.391103] localhost kernel: DMA: preallocated 512 KiB GFP_KERNEL|GFP_DMA pool for atomic allocations
[    0.391139] localhost kernel: DMA: preallocated 512 KiB GFP_KERNEL|GFP_DMA32 pool for atomic allocations
[    0.391147] localhost kernel: audit: initializing netlink subsys (disabled)
[    0.391171] localhost kernel: audit: type=2000 audit(1783609672.659:1): state=initialized audit_enabled=0 res=1
[    0.391171] localhost kernel: thermal_sys: Registered thermal governor 'fair_share'
[    0.391171] localhost kernel: thermal_sys: Registered thermal governor 'bang_bang'
[    0.391171] localhost kernel: thermal_sys: Registered thermal governor 'step_wise'
[    0.391171] localhost kernel: thermal_sys: Registered thermal governor 'user_space'
[    0.391171] localhost kernel: thermal_sys: Registered thermal governor 'power_allocator'
[    0.391171] localhost kernel: cpuidle: using governor ladder
[    0.391171] localhost kernel: cpuidle: using governor menu
[    0.391171] localhost kernel: acpiphp: ACPI Hot Plug PCI Controller Driver version: 0.5
[    0.391171] localhost kernel: PCI: Using configuration type 1 for base access
[    0.391764] localhost kernel: kprobes: kprobe jump-optimization is enabled. All kprobes are optimized if possible.
[    0.404754] localhost kernel: HugeTLB: registered 2.00 MiB page size, pre-allocated 0 pages
[    0.404759] localhost kernel: HugeTLB: 28 KiB vmemmap can be freed for a 2.00 MiB page
[    0.412848] localhost kernel: fbcon: Taking over console
[    0.412877] localhost kernel: ACPI: Added _OSI(Module Device)
[    0.412882] localhost kernel: ACPI: Added _OSI(Processor Device)
[    0.412886] localhost kernel: ACPI: Added _OSI(Processor Aggregator Device)
[    0.416357] localhost kernel: ACPI: 2 ACPI AML tables successfully acquired and loaded
[    0.416953] localhost kernel: ACPI: _OSC evaluation for CPUs failed, trying _PDC
[    0.417101] localhost kernel: ACPI: Interpreter enabled
[    0.417118] localhost kernel: ACPI: PM: (supports S0 S5)
[    0.417122] localhost kernel: ACPI: Using IOAPIC for interrupt routing
[    0.417831] localhost kernel: PCI: Using host bridge windows from ACPI; if necessary, use "pci=nocrs" and report a bug
[    0.417837] localhost kernel: PCI: Using E820 reservations for host bridge windows
[    0.418063] localhost kernel: ACPI: Enabled 3 GPEs in block 00 to 0F
[    0.426156] localhost kernel: ACPI: PCI Root Bridge [PCI0] (domain 0000 [bus 00-ff])
[    0.426166] localhost kernel: acpi PNP0A03:00: _OSC: OS supports [ASPM ClockPM Segments MSI EDR HPX-Type3]
[    0.426173] localhost kernel: acpi PNP0A03:00: _OSC: not requesting OS control; OS requires [ExtendedConfig ASPM ClockPM MSI]
[    0.426189] localhost kernel: acpi PNP0A03:00: fail to add MMCONFIG information, can't access extended configuration space under this bridge
[    0.426845] localhost kernel: acpiphp: Slot [3] registered
[    0.426892] localhost kernel: acpiphp: Slot [8] registered
[    0.426922] localhost kernel: acpiphp: Slot [18] registered
[    0.426993] localhost kernel: acpiphp: Slot [4] registered
[    0.427026] localhost kernel: acpiphp: Slot [6] registered
[    0.427055] localhost kernel: acpiphp: Slot [7] registered
[    0.427082] localhost kernel: acpiphp: Slot [9] registered
[    0.427110] localhost kernel: acpiphp: Slot [10] registered
[    0.427136] localhost kernel: acpiphp: Slot [11] registered
[    0.427164] localhost kernel: acpiphp: Slot [12] registered
[    0.427192] localhost kernel: acpiphp: Slot [13] registered
[    0.427222] localhost kernel: acpiphp: Slot [14] registered
[    0.427249] localhost kernel: acpiphp: Slot [15] registered
[    0.427275] localhost kernel: acpiphp: Slot [16] registered
[    0.427303] localhost kernel: acpiphp: Slot [17] registered
[    0.427331] localhost kernel: acpiphp: Slot [19] registered
[    0.427359] localhost kernel: acpiphp: Slot [20] registered
[    0.427385] localhost kernel: acpiphp: Slot [21] registered
[    0.427415] localhost kernel: acpiphp: Slot [22] registered
[    0.427442] localhost kernel: acpiphp: Slot [23] registered
[    0.427470] localhost kernel: acpiphp: Slot [24] registered
[    0.427497] localhost kernel: acpiphp: Slot [25] registered
[    0.427524] localhost kernel: acpiphp: Slot [26] registered
[    0.427552] localhost kernel: acpiphp: Slot [27] registered
[    0.427579] localhost kernel: acpiphp: Slot [28] registered
[    0.427609] localhost kernel: acpiphp: Slot [29] registered
[    0.427629] localhost kernel: PCI host bridge to bus 0000:00
[    0.427634] localhost kernel: pci_bus 0000:00: root bus resource [io  0x0000-0x0cf7 window]
[    0.427640] localhost kernel: pci_bus 0000:00: root bus resource [io  0x0d00-0xffff window]
[    0.427645] localhost kernel: pci_bus 0000:00: root bus resource [mem 0x000a0000-0x000bffff window]
[    0.427649] localhost kernel: pci_bus 0000:00: root bus resource [mem 0xc0000000-0xfebfffff window]
[    0.427654] localhost kernel: pci_bus 0000:00: root bus resource [mem 0xc000000000-0xc0a000bfff window]
[    0.427660] localhost kernel: pci_bus 0000:00: root bus resource [bus 00-ff]
[    0.427729] localhost kernel: pci 0000:00:00.0: [8086:1237] type 00 class 0x060000 conventional PCI endpoint
[    0.428530] localhost kernel: pci 0000:00:01.0: [8086:7000] type 00 class 0x060100 conventional PCI endpoint
[    0.429357] localhost kernel: pci 0000:00:01.1: [8086:7010] type 00 class 0x010180 conventional PCI endpoint
[    0.431773] localhost kernel: pci 0000:00:01.1: BAR 4 [io  0xf0e0-0xf0ef]
[    0.431840] localhost kernel: pci 0000:00:01.1: BAR 0 [io  0x01f0-0x01f7]: legacy IDE quirk
[    0.431846] localhost kernel: pci 0000:00:01.1: BAR 1 [io  0x03f6]: legacy IDE quirk
[    0.431850] localhost kernel: pci 0000:00:01.1: BAR 2 [io  0x0170-0x0177]: legacy IDE quirk
[    0.431854] localhost kernel: pci 0000:00:01.1: BAR 3 [io  0x0376]: legacy IDE quirk
[    0.431854] localhost kernel: pci 0000:00:01.2: [8086:7020] type 00 class 0x0c0300 conventional PCI endpoint
[    0.433771] localhost kernel: pci 0000:00:01.2: BAR 4 [io  0xf0c0-0xf0df]
[    0.435084] localhost kernel: pci 0000:00:01.3: [8086:7113] type 00 class 0x068000 conventional PCI endpoint
[    0.435693] localhost kernel: pci 0000:00:01.3: quirk: [io  0x0600-0x063f] claimed by PIIX4 ACPI
[    0.435710] localhost kernel: pci 0000:00:01.3: quirk: [io  0x0700-0x070f] claimed by PIIX4 SMB
[    0.436058] localhost kernel: pci 0000:00:02.0: [1234:1111] type 00 class 0x030000 conventional PCI endpoint
[    0.439771] localhost kernel: pci 0000:00:02.0: BAR 0 [mem 0xfd000000-0xfdffffff pref]
[    0.440841] localhost kernel: pci 0000:00:02.0: BAR 2 [mem 0xfea50000-0xfea50fff]
[    0.440908] localhost kernel: pci 0000:00:02.0: ROM [mem 0xfea40000-0xfea4ffff pref]
[    0.440991] localhost kernel: pci 0000:00:02.0: Video device with shadowed ROM at [mem 0x000c0000-0x000dffff]
[    0.441477] localhost kernel: pci 0000:00:03.0: [1af4:1002] type 00 class 0x00ff00 conventional PCI endpoint
[    0.445724] localhost kernel: pci 0000:00:03.0: BAR 0 [io  0xf000-0xf03f]
[    0.445743] localhost kernel: pci 0000:00:03.0: BAR 1 [mem 0xfea51000-0xfea51fff]
[    0.445799] localhost kernel: pci 0000:00:03.0: BAR 4 [mem 0xc0a0000000-0xc0a0003fff 64bit pref]
[    0.447866] localhost kernel: pci 0000:00:05.0: [1b36:0001] type 01 class 0x060400 conventional PCI bridge
[    0.452724] localhost kernel: pci 0000:00:05.0: BAR 0 [mem 0xc000000000-0xc0000000ff 64bit]
[    0.452755] localhost kernel: pci 0000:00:05.0: PCI bridge to [bus 01]
[    0.452798] localhost kernel: pci 0000:00:05.0:   bridge window [io  0xe000-0xefff]
[    0.452830] localhost kernel: pci 0000:00:05.0:   bridge window [mem 0xfe800000-0xfe9fffff]
[    0.454065] localhost kernel: pci 0000:00:05.0:   bridge window [mem 0xc080000000-0xc09fffffff 64bit pref]
[    0.456230] localhost kernel: pci 0000:00:08.0: [1af4:1003] type 00 class 0x078000 conventional PCI endpoint
[    0.458724] localhost kernel: pci 0000:00:08.0: BAR 0 [io  0xf040-0xf07f]
[    0.458750] localhost kernel: pci 0000:00:08.0: BAR 1 [mem 0xfea52000-0xfea52fff]
[    0.458806] localhost kernel: pci 0000:00:08.0: BAR 4 [mem 0xc0a0004000-0xc0a0007fff 64bit pref]
[    0.464344] localhost kernel: pci 0000:00:12.0: [1af4:1000] type 00 class 0x020000 conventional PCI endpoint
[    0.466793] localhost kernel: pci 0000:00:12.0: BAR 0 [io  0xf080-0xf0bf]
[    0.466812] localhost kernel: pci 0000:00:12.0: BAR 1 [mem 0xfea53000-0xfea53fff]
[    0.466866] localhost kernel: pci 0000:00:12.0: BAR 4 [mem 0xc0a0008000-0xc0a000bfff 64bit pref]
[    0.466884] localhost kernel: pci 0000:00:12.0: ROM [mem 0xfea00000-0xfea3ffff pref]
[    0.472930] localhost kernel: pci 0000:00:1e.0: [1b36:0001] type 01 class 0x060400 conventional PCI bridge
[    0.474737] localhost kernel: pci 0000:00:1e.0: BAR 0 [mem 0xc000001000-0xc0000010ff 64bit]
[    0.474771] localhost kernel: pci 0000:00:1e.0: PCI bridge to [bus 02]
[    0.474814] localhost kernel: pci 0000:00:1e.0:   bridge window [io  0xd000-0xdfff]
[    0.474845] localhost kernel: pci 0000:00:1e.0:   bridge window [mem 0xfe600000-0xfe7fffff]
[    0.476076] localhost kernel: pci 0000:00:1e.0:   bridge window [mem 0xc060000000-0xc07fffffff 64bit pref]
[    0.477115] localhost kernel: pci 0000:00:1f.0: [1b36:0001] type 01 class 0x060400 conventional PCI bridge
[    0.478736] localhost kernel: pci 0000:00:1f.0: BAR 0 [mem 0xc000002000-0xc0000020ff 64bit]
[    0.478768] localhost kernel: pci 0000:00:1f.0: PCI bridge to [bus 03]
[    0.478812] localhost kernel: pci 0000:00:1f.0:   bridge window [io  0xc000-0xcfff]
[    0.478849] localhost kernel: pci 0000:00:1f.0:   bridge window [mem 0xfe400000-0xfe5fffff]
[    0.479723] localhost kernel: pci 0000:00:1f.0:   bridge window [mem 0xc040000000-0xc05fffffff 64bit pref]
[    0.480968] localhost kernel: pci_bus 0000:01: extended config space not accessible
[    0.481312] localhost kernel: acpiphp: Slot [1-2] registered
[    0.481342] localhost kernel: acpiphp: Slot [0] registered
[    0.481374] localhost kernel: acpiphp: Slot [2] registered
[    0.481407] localhost kernel: acpiphp: Slot [3-2] registered
[    0.481438] localhost kernel: acpiphp: Slot [4-2] registered
[    0.481465] localhost kernel: acpiphp: Slot [5] registered
[    0.481498] localhost kernel: acpiphp: Slot [6-2] registered
[    0.481534] localhost kernel: acpiphp: Slot [7-2] registered
[    0.481565] localhost kernel: acpiphp: Slot [8-2] registered
[    0.481598] localhost kernel: acpiphp: Slot [9-2] registered
[    0.481716] localhost kernel: acpiphp: Slot [10-2] registered
[    0.481747] localhost kernel: acpiphp: Slot [11-2] registered
[    0.481778] localhost kernel: acpiphp: Slot [12-2] registered
[    0.481809] localhost kernel: acpiphp: Slot [13-2] registered
[    0.481839] localhost kernel: acpiphp: Slot [14-2] registered
[    0.481871] localhost kernel: acpiphp: Slot [15-2] registered
[    0.481904] localhost kernel: acpiphp: Slot [16-2] registered
[    0.481936] localhost kernel: acpiphp: Slot [17-2] registered
[    0.481966] localhost kernel: acpiphp: Slot [18-2] registered
[    0.482004] localhost kernel: acpiphp: Slot [19-2] registered
[    0.482037] localhost kernel: acpiphp: Slot [20-2] registered
[    0.482069] localhost kernel: acpiphp: Slot [21-2] registered
[    0.482101] localhost kernel: acpiphp: Slot [22-2] registered
[    0.482137] localhost kernel: acpiphp: Slot [23-2] registered
[    0.482168] localhost kernel: acpiphp: Slot [24-2] registered
[    0.482199] localhost kernel: acpiphp: Slot [25-2] registered
[    0.482230] localhost kernel: acpiphp: Slot [26-2] registered
[    0.482261] localhost kernel: acpiphp: Slot [27-2] registered
[    0.482292] localhost kernel: acpiphp: Slot [28-2] registered
[    0.482326] localhost kernel: acpiphp: Slot [29-2] registered
[    0.482357] localhost kernel: acpiphp: Slot [30] registered
[    0.482385] localhost kernel: acpiphp: Slot [31] registered
[    0.482904] localhost kernel: pci 0000:01:01.0: [1af4:1004] type 00 class 0x010000 conventional PCI endpoint
[    0.487710] localhost kernel: pci 0000:01:01.0: BAR 0 [io  0xe000-0xe03f]
[    0.487730] localhost kernel: pci 0000:01:01.0: BAR 1 [mem 0xfe800000-0xfe800fff]
[    0.487786] localhost kernel: pci 0000:01:01.0: BAR 4 [mem 0xc080000000-0xc080003fff 64bit pref]
[    0.500243] localhost kernel: pci 0000:00:05.0: PCI bridge to [bus 01]
[    0.501710] localhost kernel: pci_bus 0000:02: extended config space not accessible
[    0.502059] localhost kernel: acpiphp: Slot [0-2] registered
[    0.502092] localhost kernel: acpiphp: Slot [1-3] registered
[    0.502125] localhost kernel: acpiphp: Slot [2-2] registered
[    0.502164] localhost kernel: acpiphp: Slot [3-3] registered
[    0.502195] localhost kernel: acpiphp: Slot [4-3] registered
[    0.502225] localhost kernel: acpiphp: Slot [5-2] registered
[    0.502257] localhost kernel: acpiphp: Slot [6-3] registered
[    0.502287] localhost kernel: acpiphp: Slot [7-3] registered
[    0.502318] localhost kernel: acpiphp: Slot [8-3] registered
[    0.502348] localhost kernel: acpiphp: Slot [9-3] registered
[    0.502384] localhost kernel: acpiphp: Slot [10-3] registered
[    0.502417] localhost kernel: acpiphp: Slot [11-3] registered
[    0.502448] localhost kernel: acpiphp: Slot [12-3] registered
[    0.502484] localhost kernel: acpiphp: Slot [13-3] registered
[    0.502517] localhost kernel: acpiphp: Slot [14-3] registered
[    0.502548] localhost kernel: acpiphp: Slot [15-3] registered
[    0.502579] localhost kernel: acpiphp: Slot [16-3] registered
[    0.502618] localhost kernel: acpiphp: Slot [17-3] registered
[    0.502650] localhost kernel: acpiphp: Slot [18-3] registered
[    0.502683] localhost kernel: acpiphp: Slot [19-3] registered
[    0.502724] localhost kernel: acpiphp: Slot [20-3] registered
[    0.502759] localhost kernel: acpiphp: Slot [21-3] registered
[    0.502792] localhost kernel: acpiphp: Slot [22-3] registered
[    0.502823] localhost kernel: acpiphp: Slot [23-3] registered
[    0.502858] localhost kernel: acpiphp: Slot [24-3] registered
[    0.502891] localhost kernel: acpiphp: Slot [25-3] registered
[    0.502922] localhost kernel: acpiphp: Slot [26-3] registered
[    0.502955] localhost kernel: acpiphp: Slot [27-3] registered
[    0.502991] localhost kernel: acpiphp: Slot [28-3] registered
[    0.503024] localhost kernel: acpiphp: Slot [29-3] registered
[    0.503057] localhost kernel: acpiphp: Slot [30-2] registered
[    0.503091] localhost kernel: acpiphp: Slot [31-2] registered
[    0.514251] localhost kernel: pci 0000:00:1e.0: PCI bridge to [bus 02]
[    0.515400] localhost kernel: pci_bus 0000:03: extended config space not accessible
[    0.515932] localhost kernel: acpiphp: Slot [0-3] registered
[    0.515967] localhost kernel: acpiphp: Slot [1-4] registered
[    0.516008] localhost kernel: acpiphp: Slot [2-3] registered
[    0.516041] localhost kernel: acpiphp: Slot [3-4] registered
[    0.516078] localhost kernel: acpiphp: Slot [4-4] registered
[    0.516110] localhost kernel: acpiphp: Slot [5-3] registered
[    0.516143] localhost kernel: acpiphp: Slot [6-4] registered
[    0.516175] localhost kernel: acpiphp: Slot [7-4] registered
[    0.516209] localhost kernel: acpiphp: Slot [8-4] registered
[    0.516240] localhost kernel: acpiphp: Slot [9-4] registered
[    0.516274] localhost kernel: acpiphp: Slot [10-4] registered
[    0.516311] localhost kernel: acpiphp: Slot [11-4] registered
[    0.516346] localhost kernel: acpiphp: Slot [12-4] registered
[    0.516378] localhost kernel: acpiphp: Slot [13-4] registered
[    0.516409] localhost kernel: acpiphp: Slot [14-4] registered
[    0.516442] localhost kernel: acpiphp: Slot [15-4] registered
[    0.516474] localhost kernel: acpiphp: Slot [16-4] registered
[    0.516506] localhost kernel: acpiphp: Slot [17-4] registered
[    0.516540] localhost kernel: acpiphp: Slot [18-4] registered
[    0.516573] localhost kernel: acpiphp: Slot [19-4] registered
[    0.516604] localhost kernel: acpiphp: Slot [20-4] registered
[    0.516636] localhost kernel: acpiphp: Slot [21-4] registered
[    0.516669] localhost kernel: acpiphp: Slot [22-4] registered
[    0.516706] localhost kernel: acpiphp: Slot [23-4] registered
[    0.516740] localhost kernel: acpiphp: Slot [24-4] registered
[    0.516775] localhost kernel: acpiphp: Slot [25-4] registered
[    0.516809] localhost kernel: acpiphp: Slot [26-4] registered
[    0.516846] localhost kernel: acpiphp: Slot [27-4] registered
[    0.516879] localhost kernel: acpiphp: Slot [28-4] registered
[    0.516915] localhost kernel: acpiphp: Slot [29-4] registered
[    0.516947] localhost kernel: acpiphp: Slot [30-3] registered
[    0.516978] localhost kernel: acpiphp: Slot [31-3] registered
[    0.528109] localhost kernel: pci 0000:00:1f.0: PCI bridge to [bus 03]
[    0.535118] localhost kernel: ACPI: PCI: Interrupt link LNKA configured for IRQ 10
[    0.535305] localhost kernel: ACPI: PCI: Interrupt link LNKB configured for IRQ 10
[    0.535483] localhost kernel: ACPI: PCI: Interrupt link LNKC configured for IRQ 11
[    0.535655] localhost kernel: ACPI: PCI: Interrupt link LNKD configured for IRQ 11
[    0.535737] localhost kernel: ACPI: PCI: Interrupt link LNKS configured for IRQ 9
[    0.536149] localhost kernel: iommu: Default domain type: Translated
[    0.536149] localhost kernel: iommu: DMA domain TLB invalidation policy: lazy mode
[    0.536805] localhost kernel: SCSI subsystem initialized
[    0.536819] localhost kernel: libata version 3.00 loaded.
[    0.536819] localhost kernel: ACPI: bus type USB registered
[    0.536819] localhost kernel: usbcore: registered new interface driver usbfs
[    0.536819] localhost kernel: usbcore: registered new interface driver hub
[    0.536819] localhost kernel: usbcore: registered new device driver usb
[    0.536819] localhost kernel: pps_core: LinuxPPS API ver. 1 registered
[    0.536819] localhost kernel: pps_core: Software ver. 5.3.6 - Copyright 2005-2007 Rodolfo Giometti <giometti@linux.it>
[    0.536825] localhost kernel: PTP clock support registered
[    0.536847] localhost kernel: EDAC MC: Ver: 3.0.0
[    0.537962] localhost kernel: NetLabel: Initializing
[    0.537966] localhost kernel: NetLabel:  domain hash size = 128
[    0.537970] localhost kernel: NetLabel:  protocols = UNLABELED CIPSOv4 CALIPSO
[    0.538141] localhost kernel: NetLabel:  unlabeled traffic allowed by default
[    0.538172] localhost kernel: mctp: management component transport protocol core
[    0.538172] localhost kernel: NET: Registered PF_MCTP protocol family
[    0.538172] localhost kernel: PCI: Using ACPI for IRQ routing
[    0.538172] localhost kernel: PCI: pci_cache_line_size set to 64 bytes
[    0.538811] localhost kernel: e820: reserve RAM buffer [mem 0x0009fc00-0x0009ffff]
[    0.538815] localhost kernel: e820: reserve RAM buffer [mem 0xbffda000-0xbfffffff]
[    0.538842] localhost kernel: pci 0000:00:02.0: vgaarb: setting as boot VGA device
[    0.538842] localhost kernel: pci 0000:00:02.0: vgaarb: bridge control possible
[    0.538842] localhost kernel: pci 0000:00:02.0: vgaarb: VGA device added: decodes=io+mem,owns=io+mem,locks=none
[    0.538842] localhost kernel: vgaarb: loaded
[    0.538842] localhost kernel: clocksource: Switched to clocksource kvm-clock
[    0.539817] localhost kernel: VFS: Disk quotas dquot_6.6.0
[    0.539850] localhost kernel: VFS: Dquot-cache hash table entries: 512 (order 0, 4096 bytes)
[    0.540128] localhost kernel: AppArmor: AppArmor Filesystem Enabled
[    0.540151] localhost kernel: pnp: PnP ACPI init
[    0.540261] localhost kernel: pnp 00:02: [dma 2]
[    0.540634] localhost kernel: pnp: PnP ACPI: found 4 devices
[    0.551581] localhost kernel: clocksource: acpi_pm: mask: 0xffffff max_cycles: 0xffffff, max_idle_ns: 2085701024 ns
[    0.551720] localhost kernel: NET: Registered PF_INET protocol family
[    0.551779] localhost kernel: IP idents hash table entries: 65536 (order: 7, 524288 bytes, linear)
[    0.566446] localhost kernel: tcp_listen_portaddr_hash hash table entries: 2048 (order: 3, 32768 bytes, linear)
[    0.566463] localhost kernel: Table-perturb hash table entries: 65536 (order: 6, 262144 bytes, linear)
[    0.566499] localhost kernel: TCP established hash table entries: 32768 (order: 6, 262144 bytes, linear)
[    0.566561] localhost kernel: TCP bind hash table entries: 32768 (order: 8, 1048576 bytes, linear)
[    0.566625] localhost kernel: TCP: Hash tables configured (established 32768 bind 32768)
[    0.566693] localhost kernel: MPTCP token hash table entries: 4096 (order: 5, 98304 bytes, linear)
[    0.566730] localhost kernel: UDP hash table entries: 2048 (order: 4, 65536 bytes, linear)
[    0.566744] localhost kernel: UDP-Lite hash table entries: 2048 (order: 4, 65536 bytes, linear)
[    0.566808] localhost kernel: NET: Registered PF_UNIX/PF_LOCAL protocol family
[    0.566819] localhost kernel: NET: Registered PF_XDP protocol family
[    0.566834] localhost kernel: pci 0000:00:05.0: PCI bridge to [bus 01]
[    0.566856] localhost kernel: pci 0000:00:05.0:   bridge window [io  0xe000-0xefff]
[    0.568570] localhost kernel: pci 0000:00:05.0:   bridge window [mem 0xfe800000-0xfe9fffff]
[    0.569897] localhost kernel: pci 0000:00:05.0:   bridge window [mem 0xc080000000-0xc09fffffff 64bit pref]
[    0.572084] localhost kernel: pci 0000:00:1e.0: PCI bridge to [bus 02]
[    0.572103] localhost kernel: pci 0000:00:1e.0:   bridge window [io  0xd000-0xdfff]
[    0.573747] localhost kernel: pci 0000:00:1e.0:   bridge window [mem 0xfe600000-0xfe7fffff]
[    0.574852] localhost kernel: pci 0000:00:1e.0:   bridge window [mem 0xc060000000-0xc07fffffff 64bit pref]
[    0.577082] localhost kernel: pci 0000:00:1f.0: PCI bridge to [bus 03]
[    0.577099] localhost kernel: pci 0000:00:1f.0:   bridge window [io  0xc000-0xcfff]
[    0.579164] localhost kernel: pci 0000:00:1f.0:   bridge window [mem 0xfe400000-0xfe5fffff]
[    0.579714] localhost kernel: pci 0000:00:1f.0:   bridge window [mem 0xc040000000-0xc05fffffff 64bit pref]
[    0.581287] localhost kernel: pci_bus 0000:00: resource 4 [io  0x0000-0x0cf7 window]
[    0.581293] localhost kernel: pci_bus 0000:00: resource 5 [io  0x0d00-0xffff window]
[    0.581298] localhost kernel: pci_bus 0000:00: resource 6 [mem 0x000a0000-0x000bffff window]
[    0.581302] localhost kernel: pci_bus 0000:00: resource 7 [mem 0xc0000000-0xfebfffff window]
[    0.581306] localhost kernel: pci_bus 0000:00: resource 8 [mem 0xc000000000-0xc0a000bfff window]
[    0.581312] localhost kernel: pci_bus 0000:01: resource 0 [io  0xe000-0xefff]
[    0.581315] localhost kernel: pci_bus 0000:01: resource 1 [mem 0xfe800000-0xfe9fffff]
[    0.581319] localhost kernel: pci_bus 0000:01: resource 2 [mem 0xc080000000-0xc09fffffff 64bit pref]
[    0.581326] localhost kernel: pci_bus 0000:02: resource 0 [io  0xd000-0xdfff]
[    0.581330] localhost kernel: pci_bus 0000:02: resource 1 [mem 0xfe600000-0xfe7fffff]
[    0.581333] localhost kernel: pci_bus 0000:02: resource 2 [mem 0xc060000000-0xc07fffffff 64bit pref]
[    0.581338] localhost kernel: pci_bus 0000:03: resource 0 [io  0xc000-0xcfff]
[    0.581342] localhost kernel: pci_bus 0000:03: resource 1 [mem 0xfe400000-0xfe5fffff]
[    0.581347] localhost kernel: pci_bus 0000:03: resource 2 [mem 0xc040000000-0xc05fffffff 64bit pref]
[    0.581485] localhost kernel: pci 0000:00:01.0: PIIX3: Enabling Passive Release
[    0.581505] localhost kernel: pci 0000:00:00.0: Limiting direct PCI/PCI transfers
[    0.582718] localhost kernel: ACPI: \_SB_.LNKD: Enabled at IRQ 11
[    0.584278] localhost kernel: PCI: CLS 0 bytes, default 64
[    0.584354] localhost kernel: PCI-DMA: Using software bounce buffering for IO (SWIOTLB)
[    0.584359] localhost kernel: software IO TLB: mapped [mem 0x00000000bbfda000-0x00000000bffda000] (64MB)
[    0.584437] localhost kernel: Trying to unpack rootfs image as initramfs...
[    0.585218] localhost kernel: Initialise system trusted keyrings
[    0.585235] localhost kernel: Key type blacklist registered
[    0.586037] localhost kernel: workingset: timestamp_bits=36 max_order=20 bucket_order=0
[    0.586053] localhost kernel: zbud: loaded
[    0.587261] localhost kernel: squashfs: version 4.0 (2009/01/31) Phillip Lougher
[    0.587779] localhost kernel: fuse: init (API version 7.39)
[    0.588043] localhost kernel: integrity: Platform Keyring initialized
[    0.588053] localhost kernel: integrity: Machine keyring initialized
[    0.599661] localhost kernel: Key type asymmetric registered
[    0.599671] localhost kernel: Asymmetric key parser 'x509' registered
[    0.599706] localhost kernel: Block layer SCSI generic (bsg) driver version 0.4 loaded (major 243)
[    0.599801] localhost kernel: io scheduler mq-deadline registered
[    0.601152] localhost kernel: shpchp 0000:00:05.0: Requesting control of SHPC hotplug via OSHP (\_SB_.PCI0.S28_)
[    0.601167] localhost kernel: shpchp 0000:00:05.0: Requesting control of SHPC hotplug via OSHP (\_SB_.PCI0)
[    0.601179] localhost kernel: shpchp 0000:00:05.0: Cannot get control of SHPC hotplug
[    0.601258] localhost kernel: shpchp 0000:00:1e.0: Requesting control of SHPC hotplug via OSHP (\_SB_.PCI0.SF0_)
[    0.601269] localhost kernel: shpchp 0000:00:1e.0: Requesting control of SHPC hotplug via OSHP (\_SB_.PCI0)
[    0.601277] localhost kernel: shpchp 0000:00:1e.0: Cannot get control of SHPC hotplug
[    0.601351] localhost kernel: shpchp 0000:00:1f.0: Requesting control of SHPC hotplug via OSHP (\_SB_.PCI0.SF8_)
[    0.601362] localhost kernel: shpchp 0000:00:1f.0: Requesting control of SHPC hotplug via OSHP (\_SB_.PCI0)
[    0.601369] localhost kernel: shpchp 0000:00:1f.0: Cannot get control of SHPC hotplug
[    0.601383] localhost kernel: shpchp: Standard Hot Plug PCI Controller Driver version: 0.4
[    0.601570] localhost kernel: input: Power Button as /devices/LNXSYSTM:00/LNXPWRBN:00/input/input0
[    0.601654] localhost kernel: ACPI: button: Power Button [PWRF]
[    0.603071] localhost kernel: ACPI: \_SB_.LNKC: Enabled at IRQ 10
[    0.608522] localhost kernel: ACPI: \_SB_.LNKB: Enabled at IRQ 10
[    0.611248] localhost kernel: ACPI: \_SB_.LNKA: Enabled at IRQ 11
[    0.616596] localhost kernel: Free page reporting enabled
[    0.617007] localhost kernel: Serial: 8250/16550 driver, 32 ports, IRQ sharing enabled
[    0.683257] localhost kernel: Linux agpgart interface v0.103
[    0.690807] localhost kernel: loop: module loaded
[    0.703914] localhost kernel: virtio_scsi virtio3: 2/0/0 default/read/poll queues
[    0.710379] localhost kernel: scsi host0: Virtio SCSI HBA
[    0.714075] localhost kernel: scsi 0:0:0:0: Direct-Access     QEMU     QEMU HARDDISK    2.5+ PQ: 0 ANSI: 5
[    0.714377] localhost kernel: ata_piix 0000:00:01.1: version 2.13
[    0.718831] localhost kernel: scsi host1: ata_piix
[    0.719995] localhost kernel: scsi host2: ata_piix
[    0.720085] localhost kernel: ata1: PATA max MWDMA2 cmd 0x1f0 ctl 0x3f6 bmdma 0xf0e0 irq 14 lpm-pol 0
[    0.720096] localhost kernel: ata2: PATA max MWDMA2 cmd 0x170 ctl 0x376 bmdma 0xf0e8 irq 15 lpm-pol 0
[    0.720479] localhost kernel: ACPI: bus type drm_connector registered
[    0.721048] localhost kernel: tun: Universal TUN/TAP device driver, 1.6
[    0.730009] localhost kernel: PPP generic driver version 2.4.2
[    0.733744] localhost kernel: uhci_hcd 0000:00:01.2: UHCI Host Controller
[    0.734260] localhost kernel: uhci_hcd 0000:00:01.2: new USB bus registered, assigned bus number 1
[    0.736076] localhost kernel: uhci_hcd 0000:00:01.2: detected 2 ports
[    0.736525] localhost kernel: uhci_hcd 0000:00:01.2: irq 11, io port 0x0000f0c0
[    0.737823] localhost kernel: usb usb1: New USB device found, idVendor=1d6b, idProduct=0001, bcdDevice= 6.08
[    0.737840] localhost kernel: usb usb1: New USB device strings: Mfr=3, Product=2, SerialNumber=1
[    0.737846] localhost kernel: usb usb1: Product: UHCI Host Controller
[    0.737850] localhost kernel: usb usb1: Manufacturer: Linux 6.8.0-134-generic uhci_hcd
[    0.737854] localhost kernel: usb usb1: SerialNumber: 0000:00:01.2
[    0.739998] localhost kernel: hub 1-0:1.0: USB hub found
[    0.740050] localhost kernel: hub 1-0:1.0: 2 ports detected
[    0.740343] localhost kernel: i8042: PNP: PS/2 Controller [PNP0303:KBD,PNP0f13:MOU] at 0x60,0x64 irq 1,12
[    0.750969] localhost kernel: serio: i8042 KBD port at 0x60,0x64 irq 1
[    0.751018] localhost kernel: serio: i8042 AUX port at 0x60,0x64 irq 12
[    0.751562] localhost kernel: mousedev: PS/2 mouse device common for all mice
[    0.752186] localhost kernel: rtc_cmos 00:03: RTC can wake from S4
[    0.753984] localhost kernel: rtc_cmos 00:03: registered as rtc0
[    0.754457] localhost kernel: rtc_cmos 00:03: setting system clock to 2026-07-09T15:07:52 UTC (1783609672)
[    0.754567] localhost kernel: rtc_cmos 00:03: alarms up to one day, y3k, 242 bytes nvram
[    0.754581] localhost kernel: i2c_dev: i2c /dev entries driver
[    0.754614] localhost kernel: device-mapper: core: CONFIG_IMA_DISABLE_HTABLE is disabled. Duplicate IMA measurements will not be recorded in the IMA log.
[    0.754643] localhost kernel: device-mapper: uevent: version 1.0.3
[    0.754736] localhost kernel: input: AT Translated Set 2 keyboard as /devices/platform/i8042/serio0/input/input1
[    0.757342] localhost kernel: device-mapper: ioctl: 4.48.0-ioctl (2023-03-01) initialised: dm-devel@redhat.com
[    0.757351] localhost kernel: amd_pstate: the _CPC object is not present in SBIOS or ACPI disabled
[    0.763647] localhost kernel: Freeing initrd memory: 74748K
[    0.763668] localhost kernel: ledtrig-cpu: registered to indicate activity on CPUs
[    0.763923] localhost kernel: [drm] Initialized simpledrm 1.0.0 20200625 for simple-framebuffer.0 on minor 0
[    0.765546] localhost kernel: Console: switching to colour frame buffer device 100x37
[    0.767519] localhost kernel: simple-framebuffer simple-framebuffer.0: [drm] fb0: simpledrmdrmfb frame buffer device
[    0.767671] localhost kernel: drop_monitor: Initializing network drop monitor service
[    0.767834] localhost kernel: NET: Registered PF_INET6 protocol family
[    0.769142] localhost kernel: sd 0:0:0:0: Power-on or device reset occurred
[    0.769286] localhost kernel: sd 0:0:0:0: Attached scsi generic sg0 type 0
[    0.769443] localhost kernel: sd 0:0:0:0: [sda] 67108864 512-byte logical blocks: (34.4 GB/32.0 GiB)
[    0.769578] localhost kernel: sd 0:0:0:0: [sda] Write Protect is off
[    0.769629] localhost kernel: sd 0:0:0:0: [sda] Mode Sense: 63 00 10 08
[    0.769743] localhost kernel: sd 0:0:0:0: [sda] Write cache: enabled, read cache: enabled, supports DPO and FUA
[    0.773308] localhost kernel: Segment Routing with IPv6
[    0.773369] localhost kernel: In-situ OAM (IOAM) with IPv6
[    0.773443] localhost kernel: NET: Registered PF_PACKET protocol family
[    0.774479] localhost kernel: Key type dns_resolver registered
[    0.775789] localhost kernel: IPI shorthand broadcast: enabled
[    0.777863] localhost kernel: sched_clock: Marking stable (776004852, 869351)->(778370226, -1496023)
[    0.779444] localhost kernel: registered taskstats version 1
[    0.781205] localhost kernel: Loading compiled-in X.509 certificates
[    0.784287] localhost kernel: Loaded X.509 cert 'Build time autogenerated kernel key: 79aab6b364387381d7a5d225dcfcd094a654ef62'
[    0.786782] localhost kernel: Loaded X.509 cert 'Canonical Ltd. Live Patch Signing 2025 Kmod: d541cef61dc7e793b7eb7e899970a2eef0b5dc8c'
[    0.789247] localhost kernel: Loaded X.509 cert 'Canonical Ltd. Live Patch Signing: 14df34d1a87cf37625abec039ef2bf521249b969'
[    0.791956] localhost kernel: Loaded X.509 cert 'Canonical Ltd. Kernel Module Signing 2025 Kmod: 4627603d2357a2a3f81006370894c221175893e9'
[    0.794671] localhost kernel: Loaded X.509 cert 'Canonical Ltd. Kernel Module Signing: 88f752e560a1e0737e31163a466ad7b70a850c19'
[    0.796289] localhost kernel: blacklist: Loading compiled-in revocation X.509 certificates
[    0.797118] localhost kernel: Loaded X.509 cert 'Canonical Ltd. Secure Boot Signing: 61482aa2830d0ab2ad5af10b7250da9033ddcef0'
[    0.801628] localhost kernel: Loaded X.509 cert 'Canonical Ltd. Secure Boot Signing (2017): 242ade75ac4a15e50d50c84b0d45ff3eae707a03'
[    0.805951] localhost kernel: Loaded X.509 cert 'Canonical Ltd. Secure Boot Signing (ESM 2018): 365188c1d374d6b07c3c8f240f8ef722433d6a8b'
[    0.809562] localhost kernel: Loaded X.509 cert 'Canonical Ltd. Secure Boot Signing (2019): c0746fd6c5da3ae827864651ad66ae47fe24b3e8'
[    0.813498] localhost kernel: Loaded X.509 cert 'Canonical Ltd. Secure Boot Signing (2021 v1): a8d54bbb3825cfb94fa13c9f8a594a195c107b8d'
[    0.816994] localhost kernel: Loaded X.509 cert 'Canonical Ltd. Secure Boot Signing (2021 v2): 4cf046892d6fd3c9a5b03f98d845f90851dc6a8c'
[    0.820666] localhost kernel: Loaded X.509 cert 'Canonical Ltd. Secure Boot Signing (2021 v3): 100437bb6de6e469b581e61cd66bce3ef4ed53af'
[    0.824297] localhost kernel: Loaded X.509 cert 'Canonical Ltd. Secure Boot Signing (Ubuntu Core 2019): c1d57b8f6b743f23ee41f4f7ee292f06eecadfb9'
[    0.836994] localhost kernel: Key type .fscrypt registered
[    0.839148] localhost kernel: Key type fscrypt-provisioning registered
[    0.858975] localhost kernel: cryptd: max_cpu_qlen set to 1000
[    0.872166] localhost kernel:  sda: sda1 sda2 sda3
[    0.874859] localhost kernel: sd 0:0:0:0: [sda] Attached SCSI disk
[    0.883006] localhost kernel: ata2: found unknown device (class 0)
[    0.888302] localhost kernel: ata2.00: ATAPI: QEMU DVD-ROM, 2.5+, max UDMA/100
[    0.894276] localhost kernel: scsi 2:0:0:0: CD-ROM            QEMU     QEMU DVD-ROM     2.5+ PQ: 0 ANSI: 5
[    0.914737] localhost kernel: sr 2:0:0:0: [sr0] scsi3-mmc drive: 4x/4x cd/rw xa/form2 tray
[    0.917120] localhost kernel: cdrom: Uniform CD-ROM driver Revision: 3.20
[    0.927585] localhost kernel: sr 2:0:0:0: Attached scsi CD-ROM sr0
[    0.929098] localhost kernel: sr 2:0:0:0: Attached scsi generic sg1 type 5
[    0.940634] localhost kernel: SSE version of gcm_enc/dec engaged.
[    0.962917] localhost kernel: usb 1-1: new full-speed USB device number 2 using uhci_hcd
[    0.980450] localhost kernel: Key type encrypted registered
[    0.981791] localhost kernel: AppArmor: AppArmor sha256 policy hashing enabled
[    0.983582] localhost kernel: ima: No TPM chip found, activating TPM-bypass!
[    0.986916] localhost kernel: Loading compiled-in module X.509 certificates
[    0.989930] localhost kernel: Loaded X.509 cert 'Build time autogenerated kernel key: 79aab6b364387381d7a5d225dcfcd094a654ef62'
[    0.993387] localhost kernel: ima: Allocated hash algorithm: sha256
[    0.995688] localhost kernel: ima: No architecture policies found
[    0.997294] localhost kernel: evm: Initialising EVM extended attributes:
[    0.998821] localhost kernel: evm: security.selinux
[    1.000457] localhost kernel: evm: security.SMACK64
[    1.001604] localhost kernel: evm: security.SMACK64EXEC
[    1.003670] localhost kernel: evm: security.SMACK64TRANSMUTE
[    1.004712] localhost kernel: evm: security.SMACK64MMAP
[    1.006449] localhost kernel: evm: security.apparmor
[    1.007480] localhost kernel: evm: security.ima
[    1.008322] localhost kernel: evm: security.capability
[    1.009954] localhost kernel: evm: HMAC attrs: 0x1
[    1.011739] localhost kernel: PM:   Magic number: 2:338:133
[    1.013078] localhost kernel: acpi device:08: hash matches
[    1.014882] localhost kernel: powernow_k8: Power state transitions not supported
[    1.015647] localhost kernel: powernow_k8: Power state transitions not supported
[    1.022193] localhost kernel: RAS: Correctable Errors collector initialized.
[    1.025436] localhost kernel: clk: Disabling unused clocks
[    1.030490] localhost kernel: Freeing unused decrypted memory: 2028K
[    1.032327] localhost kernel: Freeing unused kernel image (initmem) memory: 4924K
[    1.033245] localhost kernel: Write protecting the kernel read-only data: 38912k
[    1.035087] localhost kernel: Freeing unused kernel image (rodata/data gap) memory: 1964K
[    1.084533] localhost kernel: x86/mm: Checked W+X mappings: passed, no W+X pages found.
[    1.085824] localhost kernel: Run /init as init process
[    1.086778] localhost kernel:   with arguments:
[    1.086784] localhost kernel:     /init
[    1.086788] localhost kernel:   with environment:
[    1.086791] localhost kernel:     HOME=/
[    1.086792] localhost kernel:     TERM=linux
[    1.152243] localhost kernel: usb 1-1: New USB device found, idVendor=0627, idProduct=0001, bcdDevice= 0.00
[    1.153021] localhost kernel: usb 1-1: New USB device strings: Mfr=1, Product=3, SerialNumber=10
[    1.153785] localhost kernel: usb 1-1: Product: QEMU USB Tablet
[    1.154525] localhost kernel: usb 1-1: Manufacturer: QEMU
[    1.155312] localhost kernel: usb 1-1: SerialNumber: 28754-0000:00:01.2-1
[    1.177442] localhost kernel: hid: raw HID events driver (C) Jiri Kosina
[    1.232268] localhost kernel: usbcore: registered new interface driver usbhid
[    1.233372] localhost kernel: usbhid: USB HID core driver
[    1.238891] localhost kernel: input: QEMU QEMU USB Tablet as /devices/pci0000:00/0000:00:01.2/usb1/1-1/1-1:1.0/0003:0627:0001.0001/input/input3
[    1.242231] localhost kernel: hid-generic 0003:0627:0001.0001: input,hidraw0: USB HID v0.01 Mouse [QEMU QEMU USB Tablet] on usb-0000:00:01.2-1/input0
[    1.395565] localhost kernel: virtio_net virtio2 ens18: renamed from eth0
[    1.424386] localhost kernel: FDC 0 is a S82078B
[    1.432295] localhost kernel: Console: switching to colour dummy device 80x25
[    1.436504] localhost kernel: bochs-drm 0000:00:02.0: vgaarb: deactivate vga console
[    1.439298] localhost kernel: [drm] Found bochs VGA, ID 0xb0c5.
[    1.439303] localhost kernel: [drm] Framebuffer size 16384 kB @ 0xfd000000, mmio @ 0xfea50000.
[    1.445225] localhost kernel: input: VirtualPS/2 VMware VMMouse as /devices/platform/i8042/serio1/input/input5
[    1.445933] localhost kernel: [drm] Found EDID data blob.
[    1.448096] localhost kernel: input: VirtualPS/2 VMware VMMouse as /devices/platform/i8042/serio1/input/input4
[    1.453130] localhost kernel: [drm] Initialized bochs-drm 1.0.0 20130925 for 0000:00:02.0 on minor 0
[    1.464288] localhost kernel: fbcon: bochs-drmdrmfb (fb0) is primary device
[    1.556681] localhost kernel: Console: switching to colour frame buffer device 160x50
[    1.568926] localhost kernel: bochs-drm 0000:00:02.0: [drm] fb0: bochs-drmdrmfb frame buffer device
[    2.055920] localhost kernel: random: crng init done
[    2.849883] localhost kernel: raid6: sse2x4   gen() 12895 MB/s
[    2.866887] localhost kernel: raid6: sse2x2   gen()  2885 MB/s
[    2.883924] localhost kernel: raid6: sse2x1   gen()   899 MB/s
[    2.883964] localhost kernel: raid6: using algorithm sse2x4 gen() 12895 MB/s
[    2.900892] localhost kernel: raid6: .... xor() 3919 MB/s, rmw enabled
[    2.900929] localhost kernel: raid6: using ssse3x2 recovery algorithm
[    2.905304] localhost kernel: xor: measuring software checksum speed
[    2.905530] localhost kernel:    prefetch64-sse  : 16481 MB/sec
[    2.905773] localhost kernel:    generic_sse     : 14302 MB/sec
[    2.905790] localhost kernel: xor: using function: prefetch64-sse (16481 MB/sec)
[    2.907177] localhost kernel: async_tx: api initialized (async)
[    3.156939] localhost kernel: Btrfs loaded, zoned=yes, fsverity=yes
[    3.626531] localhost kernel: EXT4-fs (dm-0): mounted filesystem 78dfc1ab-05ce-40b9-a2f8-2f3e03168145 ro with ordered data mode. Quota mode: none.
[    3.740878] localhost kernel: workqueue: drm_fb_helper_damage_work hogged CPU for >10000us 4 times, consider switching to WQ_UNBOUND
root@eltex-practice2-v11:~# journalctl -b -o short-monotonic --no-pager | awk '$1 == "[" && ($2 + 0) < 20'journalctl -b -o short-monotonic --no-pager |
awk '$1 == "[" && ($2 + 0) >= 18 && ($2 + 0) <= 22journalctl -b -o short-monotonic --no-pager |
awk '$1 == "[" && ($2 + 0) >= 18 && ($2 + 0) <= 22'
root@eltex-practice2-v11:~# journalctl -b -o short-monotonic --no-pager |
awk '$1 == "[" && ($2 + 0) >= 18 && ($2 + 0) <= 22journalctl -b -o short-monotonic --no-pager |
awk '$1 == "[" && ($2 + 0) >= 18 && ($2 + 0) <= 2awk '$1 == "[" && ($2 + 0) >= 18 && ($2 + 0) <= 22'
 
root@eltex-practice2-v11:~# find auth.log
find: ŌĆśauth.logŌĆÖ: No such file or directory
root@eltex-practice2-v11:~# findfind / -type -namf -name 'auth.log'
/var/log/auth.log

:q

root@eltex-practice2-v11:~# 
root@eltex-practice2-v11:~# :q
:q: command not found
root@eltex-practice2-v11:~# 
root@eltex-practice2-v11:~# cat a/var/log/auth.log | head
2026-07-12T00:05:01.077784+00:00 localhost CRON[7298]: pam_unix(cron:session): session opened for user root(uid=0) by root(uid=0)
2026-07-12T00:05:01.245505+00:00 localhost CRON[7298]: pam_unix(cron:session): session closed for user root
2026-07-12T00:15:01.081862+00:00 localhost CRON[7320]: pam_unix(cron:session): session opened for user root(uid=0) by root(uid=0)
2026-07-12T00:15:01.082858+00:00 localhost CRON[7320]: pam_unix(cron:session): session closed for user root
2026-07-12T00:17:01.085003+00:00 localhost CRON[7324]: pam_unix(cron:session): session opened for user root(uid=0) by root(uid=0)
2026-07-12T00:17:01.125433+00:00 localhost CRON[7324]: pam_unix(cron:session): session closed for user root
2026-07-12T00:25:01.089398+00:00 localhost CRON[7334]: pam_unix(cron:session): session opened for user root(uid=0) by root(uid=0)
2026-07-12T00:25:01.426516+00:00 localhost CRON[7334]: pam_unix(cron:session): session closed for user root
2026-07-12T00:35:01.093396+00:00 localhost CRON[7344]: pam_unix(cron:session): session opened for user root(uid=0) by root(uid=0)
2026-07-12T00:35:01.094367+00:00 localhost CRON[7344]: pam_unix(cron:session): session closed for user root
root@eltex-practice2-v11:~# awk '{ printf "%s", $ą░čēąfor (i = 5; i <= NF; i++) printf "%s%s", $i, (i < NF ? OFS : ORS)}' /var/log/auth.log | sed -E 's/^([^[:space:]\[]+)\[[0-9]+\]/ \1/' | sort -k1, ,1
: TTY=pts/1 ; PWD=/home/user1 ; USER=root ; COMMAND=/usr/bin/dmesg
: TTY=pts/1 ; PWD=/root ; USER=root ; COMMAND=/usr/bin/chmod g+rwx /opt/share
: TTY=pts/1 ; PWD=/root ; USER=root ; COMMAND=/usr/bin/chmod g+s /opt/share
: TTY=pts/1 ; PWD=/root ; USER=root ; COMMAND=/usr/bin/chmod +t /opt/share
: TTY=pts/1 ; PWD=/root ; USER=root ; COMMAND=/usr/bin/dmesg
: TTY=pts/1 ; PWD=/root ; USER=root ; COMMAND=/usr/bin/passwd user1
: TTY=pts/1 ; PWD=/root ; USER=root ; COMMAND=/usr/sbin/useradd -m -s /bin/bash user1
: TTY=pts/1 ; PWD=/root ; USER=root ; COMMAND=/usr/sbin/visudo -c
: TTY=pts/1 ; PWD=/root ; USER=root ; COMMAND=/usr/sbin/visudo -f /etc/sudoers.d/user1-dmesg
535 logged out. Waiting for processes to exit.
538 logged out. Waiting for processes to exit.
added to /etc/group: name=practice2_group, GID=1004
added to /etc/group: name=user2, GID=1002
added to /etc/group: name=user3, GID=1003
added to /etc/gshadow: name=practice2_group
added to /etc/gshadow: name=user2
added to /etc/gshadow: name=user3
disconnect from 172.16.8.4 port 39334:11: disconnected by user
disconnect from 172.16.8.4 port 40522:11: disconnected by user
from user root 172.16.8.4 port 39334
from user root 172.16.8.4 port 40522
group 'user1' owned by 'user1'
group 'user2' owned by 'user2'
group 'user3' owned by 'user3'
group: name=practice2_group, GID=1004
group: name=user1, GID=1001
group: name=user2, GID=1002
group: name=user3, GID=1003
login by root (UID: 1003) on /dev/pts/1
login by root (UID: 1003) on /dev/pts/1
of group users set by root to user2
of group users set by root to user2,user3
password changed for user1
password changed for user2
password changed for user3
password expiry for user1
password expiry for user2
password expiry for user3
'practice2_group' removed
'practice2_group' removed from /etc/group
'practice2_group' removed from /etc/gshadow
publickey for root from 172.16.8.4 port 39334 ssh2: RSA SHA256:GjlMOgLVZPHYqckndrfe5KB5qjPKooGFNxzeREc2z+8
publickey for root from 172.16.8.4 port 40522 ssh2: RSA SHA256:GjlMOgLVZPHYqckndrfe5KB5qjPKooGFNxzeREc2z+8
publickey for root from 172.16.8.4 port 52636 ssh2: RSA SHA256:GjlMOgLVZPHYqckndrfe5KB5qjPKooGFNxzeREc2z+8
session 535.
session 535 of user root.
session 538.
session 538 of user root.
session 543 of user root.
session closed for user root
session closed for user root
session closed for user root
session closed for user root
session closed for user root
session closed for user root
session closed for user root
session closed for user root
session closed for user root
session closed for user root
session closed for user root
session closed for user root
session closed for user root
session closed for user root
session closed for user root
session closed for user root
session closed for user root
session closed for user root
session closed for user root
session closed for user root
session closed for user root
session closed for user root
session closed for user root
session closed for user root
session closed for user root
session closed for user root
session closed for user root
session closed for user root
session closed for user root
session closed for user root
session closed for user root
session closed for user root
session closed for user root
session closed for user root
session closed for user root
session closed for user root
session closed for user root
session closed for user root
session closed for user root
session closed for user root
session closed for user root
session closed for user root
session closed for user root
session closed for user root
session closed for user root
session closed for user root
session closed for user root
session closed for user root
session closed for user root
session closed for user root
session closed for user root
session closed for user root
session closed for user root
session closed for user root
session closed for user root
session closed for user root
session closed for user root
session closed for user root
session closed for user root
session closed for user root
session closed for user root
session closed for user root
session closed for user root
session closed for user root
session closed for user root
session closed for user root
session closed for user root
session closed for user root
session closed for user root
session closed for user root
session closed for user root
session closed for user root
session closed for user root
session closed for user root
session closed for user root
session closed for user root
session closed for user root
session closed for user root
session closed for user root
session closed for user root
session closed for user root
session closed for user root
session closed for user root
session closed for user root
session closed for user root
session closed for user root
session closed for user root
session closed for user root
session closed for user root
session closed for user root
session closed for user root
session closed for user root
session closed for user root
session closed for user root
session closed for user root
session closed for user root
session closed for user root
session closed for user root
session closed for user root
session closed for user root
session closed for user root
session closed for user root
session closed for user root
session closed for user root
session closed for user root
session closed for user root
session closed for user root
session closed for user root
session closed for user root
session closed for user root
session closed for user root
session closed for user root
session closed for user root
session closed for user root
session closed for user root
session closed for user root
session closed for user root
session closed for user root
session closed for user root
session closed for user root
session closed for user root
session closed for user root
session closed for user root
session closed for user root
session closed for user root
session closed for user root
session closed for user root
session closed for user root
session closed for user root
session closed for user root
session closed for user root
session closed for user root
session closed for user root
session closed for user root
session closed for user root
session closed for user root
session closed for user root
session closed for user root
session closed for user root
session closed for user root
session closed for user root
session closed for user root
session closed for user root
session closed for user root
session closed for user root
session closed for user root
session closed for user root
session closed for user root
session closed for user root
session closed for user root
session closed for user root
session closed for user root
session closed for user root
session closed for user root
session closed for user root
session closed for user root
session closed for user root
session closed for user root
session closed for user root
session closed for user root
session closed for user root
session closed for user root
session closed for user root
session closed for user root
session closed for user root
session closed for user root
session closed for user root
session closed for user root
session closed for user root
session closed for user root
session closed for user root
session closed for user root
session closed for user root
session closed for user root
session closed for user root
session closed for user root
session closed for user root
session closed for user root
session closed for user root
session closed for user root
session closed for user root
session closed for user root
session closed for user root
session closed for user root
session closed for user root
session closed for user root
session closed for user root
session closed for user root
session closed for user root
session closed for user root
session closed for user root
session closed for user root
session closed for user root
session closed for user root
session closed for user root
session closed for user root
session closed for user root
session closed for user root
session closed for user root
session closed for user root
session closed for user root
session closed for user root
session closed for user root
session closed for user root
session closed for user root
session closed for user root
session closed for user root
session closed for user root
session closed for user root
session closed for user root
session closed for user root
session closed for user root
session closed for user root
session closed for user root
session closed for user root
session closed for user root
session closed for user root
session closed for user root
session closed for user root
session closed for user root
session closed for user root
session closed for user root
session closed for user root
session closed for user root
session closed for user root
session closed for user root
session closed for user root
session closed for user root
session closed for user root
session closed for user root
session closed for user root
session closed for user root
session closed for user root
session closed for user root
session closed for user root
session closed for user root
session closed for user root
session closed for user root
session closed for user root
session closed for user root
session closed for user root
session closed for user root
session closed for user root
session closed for user user1
session closed for user user1
session closed for user user1
session closed for user user1
session closed for user user1
session closed for user user1
session closed for user user1
session closed for user user2
session closed for user user2
session closed for user user2
session closed for user user2
session closed for user user2
session closed for user user2
session closed for user user3
session closed for user user3
session closed for user user3
session closed for user user3
session closed for user user3
session closed for user user3
session opened for user root(uid=0) by root(uid=0)
session opened for user root(uid=0) by root(uid=0)
session opened for user root(uid=0) by root(uid=0)
session opened for user root(uid=0) by root(uid=0)
session opened for user root(uid=0) by root(uid=0)
session opened for user root(uid=0) by root(uid=0)
session opened for user root(uid=0) by root(uid=0)
session opened for user root(uid=0) by root(uid=0)
session opened for user root(uid=0) by root(uid=0)
session opened for user root(uid=0) by root(uid=0)
session opened for user root(uid=0) by root(uid=0)
session opened for user root(uid=0) by root(uid=0)
session opened for user root(uid=0) by root(uid=0)
session opened for user root(uid=0) by root(uid=0)
session opened for user root(uid=0) by root(uid=0)
session opened for user root(uid=0) by root(uid=0)
session opened for user root(uid=0) by root(uid=0)
session opened for user root(uid=0) by root(uid=0)
session opened for user root(uid=0) by root(uid=0)
session opened for user root(uid=0) by root(uid=0)
session opened for user root(uid=0) by root(uid=0)
session opened for user root(uid=0) by root(uid=0)
session opened for user root(uid=0) by root(uid=0)
session opened for user root(uid=0) by root(uid=0)
session opened for user root(uid=0) by root(uid=0)
session opened for user root(uid=0) by root(uid=0)
session opened for user root(uid=0) by root(uid=0)
session opened for user root(uid=0) by root(uid=0)
session opened for user root(uid=0) by root(uid=0)
session opened for user root(uid=0) by root(uid=0)
session opened for user root(uid=0) by root(uid=0)
session opened for user root(uid=0) by root(uid=0)
session opened for user root(uid=0) by root(uid=0)
session opened for user root(uid=0) by root(uid=0)
session opened for user root(uid=0) by root(uid=0)
session opened for user root(uid=0) by root(uid=0)
session opened for user root(uid=0) by root(uid=0)
session opened for user root(uid=0) by root(uid=0)
session opened for user root(uid=0) by root(uid=0)
session opened for user root(uid=0) by root(uid=0)
session opened for user root(uid=0) by root(uid=0)
session opened for user root(uid=0) by root(uid=0)
session opened for user root(uid=0) by root(uid=0)
session opened for user root(uid=0) by root(uid=0)
session opened for user root(uid=0) by root(uid=0)
session opened for user root(uid=0) by root(uid=0)
session opened for user root(uid=0) by root(uid=0)
session opened for user root(uid=0) by root(uid=0)
session opened for user root(uid=0) by root(uid=0)
session opened for user root(uid=0) by root(uid=0)
session opened for user root(uid=0) by root(uid=0)
session opened for user root(uid=0) by root(uid=0)
session opened for user root(uid=0) by root(uid=0)
session opened for user root(uid=0) by root(uid=0)
session opened for user root(uid=0) by root(uid=0)
session opened for user root(uid=0) by root(uid=0)
session opened for user root(uid=0) by root(uid=0)
session opened for user root(uid=0) by root(uid=0)
session opened for user root(uid=0) by root(uid=0)
session opened for user root(uid=0) by root(uid=0)
session opened for user root(uid=0) by root(uid=0)
session opened for user root(uid=0) by root(uid=0)
session opened for user root(uid=0) by root(uid=0)
session opened for user root(uid=0) by root(uid=0)
session opened for user root(uid=0) by root(uid=0)
session opened for user root(uid=0) by root(uid=0)
session opened for user root(uid=0) by root(uid=0)
session opened for user root(uid=0) by root(uid=0)
session opened for user root(uid=0) by root(uid=0)
session opened for user root(uid=0) by root(uid=0)
session opened for user root(uid=0) by root(uid=0)
session opened for user root(uid=0) by root(uid=0)
session opened for user root(uid=0) by root(uid=0)
session opened for user root(uid=0) by root(uid=0)
session opened for user root(uid=0) by root(uid=0)
session opened for user root(uid=0) by root(uid=0)
session opened for user root(uid=0) by root(uid=0)
session opened for user root(uid=0) by root(uid=0)
session opened for user root(uid=0) by root(uid=0)
session opened for user root(uid=0) by root(uid=0)
session opened for user root(uid=0) by root(uid=0)
session opened for user root(uid=0) by root(uid=0)
session opened for user root(uid=0) by root(uid=0)
session opened for user root(uid=0) by root(uid=0)
session opened for user root(uid=0) by root(uid=0)
session opened for user root(uid=0) by root(uid=0)
session opened for user root(uid=0) by root(uid=0)
session opened for user root(uid=0) by root(uid=0)
session opened for user root(uid=0) by root(uid=0)
session opened for user root(uid=0) by root(uid=0)
session opened for user root(uid=0) by root(uid=0)
session opened for user root(uid=0) by root(uid=0)
session opened for user root(uid=0) by root(uid=0)
session opened for user root(uid=0) by root(uid=0)
session opened for user root(uid=0) by root(uid=0)
session opened for user root(uid=0) by root(uid=0)
session opened for user root(uid=0) by root(uid=0)
session opened for user root(uid=0) by root(uid=0)
session opened for user root(uid=0) by root(uid=0)
session opened for user root(uid=0) by root(uid=0)
session opened for user root(uid=0) by root(uid=0)
session opened for user root(uid=0) by root(uid=0)
session opened for user root(uid=0) by root(uid=0)
session opened for user root(uid=0) by root(uid=0)
session opened for user root(uid=0) by root(uid=0)
session opened for user root(uid=0) by root(uid=0)
session opened for user root(uid=0) by root(uid=0)
session opened for user root(uid=0) by root(uid=0)
session opened for user root(uid=0) by root(uid=0)
session opened for user root(uid=0) by root(uid=0)
session opened for user root(uid=0) by root(uid=0)
session opened for user root(uid=0) by root(uid=0)
session opened for user root(uid=0) by root(uid=0)
session opened for user root(uid=0) by root(uid=0)
session opened for user root(uid=0) by root(uid=0)
session opened for user root(uid=0) by root(uid=0)
session opened for user root(uid=0) by root(uid=0)
session opened for user root(uid=0) by root(uid=0)
session opened for user root(uid=0) by root(uid=0)
session opened for user root(uid=0) by root(uid=0)
session opened for user root(uid=0) by root(uid=0)
session opened for user root(uid=0) by root(uid=0)
session opened for user root(uid=0) by root(uid=0)
session opened for user root(uid=0) by root(uid=0)
session opened for user root(uid=0) by root(uid=0)
session opened for user root(uid=0) by root(uid=0)
session opened for user root(uid=0) by root(uid=0)
session opened for user root(uid=0) by root(uid=0)
session opened for user root(uid=0) by root(uid=0)
session opened for user root(uid=0) by root(uid=0)
session opened for user root(uid=0) by root(uid=0)
session opened for user root(uid=0) by root(uid=0)
session opened for user root(uid=0) by root(uid=0)
session opened for user root(uid=0) by root(uid=0)
session opened for user root(uid=0) by root(uid=0)
session opened for user root(uid=0) by root(uid=0)
session opened for user root(uid=0) by root(uid=0)
session opened for user root(uid=0) by root(uid=0)
session opened for user root(uid=0) by root(uid=0)
session opened for user root(uid=0) by root(uid=0)
session opened for user root(uid=0) by root(uid=0)
session opened for user root(uid=0) by root(uid=0)
session opened for user root(uid=0) by root(uid=0)
session opened for user root(uid=0) by root(uid=0)
session opened for user root(uid=0) by root(uid=0)
session opened for user root(uid=0) by root(uid=0)
session opened for user root(uid=0) by root(uid=0)
session opened for user root(uid=0) by root(uid=0)
session opened for user root(uid=0) by root(uid=0)
session opened for user root(uid=0) by root(uid=0)
session opened for user root(uid=0) by root(uid=0)
session opened for user root(uid=0) by root(uid=0)
session opened for user root(uid=0) by root(uid=0)
session opened for user root(uid=0) by root(uid=0)
session opened for user root(uid=0) by root(uid=0)
session opened for user root(uid=0) by root(uid=0)
session opened for user root(uid=0) by root(uid=0)
session opened for user root(uid=0) by root(uid=0)
session opened for user root(uid=0) by root(uid=0)
session opened for user root(uid=0) by root(uid=0)
session opened for user root(uid=0) by root(uid=0)
session opened for user root(uid=0) by root(uid=0)
session opened for user root(uid=0) by root(uid=0)
session opened for user root(uid=0) by root(uid=0)
session opened for user root(uid=0) by root(uid=0)
session opened for user root(uid=0) by root(uid=0)
session opened for user root(uid=0) by root(uid=0)
session opened for user root(uid=0) by root(uid=0)
session opened for user root(uid=0) by root(uid=0)
session opened for user root(uid=0) by root(uid=0)
session opened for user root(uid=0) by root(uid=0)
session opened for user root(uid=0) by root(uid=0)
session opened for user root(uid=0) by root(uid=0)
session opened for user root(uid=0) by root(uid=0)
session opened for user root(uid=0) by root(uid=0)
session opened for user root(uid=0) by root(uid=0)
session opened for user root(uid=0) by root(uid=0)
session opened for user root(uid=0) by root(uid=0)
session opened for user root(uid=0) by root(uid=0)
session opened for user root(uid=0) by root(uid=0)
session opened for user root(uid=0) by root(uid=0)
session opened for user root(uid=0) by root(uid=0)
session opened for user root(uid=0) by root(uid=0)
session opened for user root(uid=0) by root(uid=0)
session opened for user root(uid=0) by root(uid=0)
session opened for user root(uid=0) by root(uid=0)
session opened for user root(uid=0) by root(uid=0)
session opened for user root(uid=0) by root(uid=0)
session opened for user root(uid=0) by root(uid=0)
session opened for user root(uid=0) by root(uid=0)
session opened for user root(uid=0) by root(uid=0)
session opened for user root(uid=0) by root(uid=0)
session opened for user root(uid=0) by root(uid=0)
session opened for user root(uid=0) by root(uid=0)
session opened for user root(uid=0) by root(uid=0)
session opened for user root(uid=0) by root(uid=0)
session opened for user root(uid=0) by root(uid=0)
session opened for user root(uid=0) by root(uid=0)
session opened for user root(uid=0) by root(uid=0)
session opened for user root(uid=0) by root(uid=0)
session opened for user root(uid=0) by root(uid=0)
session opened for user root(uid=0) by root(uid=0)
session opened for user root(uid=0) by root(uid=0)
session opened for user root(uid=0) by root(uid=0)
session opened for user root(uid=0) by root(uid=0)
session opened for user root(uid=0) by root(uid=0)
session opened for user root(uid=0) by root(uid=0)
session opened for user root(uid=0) by root(uid=0)
session opened for user root(uid=0) by root(uid=0)
session opened for user root(uid=0) by root(uid=0)
session opened for user root(uid=0) by root(uid=0)
session opened for user root(uid=0) by root(uid=0)
session opened for user root(uid=0) by root(uid=0)
session opened for user root(uid=0) by root(uid=0)
session opened for user root(uid=0) by root(uid=0)
session opened for user root(uid=0) by root(uid=0)
session opened for user root(uid=0) by root(uid=0)
session opened for user root(uid=0) by root(uid=0)
session opened for user root(uid=0) by root(uid=0)
session opened for user root(uid=0) by root(uid=0)
session opened for user root(uid=0) by root(uid=0)
session opened for user root(uid=0) by root(uid=0)
session opened for user root(uid=0) by root(uid=0)
session opened for user root(uid=0) by root(uid=0)
session opened for user root(uid=0) by root(uid=0)
session opened for user root(uid=0) by root(uid=0)
session opened for user root(uid=0) by root(uid=0)
session opened for user root(uid=0) by root(uid=0)
session opened for user root(uid=0) by root(uid=0)
session opened for user root(uid=0) by root(uid=0)
session opened for user root(uid=0) by root(uid=0)
session opened for user root(uid=0) by root(uid=0)
session opened for user root(uid=0) by root(uid=0)
session opened for user root(uid=0) by root(uid=0)
session opened for user root(uid=0) by root(uid=0)
session opened for user root(uid=0) by root(uid=0)
session opened for user root(uid=0) by root(uid=0)
session opened for user root(uid=0) by root(uid=0)
session opened for user root(uid=0) by root(uid=0)
session opened for user root(uid=0) by root(uid=0)
session opened for user root(uid=0) by root(uid=0)
session opened for user root(uid=0) by root(uid=0)
session opened for user root(uid=0) by root(uid=0)
session opened for user root(uid=0) by root(uid=0)
session opened for user root(uid=0) by root(uid=0)
session opened for user root(uid=0) by root(uid=1001)
session opened for user user1(uid=1001) by root(uid=0)
session opened for user user1(uid=1001) by root(uid=0)
session opened for user user1(uid=1001) by root(uid=0)
session opened for user user1(uid=1001) by root(uid=0)
session opened for user user1(uid=1001) by root(uid=0)
session opened for user user1(uid=1001) by root(uid=0)
session opened for user user1(uid=1001) by root(uid=0)
session opened for user user2(uid=1002) by root(uid=0)
session opened for user user2(uid=1002) by root(uid=0)
session opened for user user2(uid=1002) by root(uid=0)
session opened for user user2(uid=1002) by root(uid=0)
session opened for user user2(uid=1002) by root(uid=0)
session opened for user user2(uid=1002) by root(uid=0)
session opened for user user3(uid=1003) by root(uid=0)
session opened for user user3(uid=1003) by root(uid=0)
session opened for user user3(uid=1003) by root(uid=0)
session opened for user user3(uid=1003) by root(uid=0)
session opened for user user3(uid=1003) by root(uid=0)
session opened for user user3(uid=1003) by root(uid=0)
shadow group 'user1' owned by 'user1'
shadow group 'user2' owned by 'user2'
shadow group 'user3' owned by 'user3'
user 'user1'
user 'user2'
user 'user2' information
user 'user3'
user 'user3' information
user 'user3' shell from '/bin/bash' to '/usr/sbin/nologin'
user: name=user1, UID=1001, GID=1001, home=/home/user1, shell=/bin/bash, from=/dev/pts/2
user: name=user2, UID=1002, GID=1002, home=/home/user2, shell=/bin/bash, from=/dev/pts/1
user: name=user3, UID=1003, GID=1003, home=/home/user3, shell=/bin/bash, from=/dev/pts/1
'user1' from group 'practice2_group'
'user1' from shadow group 'practice2_group'
'user1' to group 'practice2_group'
'user1' to shadow group 'practice2_group'
user1) root on pts/1
user1) root on pts/1
user1) root on pts/1
user1) root on pts/1
user1) root on pts/1
user1) root on pts/1
user1) root on pts/1
'user2' from group 'practice2_group'
'user2' from group 'users'
'user2' from shadow group 'practice2_group'
'user2' from shadow group 'users'
'user2' to group 'practice2_group'
'user2' to shadow group 'practice2_group'
user2) root on pts/1
user2) root on pts/1
user2) root on pts/1
user2) root on pts/1
user2) root on pts/1
user2) root on pts/1
'user3' from group 'practice2_group'
'user3' from group 'users'
'user3' from shadow group 'practice2_group'
'user3' from shadow group 'users'
'user3' to group 'practice2_group'
'user3' to shadow group 'practice2_group'
user3) root on pts/1
user3) root on pts/1
user3) root on pts/1
user3) root on pts/1
user3) root on pts/1
user3) root on pts/1
root@eltex-practice2-v11:~# awk '{ for (i = 5; i <= NF; i++) printf "%s%s", $i, (i < NF ? OFS : ORS)}' /var/log/auth.log | sed -E 's/^([^[:space:]\[]+)\[[0-9]+\]/\1/' | sort -k1,1
awk '{ for (i = 5; i <= NF; i++) printf "%s%s", $i, (i < NF ? OFS : ORS)}' /var/log/auth.log | sed -E 's/^([^[:space:]\[]+)\[[0-9]+\]/\1/' | sort -k1,1
awk '{ for (i = 5; i <= NF; i++) printf "%s%s", $i, (i < NF ? OFS : ORS)}' /var/log/auth.log | sed -E 's/^([^[:space:]\[]+)\[[0-9]+\]/\1/' | sort -k1,1cat /var/log/auth.log | head

2026-07-12T00:05:01.077784+00:00 localhost CRON[7298]: pam_unix(cron:session): session opened for user root(uid=0) by root(uid=0)
2026-07-12T00:05:01.245505+00:00 localhost CRON[7298]: pam_unix(cron:session): session closed for user root
2026-07-12T00:15:01.081862+00:00 localhost CRON[7320]: pam_unix(cron:session): session opened for user root(uid=0) by root(uid=0)
2026-07-12T00:15:01.082858+00:00 localhost CRON[7320]: pam_unix(cron:session): session closed for user root
2026-07-12T00:17:01.085003+00:00 localhost CRON[7324]: pam_unix(cron:session): session opened for user root(uid=0) by root(uid=0)
2026-07-12T00:17:01.125433+00:00 localhost CRON[7324]: pam_unix(cron:session): session closed for user root
2026-07-12T00:25:01.089398+00:00 localhost CRON[7334]: pam_unix(cron:session): session opened for user root(uid=0) by root(uid=0)
2026-07-12T00:25:01.426516+00:00 localhost CRON[7334]: pam_unix(cron:session): session closed for user root
2026-07-12T00:35:01.093396+00:00 localhost CRON[7344]: pam_unix(cron:session): session opened for user root(uid=0) by root(uid=0)
2026-07-12T00:35:01.094367+00:00 localhost CRON[7344]: pam_unix(cron:session): session closed for user root
root@eltex-practice2-v11:~# awk '{for (i=3; i<=NF; i++) printf "%s%s", $i, (i<NF ? OFS : ORS)}' /var/log/auth.log |
sed -E 's/^([^[:space:]\[]+)\[[0-9]+\]/\1/' |
sort -k1,1awk '{for (i=3; i<=NF; i++) printf "%s%s", $i, (i<NF ? OFS : ORS)}' /var/log/auth.log |
sed -E 's/^([^[:space:]\[]+)\[[0-9]+\]/\1/' |
sort -k1,1
chage: changed password expiry for user1
chage: changed password expiry for user2
chage: changed password expiry for user3
chfn: changed user 'user2' information
chfn: changed user 'user3' information
CRON: pam_unix(cron:session): session closed for user root
CRON: pam_unix(cron:session): session closed for user root
CRON: pam_unix(cron:session): session closed for user root
CRON: pam_unix(cron:session): session closed for user root
CRON: pam_unix(cron:session): session closed for user root
CRON: pam_unix(cron:session): session closed for user root
CRON: pam_unix(cron:session): session closed for user root
CRON: pam_unix(cron:session): session closed for user root
CRON: pam_unix(cron:session): session closed for user root
CRON: pam_unix(cron:session): session closed for user root
CRON: pam_unix(cron:session): session closed for user root
CRON: pam_unix(cron:session): session closed for user root
CRON: pam_unix(cron:session): session closed for user root
CRON: pam_unix(cron:session): session closed for user root
CRON: pam_unix(cron:session): session closed for user root
CRON: pam_unix(cron:session): session closed for user root
CRON: pam_unix(cron:session): session closed for user root
CRON: pam_unix(cron:session): session closed for user root
CRON: pam_unix(cron:session): session closed for user root
CRON: pam_unix(cron:session): session closed for user root
CRON: pam_unix(cron:session): session closed for user root
CRON: pam_unix(cron:session): session closed for user root
CRON: pam_unix(cron:session): session closed for user root
CRON: pam_unix(cron:session): session closed for user root
CRON: pam_unix(cron:session): session closed for user root
CRON: pam_unix(cron:session): session closed for user root
CRON: pam_unix(cron:session): session closed for user root
CRON: pam_unix(cron:session): session closed for user root
CRON: pam_unix(cron:session): session closed for user root
CRON: pam_unix(cron:session): session closed for user root
CRON: pam_unix(cron:session): session closed for user root
CRON: pam_unix(cron:session): session closed for user root
CRON: pam_unix(cron:session): session closed for user root
CRON: pam_unix(cron:session): session closed for user root
CRON: pam_unix(cron:session): session closed for user root
CRON: pam_unix(cron:session): session closed for user root
CRON: pam_unix(cron:session): session closed for user root
CRON: pam_unix(cron:session): session closed for user root
CRON: pam_unix(cron:session): session closed for user root
CRON: pam_unix(cron:session): session closed for user root
CRON: pam_unix(cron:session): session closed for user root
CRON: pam_unix(cron:session): session closed for user root
CRON: pam_unix(cron:session): session closed for user root
CRON: pam_unix(cron:session): session closed for user root
CRON: pam_unix(cron:session): session closed for user root
CRON: pam_unix(cron:session): session closed for user root
CRON: pam_unix(cron:session): session closed for user root
CRON: pam_unix(cron:session): session closed for user root
CRON: pam_unix(cron:session): session closed for user root
CRON: pam_unix(cron:session): session closed for user root
CRON: pam_unix(cron:session): session closed for user root
CRON: pam_unix(cron:session): session closed for user root
CRON: pam_unix(cron:session): session closed for user root
CRON: pam_unix(cron:session): session closed for user root
CRON: pam_unix(cron:session): session closed for user root
CRON: pam_unix(cron:session): session closed for user root
CRON: pam_unix(cron:session): session closed for user root
CRON: pam_unix(cron:session): session closed for user root
CRON: pam_unix(cron:session): session closed for user root
CRON: pam_unix(cron:session): session closed for user root
CRON: pam_unix(cron:session): session closed for user root
CRON: pam_unix(cron:session): session closed for user root
CRON: pam_unix(cron:session): session closed for user root
CRON: pam_unix(cron:session): session closed for user root
CRON: pam_unix(cron:session): session closed for user root
CRON: pam_unix(cron:session): session closed for user root
CRON: pam_unix(cron:session): session closed for user root
CRON: pam_unix(cron:session): session closed for user root
CRON: pam_unix(cron:session): session closed for user root
CRON: pam_unix(cron:session): session closed for user root
CRON: pam_unix(cron:session): session closed for user root
CRON: pam_unix(cron:session): session closed for user root
CRON: pam_unix(cron:session): session closed for user root
CRON: pam_unix(cron:session): session closed for user root
CRON: pam_unix(cron:session): session closed for user root
CRON: pam_unix(cron:session): session closed for user root
CRON: pam_unix(cron:session): session closed for user root
CRON: pam_unix(cron:session): session closed for user root
CRON: pam_unix(cron:session): session closed for user root
CRON: pam_unix(cron:session): session closed for user root
